/Users/tedd/dev/mcuxpresso/FRDM_MCXA153_GPIO_and_SPI_freq_test/_r01lib_frdm_mcxa153/drivers/fsl_reset.h:196:20:RESET_ReleasePeripheralReset	16	static
/Users/tedd/dev/mcuxpresso/FRDM_MCXA153_GPIO_and_SPI_freq_test/_r01lib_frdm_mcxa153/drivers/fsl_clock.h:546:20:CLOCK_EnableClock	32	static
../board/clock_config.c:46:6:BOARD_InitBootClocks	8	static
../board/clock_config.c:85:6:BOARD_BootClockFRO12M	24	static
../board/clock_config.c:179:6:BOARD_BootClockFRO24M	24	static
../board/clock_config.c:286:6:BOARD_BootClockFRO48M	24	static
../board/clock_config.c:398:6:BOARD_BootClockFRO64M	24	static
../board/clock_config.c:512:6:BOARD_BootClockFRO96M	24	static
