/Users/tedd/dev/mcuxpresso/FRDM_MCXA153_GPIO_and_SPI_freq_test/_r01lib_frdm_mcxa153/drivers/fsl_clock.h:546:20:CLOCK_EnableClock	32	static
/Users/tedd/dev/mcuxpresso/FRDM_MCXA153_GPIO_and_SPI_freq_test/_r01lib_frdm_mcxa153/drivers/fsl_reset.h:196:20:RESET_ReleasePeripheralReset	16	static
/Users/tedd/dev/mcuxpresso/FRDM_MCXA153_GPIO_and_SPI_freq_test/_r01lib_frdm_mcxa153/drivers/fsl_port.h:360:20:PORT_SetPinConfig	32	static
/Users/tedd/dev/mcuxpresso/FRDM_MCXA153_GPIO_and_SPI_freq_test/_r01lib_frdm_mcxa153/drivers/fsl_port.h:463:20:PORT_SetPinMux	24	static
../board/pin_mux.c:58:6:BOARD_InitBootPins	8	static
../board/pin_mux.c:130:6:BOARD_InitPins	24	static
