/Applications/MCUXpressoIDE_25.6.136/ide/plugins/com.nxp.mcuxpresso.tools.macosx_25.6.0.202501151204/tools/arm-none-eabi/include/c++/14.2.1/arm-none-eabi/thumb/v8-m.main/nofp/bits/gthr-default.h:229:1:int __gthread_key_delete(__gthread_key_t)	16	static
../source/r01device/gpio/GPIO_NXP.cpp:11:1:GPIO_base::GPIO_base(I2C&, uint8_t, int, const uint8_t*, uint8_t)	32	static
../source/r01device/gpio/GPIO_NXP.cpp:21:1:GPIO_base::GPIO_base(SPI&, uint8_t, int, const uint8_t*, uint8_t)	32	static
../source/r01device/gpio/GPIO_NXP.cpp:31:6:void GPIO_base::init()	24	static
../source/r01device/gpio/GPIO_NXP.cpp:39:1:GPIO_base::~GPIO_base()	16	static
../source/r01device/gpio/GPIO_NXP.cpp:39:1:virtual GPIO_base::~GPIO_base()	16	static
../source/r01device/gpio/GPIO_NXP.cpp:43:6:virtual void GPIO_base::begin(board)	56	static
../source/r01device/gpio/GPIO_NXP.cpp:60:6:void GPIO_base::output(int, uint8_t, uint8_t)	32	static
../source/r01device/gpio/GPIO_NXP.cpp:68:6:void GPIO_base::output(const uint8_t*)	16	static
../source/r01device/gpio/GPIO_NXP.cpp:73:9:uint8_t GPIO_base::input(int)	16	static
../source/r01device/gpio/GPIO_NXP.cpp:78:10:uint8_t* GPIO_base::input(uint8_t*)	16	static
../source/r01device/gpio/GPIO_NXP.cpp:85:6:void GPIO_base::config(int, uint8_t, uint8_t)	32	static
../source/r01device/gpio/GPIO_NXP.cpp:93:6:void GPIO_base::config(const uint8_t*)	16	static
../source/r01device/gpio/GPIO_NXP.cpp:98:6:void GPIO_base::write_port(access_word, const uint8_t*)	40	static
../source/r01device/gpio/GPIO_NXP.cpp:109:6:void GPIO_base::write_port16(access_word, const uint16_t*)	72	dynamic
../source/r01device/gpio/GPIO_NXP.cpp:135:10:uint8_t* GPIO_base::read_port(access_word, uint8_t*)	40	static
../source/r01device/gpio/GPIO_NXP.cpp:148:12:uint16_t* GPIO_base::read_port16(access_word, uint16_t*)	48	static
../source/r01device/gpio/GPIO_NXP.cpp:173:6:void GPIO_base::write_port(access_word, uint8_t, int)	32	static
../source/r01device/gpio/GPIO_NXP.cpp:178:6:void GPIO_base::write_port16(access_word, uint16_t, int)	32	static
../source/r01device/gpio/GPIO_NXP.cpp:183:9:uint8_t GPIO_base::read_port(access_word, int)	24	static
../source/r01device/gpio/GPIO_NXP.cpp:188:10:uint16_t GPIO_base::read_port16(access_word, int)	24	static
../source/r01device/gpio/GPIO_NXP.cpp:193:6:static void GPIO_base::print_bin(uint8_t)	24	static
../source/r01device/gpio/GPIO_NXP.cpp:203:1:PCA9554::PCA9554(I2C&, uint8_t)	32	static
../source/r01device/gpio/GPIO_NXP.cpp:208:1:PCA9554::~PCA9554()	16	static
../source/r01device/gpio/GPIO_NXP.cpp:208:1:virtual PCA9554::~PCA9554()	16	static
../source/r01device/gpio/GPIO_NXP.cpp:216:1:PCA9555::PCA9555(I2C&, uint8_t)	32	static
../source/r01device/gpio/GPIO_NXP.cpp:221:1:PCA9555::~PCA9555()	16	static
../source/r01device/gpio/GPIO_NXP.cpp:221:1:virtual PCA9555::~PCA9555()	16	static
../source/r01device/gpio/GPIO_NXP.cpp:227:1:PCAL6xxx_base::PCAL6xxx_base(I2C&, uint8_t, int, const uint8_t*, uint8_t)	32	static
../source/r01device/gpio/GPIO_NXP.cpp:232:1:PCAL6xxx_base::~PCAL6xxx_base()	16	static
../source/r01device/gpio/GPIO_NXP.cpp:232:1:virtual PCAL6xxx_base::~PCAL6xxx_base()	16	static
../source/r01device/gpio/GPIO_NXP.cpp:239:1:PCAL6408A::PCAL6408A(I2C&, uint8_t)	32	static
../source/r01device/gpio/GPIO_NXP.cpp:244:1:PCAL6408A::~PCAL6408A()	16	static
../source/r01device/gpio/GPIO_NXP.cpp:244:1:virtual PCAL6408A::~PCAL6408A()	16	static
../source/r01device/gpio/GPIO_NXP.cpp:253:1:PCAL6416A::PCAL6416A(I2C&, uint8_t)	32	static
../source/r01device/gpio/GPIO_NXP.cpp:258:1:PCAL6416A::~PCAL6416A()	16	static
../source/r01device/gpio/GPIO_NXP.cpp:258:1:virtual PCAL6416A::~PCAL6416A()	16	static
../source/r01device/gpio/GPIO_NXP.cpp:267:1:PCAL6524::PCAL6524(I2C&, uint8_t)	32	static
../source/r01device/gpio/GPIO_NXP.cpp:272:1:PCAL6524::~PCAL6524()	16	static
../source/r01device/gpio/GPIO_NXP.cpp:272:1:virtual PCAL6524::~PCAL6524()	16	static
../source/r01device/gpio/GPIO_NXP.cpp:281:1:PCAL6534::PCAL6534(I2C&, uint8_t)	32	static
../source/r01device/gpio/GPIO_NXP.cpp:286:1:PCAL6534::~PCAL6534()	16	static
../source/r01device/gpio/GPIO_NXP.cpp:286:1:virtual PCAL6534::~PCAL6534()	16	static
../source/r01device/gpio/GPIO_NXP.cpp:295:1:PCAL97xx_base::PCAL97xx_base(SPI&, uint8_t, int, const uint8_t*, uint8_t)	32	static
../source/r01device/gpio/GPIO_NXP.cpp:300:1:PCAL97xx_base::~PCAL97xx_base()	16	static
../source/r01device/gpio/GPIO_NXP.cpp:300:1:virtual PCAL97xx_base::~PCAL97xx_base()	16	static
../source/r01device/gpio/GPIO_NXP.cpp:307:1:PCAL9722::PCAL9722(SPI&, uint8_t)	32	static
../source/r01device/gpio/GPIO_NXP.cpp:312:1:PCAL9722::~PCAL9722()	16	static
../source/r01device/gpio/GPIO_NXP.cpp:312:1:virtual PCAL9722::~PCAL9722()	16	static
../source/r01device/gpio/GPIO_NXP.cpp:316:6:virtual void PCAL9722::begin(GPIO_base::board)	40	static
/Applications/MCUXpressoIDE_25.6.136/ide/plugins/com.nxp.mcuxpresso.tools.macosx_25.6.0.202501151204/tools/arm-none-eabi/include/c++/14.2.1/bits/unique_ptr.h:235:40:std::__uniq_ptr_data<Serial_device, std::default_delete<Serial_device>, true, true>::__uniq_ptr_data(std::__uniq_ptr_impl<Serial_device, std::default_delete<Serial_device> >::pointer) [inherited from std::__uniq_ptr_impl<Serial_device, std::default_delete<Serial_device> >]	16	static
/Applications/MCUXpressoIDE_25.6.136/ide/plugins/com.nxp.mcuxpresso.tools.macosx_25.6.0.202501151204/tools/arm-none-eabi/include/c++/14.2.1/bits/unique_ptr.h:311:2:std::unique_ptr<_Tp, _Dp>::unique_ptr(pointer) [with _Del = std::default_delete<Serial_device>; <template-parameter-2-2> = void; _Tp = Serial_device; _Dp = std::default_delete<Serial_device>]	16	static
/Applications/MCUXpressoIDE_25.6.136/ide/plugins/com.nxp.mcuxpresso.tools.macosx_25.6.0.202501151204/tools/arm-none-eabi/include/c++/14.2.1/bits/unique_ptr.h:393:7:std::unique_ptr<_Tp, _Dp>::~unique_ptr() [with _Tp = Serial_device; _Dp = std::default_delete<Serial_device>]	32	static
/Applications/MCUXpressoIDE_25.6.136/ide/plugins/com.nxp.mcuxpresso.tools.macosx_25.6.0.202501151204/tools/arm-none-eabi/include/c++/14.2.1/bits/unique_ptr.h:455:7:std::unique_ptr<_Tp, _Dp>::pointer std::unique_ptr<_Tp, _Dp>::operator->() const [with _Tp = Serial_device; _Dp = std::default_delete<Serial_device>]	16	static
/Applications/MCUXpressoIDE_25.6.136/ide/plugins/com.nxp.mcuxpresso.tools.macosx_25.6.0.202501151204/tools/arm-none-eabi/include/c++/14.2.1/bits/unique_ptr.h:170:7:std::__uniq_ptr_impl<_Tp, _Dp>::__uniq_ptr_impl(pointer) [with _Tp = Serial_device; _Dp = std::default_delete<Serial_device>]	24	static
/Applications/MCUXpressoIDE_25.6.136/ide/plugins/com.nxp.mcuxpresso.tools.macosx_25.6.0.202501151204/tools/arm-none-eabi/include/c++/14.2.1/bits/unique_ptr.h:191:18:std::__uniq_ptr_impl<_Tp, _Dp>::pointer& std::__uniq_ptr_impl<_Tp, _Dp>::_M_ptr() [with _Tp = Serial_device; _Dp = std::default_delete<Serial_device>]	16	static
/Applications/MCUXpressoIDE_25.6.136/ide/plugins/com.nxp.mcuxpresso.tools.macosx_25.6.0.202501151204/tools/arm-none-eabi/include/c++/14.2.1/bits/unique_ptr.h:470:7:std::unique_ptr<_Tp, _Dp>::deleter_type& std::unique_ptr<_Tp, _Dp>::get_deleter() [with _Tp = Serial_device; _Dp = std::default_delete<Serial_device>]	16	static
/Applications/MCUXpressoIDE_25.6.136/ide/plugins/com.nxp.mcuxpresso.tools.macosx_25.6.0.202501151204/tools/arm-none-eabi/include/c++/14.2.1/bits/move.h:127:5:constexpr typename std::remove_reference<_Tp>::type&& std::move(_Tp&&) [with _Tp = Serial_device*&]	16	static
/Applications/MCUXpressoIDE_25.6.136/ide/plugins/com.nxp.mcuxpresso.tools.macosx_25.6.0.202501151204/tools/arm-none-eabi/include/c++/14.2.1/bits/unique_ptr.h:87:7:void std::default_delete<_Tp>::operator()(_Tp*) const [with _Tp = Serial_device]	16	static
/Applications/MCUXpressoIDE_25.6.136/ide/plugins/com.nxp.mcuxpresso.tools.macosx_25.6.0.202501151204/tools/arm-none-eabi/include/c++/14.2.1/bits/unique_ptr.h:464:7:std::unique_ptr<_Tp, _Dp>::pointer std::unique_ptr<_Tp, _Dp>::get() const [with _Tp = Serial_device; _Dp = std::default_delete<Serial_device>]	16	static
/Applications/MCUXpressoIDE_25.6.136/ide/plugins/com.nxp.mcuxpresso.tools.macosx_25.6.0.202501151204/tools/arm-none-eabi/include/c++/14.2.1/tuple:964:7:) [with _Elements = {Serial_device*, std::default_delete<Serial_device>}]	16	static
/Applications/MCUXpressoIDE_25.6.136/ide/plugins/com.nxp.mcuxpresso.tools.macosx_25.6.0.202501151204/tools/arm-none-eabi/include/c++/14.2.1/tuple:2443:5:>&) [with unsigned int __i = 0; _Elements = {Serial_device*, default_delete<Serial_device>}]	16	static
/Applications/MCUXpressoIDE_25.6.136/ide/plugins/com.nxp.mcuxpresso.tools.macosx_25.6.0.202501151204/tools/arm-none-eabi/include/c++/14.2.1/bits/unique_ptr.h:195:18:_Dp& std::__uniq_ptr_impl<_Tp, _Dp>::_M_deleter() [with _Tp = Serial_device; _Dp = std::default_delete<Serial_device>]	16	static
/Applications/MCUXpressoIDE_25.6.136/ide/plugins/com.nxp.mcuxpresso.tools.macosx_25.6.0.202501151204/tools/arm-none-eabi/include/c++/14.2.1/bits/unique_ptr.h:193:18:std::__uniq_ptr_impl<_Tp, _Dp>::pointer std::__uniq_ptr_impl<_Tp, _Dp>::_M_ptr() const [with _Tp = Serial_device; _Dp = std::default_delete<Serial_device>]	16	static
/Applications/MCUXpressoIDE_25.6.136/ide/plugins/com.nxp.mcuxpresso.tools.macosx_25.6.0.202501151204/tools/arm-none-eabi/include/c++/14.2.1/tuple:304:17:>::_Tuple_impl() [with unsigned int _Idx = 0; _Head = Serial_device*; _Tail = {std::default_delete<Serial_device>}]	16	static
/Applications/MCUXpressoIDE_25.6.136/ide/plugins/com.nxp.mcuxpresso.tools.macosx_25.6.0.202501151204/tools/arm-none-eabi/include/c++/14.2.1/tuple:2427:5:>&) [with unsigned int __i = 0; _Head = Serial_device*; _Tail = {default_delete<Serial_device>}]	16	static
/Applications/MCUXpressoIDE_25.6.136/ide/plugins/com.nxp.mcuxpresso.tools.macosx_25.6.0.202501151204/tools/arm-none-eabi/include/c++/14.2.1/tuple:2443:5:>&) [with unsigned int __i = 1; _Elements = {Serial_device*, default_delete<Serial_device>}]	16	static
/Applications/MCUXpressoIDE_25.6.136/ide/plugins/com.nxp.mcuxpresso.tools.macosx_25.6.0.202501151204/tools/arm-none-eabi/include/c++/14.2.1/tuple:2449:5:>&) [with unsigned int __i = 0; _Elements = {Serial_device*, default_delete<Serial_device>}]	16	static
/Applications/MCUXpressoIDE_25.6.136/ide/plugins/com.nxp.mcuxpresso.tools.macosx_25.6.0.202501151204/tools/arm-none-eabi/include/c++/14.2.1/tuple:562:7:constexpr std::_Tuple_impl<_Idx, _Head>::_Tuple_impl() [with unsigned int _Idx = 1; _Head = std::default_delete<Serial_device>]	16	static
/Applications/MCUXpressoIDE_25.6.136/ide/plugins/com.nxp.mcuxpresso.tools.macosx_25.6.0.202501151204/tools/arm-none-eabi/include/c++/14.2.1/tuple:198:17:constexpr std::_Head_base<_Idx, _Head, false>::_Head_base() [with unsigned int _Idx = 0; _Head = Serial_device*]	16	static
/Applications/MCUXpressoIDE_25.6.136/ide/plugins/com.nxp.mcuxpresso.tools.macosx_25.6.0.202501151204/tools/arm-none-eabi/include/c++/14.2.1/tuple:293:7:>&) [with unsigned int _Idx = 0; _Head = Serial_device*; _Tail = {std::default_delete<Serial_device>}]	16	static
/Applications/MCUXpressoIDE_25.6.136/ide/plugins/com.nxp.mcuxpresso.tools.macosx_25.6.0.202501151204/tools/arm-none-eabi/include/c++/14.2.1/tuple:2427:5:>&) [with unsigned int __i = 1; _Head = default_delete<Serial_device>; _Tail = {}]	16	static
/Applications/MCUXpressoIDE_25.6.136/ide/plugins/com.nxp.mcuxpresso.tools.macosx_25.6.0.202501151204/tools/arm-none-eabi/include/c++/14.2.1/tuple:2432:5:>&) [with unsigned int __i = 0; _Head = Serial_device*; _Tail = {default_delete<Serial_device>}]	16	static
/Applications/MCUXpressoIDE_25.6.136/ide/plugins/com.nxp.mcuxpresso.tools.macosx_25.6.0.202501151204/tools/arm-none-eabi/include/c++/14.2.1/tuple:89:17:constexpr std::_Head_base<_Idx, _Head, true>::_Head_base() [with unsigned int _Idx = 1; _Head = std::default_delete<Serial_device>]	16	static
/Applications/MCUXpressoIDE_25.6.136/ide/plugins/com.nxp.mcuxpresso.tools.macosx_25.6.0.202501151204/tools/arm-none-eabi/include/c++/14.2.1/tuple:242:7:static constexpr _Head& std::_Head_base<_Idx, _Head, false>::_M_head(std::_Head_base<_Idx, _Head, false>&) [with unsigned int _Idx = 0; _Head = Serial_device*]	16	static
/Applications/MCUXpressoIDE_25.6.136/ide/plugins/com.nxp.mcuxpresso.tools.macosx_25.6.0.202501151204/tools/arm-none-eabi/include/c++/14.2.1/tuple:556:7:static constexpr _Head& std::_Tuple_impl<_Idx, _Head>::_M_head(std::_Tuple_impl<_Idx, _Head>&) [with unsigned int _Idx = 1; _Head = std::default_delete<Serial_device>]	16	static
/Applications/MCUXpressoIDE_25.6.136/ide/plugins/com.nxp.mcuxpresso.tools.macosx_25.6.0.202501151204/tools/arm-none-eabi/include/c++/14.2.1/tuple:296:7:>&) [with unsigned int _Idx = 0; _Head = Serial_device*; _Tail = {std::default_delete<Serial_device>}]	16	static
/Applications/MCUXpressoIDE_25.6.136/ide/plugins/com.nxp.mcuxpresso.tools.macosx_25.6.0.202501151204/tools/arm-none-eabi/include/c++/14.2.1/tuple:133:7:static constexpr _Head& std::_Head_base<_Idx, _Head, true>::_M_head(std::_Head_base<_Idx, _Head, true>&) [with unsigned int _Idx = 1; _Head = std::default_delete<Serial_device>]	16	static
/Applications/MCUXpressoIDE_25.6.136/ide/plugins/com.nxp.mcuxpresso.tools.macosx_25.6.0.202501151204/tools/arm-none-eabi/include/c++/14.2.1/tuple:245:7:static constexpr const _Head& std::_Head_base<_Idx, _Head, false>::_M_head(const std::_Head_base<_Idx, _Head, false>&) [with unsigned int _Idx = 0; _Head = Serial_device*]	16	static
