../drivers/fsl_clock.h:546:20:CLOCK_EnableClock	32	static
../drivers/fsl_clock.h:579:20:CLOCK_DisableClock	32	static
../drivers/fsl_reset.h:196:20:RESET_ReleasePeripheralReset	16	static
../drivers/fsl_pwm.c:67:24:PWM_GetComplementU16	16	static
../drivers/fsl_pwm.c:72:24:dutyCycleToReloadValue	16	static
../drivers/fsl_pwm.c:78:17:PWM_GetInstance	24	static
../drivers/fsl_pwm.c:104:13:PWM_SetPeriodRegister	32	static
../drivers/fsl_pwm.c:168:13:PWM_SetDutycycleRegister	32	static
../drivers/fsl_pwm.c:266:10:PWM_Init	32	static
../drivers/fsl_pwm.c:387:6:PWM_Deinit	16	static
../drivers/fsl_pwm.c:416:6:PWM_GetDefaultConfig	16	static
../drivers/fsl_pwm.c:470:10:PWM_SetupPwm	48	static
../drivers/fsl_pwm.c:589:10:PWM_SetupPwmPhaseShift	48	static
../drivers/fsl_pwm.c:680:6:PWM_UpdatePwmDutycycle	32	static
../drivers/fsl_pwm.c:708:6:PWM_UpdatePwmDutycycleHighAccuracy	32	static
../drivers/fsl_pwm.c:788:6:PWM_UpdatePwmPeriodAndDutycycle	32	static
../drivers/fsl_pwm.c:823:6:PWM_SetupInputCapture	32	static
../drivers/fsl_pwm.c:911:6:PWM_SetupFaultInputFilter	16	static
../drivers/fsl_pwm.c:935:6:PWM_SetupFaults	32	static
../drivers/fsl_pwm.c:1023:6:PWM_FaultDefaultConfig	16	static
../drivers/fsl_pwm.c:1051:6:PWM_SetupForceSignal	24	static
../drivers/fsl_pwm.c:1075:6:PWM_EnableInterrupts	24	static
../drivers/fsl_pwm.c:1091:6:PWM_DisableInterrupts	24	static
../drivers/fsl_pwm.c:1106:10:PWM_GetEnabledInterrupts	24	static
../drivers/fsl_pwm.c:1124:10:PWM_GetStatusFlags	24	static
../drivers/fsl_pwm.c:1142:6:PWM_ClearStatusFlags	32	static
../drivers/fsl_pwm.c:1168:10:PWM_SetOutputToIdle	24	static
../drivers/fsl_pwm.c:1259:9:PWM_GetPwmChannelState	16	static
../drivers/fsl_pwm.c:1271:6:PWM_SetClockMode	24	static
../drivers/fsl_pwm.c:1301:6:PWM_SetPwmForceOutputToZero	24	static
../drivers/fsl_pwm.c:1353:6:PWM_SetChannelOutput	24	static
../drivers/fsl_pwm.c:1436:10:PWM_SetPhaseDelay	24	static
