/Users/tedd/dev/mcuxpresso/FRDM_MCXA153_GPIO_and_SPI_freq_test/_r01lib_frdm_mcxa153/CMSIS/core_cm33.h:2390:22:__NVIC_EnableIRQ	16	static
../drivers/fsl_clock.h:546:20:CLOCK_EnableClock	32	static
../drivers/fsl_clock.h:579:20:CLOCK_DisableClock	32	static
../drivers/fsl_reset.h:196:20:RESET_ReleasePeripheralReset	16	static
../drivers/fsl_common_arm.h:570:24:EnableIRQ	24	static
../drivers/fsl_lpspi.h:528:20:LPSPI_Enable	16	static
../drivers/fsl_lpspi.h:563:24:LPSPI_GetStatusFlags	16	static
../drivers/fsl_lpspi.h:583:23:LPSPI_GetRxFifoSize	16	static
../drivers/fsl_lpspi.h:593:24:LPSPI_GetTxFifoCount	16	static
../drivers/fsl_lpspi.h:603:24:LPSPI_GetRxFifoCount	16	static
../drivers/fsl_lpspi.h:621:20:LPSPI_ClearStatusFlags	16	static
../drivers/fsl_lpspi.h:648:20:LPSPI_EnableInterrupts	16	static
../drivers/fsl_lpspi.h:663:20:LPSPI_DisableInterrupts	16	static
../drivers/fsl_lpspi.h:766:20:LPSPI_SetMasterSlaveMode	16	static
../drivers/fsl_lpspi.h:811:20:LPSPI_IsMaster	16	static
../drivers/fsl_lpspi.h:823:20:LPSPI_FlushFifo	16	static
../drivers/fsl_lpspi.h:872:20:LPSPI_SetFifoWatermarks	24	static
../drivers/fsl_lpspi.h:1017:20:LPSPI_WriteData	16	static
../drivers/fsl_lpspi.h:1031:24:LPSPI_ReadData	16	static
../drivers/fsl_lpspi.c:238:10:LPSPI_GetInstance	24	static
../drivers/fsl_lpspi.c:266:6:LPSPI_SetDummyData	24	static
../drivers/fsl_lpspi.c:279:6:LPSPI_MasterInit	32	static
../drivers/fsl_lpspi.c:361:6:LPSPI_MasterGetDefaultConfig	16	static
../drivers/fsl_lpspi.c:396:6:LPSPI_SlaveInit	24	static
../drivers/fsl_lpspi.c:452:6:LPSPI_SlaveGetDefaultConfig	16	static
../drivers/fsl_lpspi.c:477:6:LPSPI_Reset	16	static
../drivers/fsl_lpspi.c:493:6:LPSPI_Deinit	24	static
../drivers/fsl_lpspi.c:511:13:LPSPI_SetOnePcsPolarity	24	static
../drivers/fsl_lpspi.c:546:10:LPSPI_MasterSetBaudRate	64	static
../drivers/fsl_lpspi.c:658:6:LPSPI_MasterSetDelayScaler	32	static
../drivers/fsl_lpspi.c:731:10:LPSPI_MasterSetDelayTimes	192	static
../drivers/fsl_lpspi.c:854:6:LPSPI_MasterTransferCreateHandle	24	static
../drivers/fsl_lpspi.c:881:6:LPSPI_CheckTransferArgument	40	static
../drivers/fsl_lpspi.c:947:13:LPSPI_MasterTransferWriteAllTxData	64	static
../drivers/fsl_lpspi.c:1078:13:LPSPI_MasterTransferClearTCR	24	static
../drivers/fsl_lpspi.c:1099:13:LPSPI_MasterTransferReadDataInFifo	32	static
../drivers/fsl_lpspi.c:1137:13:LPSPI_MasterTransferReadDataInFifoNoBuf	16	static
../drivers/fsl_lpspi.c:1172:10:LPSPI_MasterTransferBlocking	48	static
../drivers/fsl_lpspi.c:1335:10:LPSPI_MasterTransferNonBlocking	48	static
../drivers/fsl_lpspi.c:1529:13:LPSPI_MasterTransferFillUpTxFifo	40	static
../drivers/fsl_lpspi.c:1597:13:LPSPI_MasterTransferComplete	24	static
../drivers/fsl_lpspi.c:1622:10:LPSPI_MasterTransferGetCount	32	static
../drivers/fsl_lpspi.c:1662:6:LPSPI_MasterTransferAbort	16	static
../drivers/fsl_lpspi.c:1684:6:LPSPI_MasterTransferHandleIRQ	32	static
../drivers/fsl_lpspi.c:1828:6:LPSPI_SlaveTransferCreateHandle	24	static
../drivers/fsl_lpspi.c:1864:10:LPSPI_SlaveTransferNonBlocking	40	static
../drivers/fsl_lpspi.c:2007:13:LPSPI_SlaveTransferFillUpTxFifo	32	static
../drivers/fsl_lpspi.c:2039:13:LPSPI_SlaveTransferComplete	32	static
../drivers/fsl_lpspi.c:2075:10:LPSPI_SlaveTransferGetCount	32	static
../drivers/fsl_lpspi.c:2115:6:LPSPI_SlaveTransferAbort	16	static
../drivers/fsl_lpspi.c:2137:6:LPSPI_SlaveTransferHandleIRQ	32	static
../drivers/fsl_lpspi.c:2263:17:LPSPI_CombineWriteData	24	static
../drivers/fsl_lpspi.c:2351:13:LPSPI_SeparateReadData	24	static
../drivers/fsl_lpspi.c:2441:6:LPSPI_WaitTxFifoEmpty	16	static
../drivers/fsl_lpspi.c:2460:13:LPSPI_CommonIRQHandler	16	static
../drivers/fsl_lpspi.c:2475:6:LPSPI0_DriverIRQHandler	8	static
../drivers/fsl_lpspi.c:2484:6:LPSPI1_DriverIRQHandler	8	static
