/Users/tedd/dev/mcuxpresso/FRDM_MCXA153_GPIO_and_SPI_freq_test/_r01lib_frdm_mcxa153/drivers/fsl_gpio.h:329:20:void GPIO_PinWrite(GPIO_Type*, uint32_t, uint8_t)	24	static
/Users/tedd/dev/mcuxpresso/FRDM_MCXA153_GPIO_and_SPI_freq_test/_r01lib_frdm_mcxa153/drivers/fsl_gpio.h:411:24:uint32_t GPIO_PinRead(GPIO_Type*, uint32_t)	16	static
/Users/tedd/dev/mcuxpresso/FRDM_MCXA153_GPIO_and_SPI_freq_test/_r01lib_frdm_mcxa153/drivers/fsl_port.h:463:20:void PORT_SetPinMux(PORT_Type*, uint32_t, port_mux_t)	24	static
/Applications/MCUXpressoIDE_25.6.136/ide/plugins/com.nxp.mcuxpresso.tools.macosx_25.6.0.202501151204/tools/arm-none-eabi/include/c++/14.2.1/arm-none-eabi/thumb/v8-m.main/nofp/bits/gthr-default.h:229:1:int __gthread_key_delete(__gthread_key_t)	16	static
../source/r01lib/io.h:793:20:void PORT_SetPinPullUpDown(PORT_Type*, uint32_t, int, int)	24	static
../source/r01lib/io.h:799:20:void PORT_SetPinOpenDrain(PORT_Type*, uint32_t, int)	24	static
../source/r01lib/io.h:804:24:uint32_t PORT_GetPinMode(PORT_Type*, uint32_t)	16	static
../source/r01lib/io.cpp:419:1:DigitalInOut::DigitalInOut(uint8_t, bool, bool, int)	24	static
../source/r01lib/io.cpp:437:1:DigitalInOut::~DigitalInOut()	16	static
../source/r01lib/io.cpp:437:1:virtual DigitalInOut::~DigitalInOut()	16	static
../source/r01lib/io.cpp:439:6:void DigitalInOut::value(bool)	16	static
../source/r01lib/io.cpp:450:6:bool DigitalInOut::value()	16	static
../source/r01lib/io.cpp:461:6:void DigitalInOut::output()	16	static
../source/r01lib/io.cpp:467:6:void DigitalInOut::input()	16	static
../source/r01lib/io.cpp:473:6:void DigitalInOut::direction(bool)	24	static
../source/r01lib/io.cpp:479:6:void DigitalInOut::pin_mux(int)	16	static
../source/r01lib/io.cpp:484:6:void DigitalInOut::mode(int)	16	static
../source/r01lib/io.cpp:490:10:uint32_t DigitalInOut::mode()	16	static
../source/r01lib/io.cpp:495:15:DigitalInOut& DigitalInOut::operator=(bool)	16	static
../source/r01lib/io.cpp:501:15:DigitalInOut& DigitalInOut::operator=(DigitalInOut&)	16	static
../source/r01lib/io.cpp:506:1:DigitalInOut::operator bool()	16	static
../source/r01lib/io.cpp:511:1:DigitalOut::DigitalOut(uint8_t, bool, int)	32	static
../source/r01lib/io.cpp:516:1:DigitalOut::~DigitalOut()	16	static
../source/r01lib/io.cpp:516:1:virtual DigitalOut::~DigitalOut()	16	static
../source/r01lib/io.cpp:518:1:DigitalIn::DigitalIn(uint8_t, int)	32	static
../source/r01lib/io.cpp:523:1:DigitalIn::~DigitalIn()	16	static
../source/r01lib/io.cpp:523:1:virtual DigitalIn::~DigitalIn()	16	static
