/Applications/MCUXpressoIDE_25.6.136/ide/plugins/com.nxp.mcuxpresso.tools.macosx_25.6.0.202501151204/tools/arm-none-eabi/include/c++/14.2.1/arm-none-eabi/thumb/v8-m.main/nofp/bits/gthr-default.h:229:1:int __gthread_key_delete(__gthread_key_t)	16	static
../source/r01device/rtc/PCF2131.cpp:9:1:PCF2131::PCF2131(I2C&, uint8_t)	32	static
../source/r01device/rtc/PCF2131.cpp:14:1:PCF2131::PCF2131(SPI&)	24	static
../source/r01device/rtc/PCF2131.cpp:19:1:PCF2131::~PCF2131()	16	static
../source/r01device/rtc/PCF2131.cpp:19:1:virtual PCF2131::~PCF2131()	16	static
../source/r01device/rtc/PCF2131.cpp:23:6:virtual void PCF2131::begin()	16	static
../source/r01device/rtc/PCF2131.cpp:29:6:virtual bool PCF2131::oscillator_stop()	16	static
../source/r01device/rtc/PCF2131.cpp:34:8:virtual time_t PCF2131::rtc_time()	72	static
../source/r01device/rtc/PCF2131.cpp:53:6:virtual void PCF2131::set(tm*)	48	static
../source/r01device/rtc/PCF2131.cpp:80:6:virtual void PCF2131::alarm(RTC_NXP::alarm_setting, int)	24	static
../source/r01device/rtc/PCF2131.cpp:85:6:void PCF2131::alarm(RTC_NXP::alarm_setting, int, int)	40	static
../source/r01device/rtc/PCF2131.cpp:93:6:virtual void PCF2131::alarm_clear()	24	static
../source/r01device/rtc/PCF2131.cpp:98:6:virtual void PCF2131::alarm_disable()	24	static
../source/r01device/rtc/PCF2131.cpp:103:6:void PCF2131::timestamp(int, timestanp_setting, int)	48	static
../source/r01device/rtc/PCF2131.cpp:118:8:time_t PCF2131::timestamp(int)	72	static
../source/r01device/rtc/PCF2131.cpp:143:9:virtual uint8_t PCF2131::int_clear()	24	static
../source/r01device/rtc/PCF2131.cpp:151:9:uint8_t PCF2131::int_clear(uint8_t*)	24	static
../source/r01device/rtc/PCF2131.cpp:167:6:void PCF2131::periodic_interrupt_enable(periodic_int_select, int)	40	static
/Applications/MCUXpressoIDE_25.6.136/ide/plugins/com.nxp.mcuxpresso.tools.macosx_25.6.0.202501151204/tools/arm-none-eabi/include/c++/14.2.1/bits/unique_ptr.h:235:40:std::__uniq_ptr_data<Serial_device, std::default_delete<Serial_device>, true, true>::__uniq_ptr_data(std::__uniq_ptr_impl<Serial_device, std::default_delete<Serial_device> >::pointer) [inherited from std::__uniq_ptr_impl<Serial_device, std::default_delete<Serial_device> >]	16	static
/Applications/MCUXpressoIDE_25.6.136/ide/plugins/com.nxp.mcuxpresso.tools.macosx_25.6.0.202501151204/tools/arm-none-eabi/include/c++/14.2.1/bits/unique_ptr.h:311:2:std::unique_ptr<_Tp, _Dp>::unique_ptr(pointer) [with _Del = std::default_delete<Serial_device>; <template-parameter-2-2> = void; _Tp = Serial_device; _Dp = std::default_delete<Serial_device>]	16	static
/Applications/MCUXpressoIDE_25.6.136/ide/plugins/com.nxp.mcuxpresso.tools.macosx_25.6.0.202501151204/tools/arm-none-eabi/include/c++/14.2.1/bits/unique_ptr.h:393:7:std::unique_ptr<_Tp, _Dp>::~unique_ptr() [with _Tp = Serial_device; _Dp = std::default_delete<Serial_device>]	32	static
/Applications/MCUXpressoIDE_25.6.136/ide/plugins/com.nxp.mcuxpresso.tools.macosx_25.6.0.202501151204/tools/arm-none-eabi/include/c++/14.2.1/bits/unique_ptr.h:455:7:std::unique_ptr<_Tp, _Dp>::pointer std::unique_ptr<_Tp, _Dp>::operator->() const [with _Tp = Serial_device; _Dp = std::default_delete<Serial_device>]	16	static
/Applications/MCUXpressoIDE_25.6.136/ide/plugins/com.nxp.mcuxpresso.tools.macosx_25.6.0.202501151204/tools/arm-none-eabi/include/c++/14.2.1/bits/unique_ptr.h:170:7:std::__uniq_ptr_impl<_Tp, _Dp>::__uniq_ptr_impl(pointer) [with _Tp = Serial_device; _Dp = std::default_delete<Serial_device>]	24	static
/Applications/MCUXpressoIDE_25.6.136/ide/plugins/com.nxp.mcuxpresso.tools.macosx_25.6.0.202501151204/tools/arm-none-eabi/include/c++/14.2.1/bits/unique_ptr.h:191:18:std::__uniq_ptr_impl<_Tp, _Dp>::pointer& std::__uniq_ptr_impl<_Tp, _Dp>::_M_ptr() [with _Tp = Serial_device; _Dp = std::default_delete<Serial_device>]	16	static
/Applications/MCUXpressoIDE_25.6.136/ide/plugins/com.nxp.mcuxpresso.tools.macosx_25.6.0.202501151204/tools/arm-none-eabi/include/c++/14.2.1/bits/unique_ptr.h:470:7:std::unique_ptr<_Tp, _Dp>::deleter_type& std::unique_ptr<_Tp, _Dp>::get_deleter() [with _Tp = Serial_device; _Dp = std::default_delete<Serial_device>]	16	static
/Applications/MCUXpressoIDE_25.6.136/ide/plugins/com.nxp.mcuxpresso.tools.macosx_25.6.0.202501151204/tools/arm-none-eabi/include/c++/14.2.1/bits/move.h:127:5:constexpr typename std::remove_reference<_Tp>::type&& std::move(_Tp&&) [with _Tp = Serial_device*&]	16	static
/Applications/MCUXpressoIDE_25.6.136/ide/plugins/com.nxp.mcuxpresso.tools.macosx_25.6.0.202501151204/tools/arm-none-eabi/include/c++/14.2.1/bits/unique_ptr.h:87:7:void std::default_delete<_Tp>::operator()(_Tp*) const [with _Tp = Serial_device]	16	static
/Applications/MCUXpressoIDE_25.6.136/ide/plugins/com.nxp.mcuxpresso.tools.macosx_25.6.0.202501151204/tools/arm-none-eabi/include/c++/14.2.1/bits/unique_ptr.h:464:7:std::unique_ptr<_Tp, _Dp>::pointer std::unique_ptr<_Tp, _Dp>::get() const [with _Tp = Serial_device; _Dp = std::default_delete<Serial_device>]	16	static
/Applications/MCUXpressoIDE_25.6.136/ide/plugins/com.nxp.mcuxpresso.tools.macosx_25.6.0.202501151204/tools/arm-none-eabi/include/c++/14.2.1/tuple:964:7:) [with _Elements = {Serial_device*, std::default_delete<Serial_device>}]	16	static
/Applications/MCUXpressoIDE_25.6.136/ide/plugins/com.nxp.mcuxpresso.tools.macosx_25.6.0.202501151204/tools/arm-none-eabi/include/c++/14.2.1/tuple:2443:5:>&) [with unsigned int __i = 0; _Elements = {Serial_device*, default_delete<Serial_device>}]	16	static
/Applications/MCUXpressoIDE_25.6.136/ide/plugins/com.nxp.mcuxpresso.tools.macosx_25.6.0.202501151204/tools/arm-none-eabi/include/c++/14.2.1/bits/unique_ptr.h:195:18:_Dp& std::__uniq_ptr_impl<_Tp, _Dp>::_M_deleter() [with _Tp = Serial_device; _Dp = std::default_delete<Serial_device>]	16	static
/Applications/MCUXpressoIDE_25.6.136/ide/plugins/com.nxp.mcuxpresso.tools.macosx_25.6.0.202501151204/tools/arm-none-eabi/include/c++/14.2.1/bits/unique_ptr.h:193:18:std::__uniq_ptr_impl<_Tp, _Dp>::pointer std::__uniq_ptr_impl<_Tp, _Dp>::_M_ptr() const [with _Tp = Serial_device; _Dp = std::default_delete<Serial_device>]	16	static
/Applications/MCUXpressoIDE_25.6.136/ide/plugins/com.nxp.mcuxpresso.tools.macosx_25.6.0.202501151204/tools/arm-none-eabi/include/c++/14.2.1/tuple:304:17:>::_Tuple_impl() [with unsigned int _Idx = 0; _Head = Serial_device*; _Tail = {std::default_delete<Serial_device>}]	16	static
/Applications/MCUXpressoIDE_25.6.136/ide/plugins/com.nxp.mcuxpresso.tools.macosx_25.6.0.202501151204/tools/arm-none-eabi/include/c++/14.2.1/tuple:2427:5:>&) [with unsigned int __i = 0; _Head = Serial_device*; _Tail = {default_delete<Serial_device>}]	16	static
/Applications/MCUXpressoIDE_25.6.136/ide/plugins/com.nxp.mcuxpresso.tools.macosx_25.6.0.202501151204/tools/arm-none-eabi/include/c++/14.2.1/tuple:2443:5:>&) [with unsigned int __i = 1; _Elements = {Serial_device*, default_delete<Serial_device>}]	16	static
/Applications/MCUXpressoIDE_25.6.136/ide/plugins/com.nxp.mcuxpresso.tools.macosx_25.6.0.202501151204/tools/arm-none-eabi/include/c++/14.2.1/tuple:2449:5:>&) [with unsigned int __i = 0; _Elements = {Serial_device*, default_delete<Serial_device>}]	16	static
/Applications/MCUXpressoIDE_25.6.136/ide/plugins/com.nxp.mcuxpresso.tools.macosx_25.6.0.202501151204/tools/arm-none-eabi/include/c++/14.2.1/tuple:562:7:constexpr std::_Tuple_impl<_Idx, _Head>::_Tuple_impl() [with unsigned int _Idx = 1; _Head = std::default_delete<Serial_device>]	16	static
/Applications/MCUXpressoIDE_25.6.136/ide/plugins/com.nxp.mcuxpresso.tools.macosx_25.6.0.202501151204/tools/arm-none-eabi/include/c++/14.2.1/tuple:198:17:constexpr std::_Head_base<_Idx, _Head, false>::_Head_base() [with unsigned int _Idx = 0; _Head = Serial_device*]	16	static
/Applications/MCUXpressoIDE_25.6.136/ide/plugins/com.nxp.mcuxpresso.tools.macosx_25.6.0.202501151204/tools/arm-none-eabi/include/c++/14.2.1/tuple:293:7:>&) [with unsigned int _Idx = 0; _Head = Serial_device*; _Tail = {std::default_delete<Serial_device>}]	16	static
/Applications/MCUXpressoIDE_25.6.136/ide/plugins/com.nxp.mcuxpresso.tools.macosx_25.6.0.202501151204/tools/arm-none-eabi/include/c++/14.2.1/tuple:2427:5:>&) [with unsigned int __i = 1; _Head = default_delete<Serial_device>; _Tail = {}]	16	static
/Applications/MCUXpressoIDE_25.6.136/ide/plugins/com.nxp.mcuxpresso.tools.macosx_25.6.0.202501151204/tools/arm-none-eabi/include/c++/14.2.1/tuple:2432:5:>&) [with unsigned int __i = 0; _Head = Serial_device*; _Tail = {default_delete<Serial_device>}]	16	static
/Applications/MCUXpressoIDE_25.6.136/ide/plugins/com.nxp.mcuxpresso.tools.macosx_25.6.0.202501151204/tools/arm-none-eabi/include/c++/14.2.1/tuple:89:17:constexpr std::_Head_base<_Idx, _Head, true>::_Head_base() [with unsigned int _Idx = 1; _Head = std::default_delete<Serial_device>]	16	static
/Applications/MCUXpressoIDE_25.6.136/ide/plugins/com.nxp.mcuxpresso.tools.macosx_25.6.0.202501151204/tools/arm-none-eabi/include/c++/14.2.1/tuple:242:7:static constexpr _Head& std::_Head_base<_Idx, _Head, false>::_M_head(std::_Head_base<_Idx, _Head, false>&) [with unsigned int _Idx = 0; _Head = Serial_device*]	16	static
/Applications/MCUXpressoIDE_25.6.136/ide/plugins/com.nxp.mcuxpresso.tools.macosx_25.6.0.202501151204/tools/arm-none-eabi/include/c++/14.2.1/tuple:556:7:static constexpr _Head& std::_Tuple_impl<_Idx, _Head>::_M_head(std::_Tuple_impl<_Idx, _Head>&) [with unsigned int _Idx = 1; _Head = std::default_delete<Serial_device>]	16	static
/Applications/MCUXpressoIDE_25.6.136/ide/plugins/com.nxp.mcuxpresso.tools.macosx_25.6.0.202501151204/tools/arm-none-eabi/include/c++/14.2.1/tuple:296:7:>&) [with unsigned int _Idx = 0; _Head = Serial_device*; _Tail = {std::default_delete<Serial_device>}]	16	static
/Applications/MCUXpressoIDE_25.6.136/ide/plugins/com.nxp.mcuxpresso.tools.macosx_25.6.0.202501151204/tools/arm-none-eabi/include/c++/14.2.1/tuple:133:7:static constexpr _Head& std::_Head_base<_Idx, _Head, true>::_M_head(std::_Head_base<_Idx, _Head, true>&) [with unsigned int _Idx = 1; _Head = std::default_delete<Serial_device>]	16	static
/Applications/MCUXpressoIDE_25.6.136/ide/plugins/com.nxp.mcuxpresso.tools.macosx_25.6.0.202501151204/tools/arm-none-eabi/include/c++/14.2.1/tuple:245:7:static constexpr const _Head& std::_Head_base<_Idx, _Head, false>::_M_head(const std::_Head_base<_Idx, _Head, false>&) [with unsigned int _Idx = 0; _Head = Serial_device*]	16	static
