/Applications/MCUXpressoIDE_25.6.136/ide/plugins/com.nxp.mcuxpresso.tools.macosx_25.6.0.202501151204/tools/arm-none-eabi/include/c++/14.2.1/arm-none-eabi/thumb/v8-m.main/nofp/bits/gthr-default.h:229:1:int __gthread_key_delete(__gthread_key_t)	16	static
../source/r01device/rtc/PCF85263A.cpp:9:1:PCF85263A::PCF85263A(I2C&, uint8_t)	24	static
../source/r01device/rtc/PCF85263A.cpp:13:1:PCF85263A::~PCF85263A()	16	static
../source/r01device/rtc/PCF85263A.cpp:13:1:virtual PCF85263A::~PCF85263A()	16	static
../source/r01device/rtc/PCF85263A.cpp:17:6:virtual void PCF85263A::begin()	16	static
../source/r01device/rtc/PCF85263A.cpp:21:6:virtual void PCF85263A::set(tm*)	56	static
../source/r01device/rtc/PCF85263A.cpp:47:6:virtual bool PCF85263A::oscillator_stop()	16	static
../source/r01device/rtc/PCF85263A.cpp:52:6:virtual void PCF85263A::alarm(RTC_NXP::alarm_setting, int)	24	static
../source/r01device/rtc/PCF85263A.cpp:57:6:void PCF85263A::alarm(RTC_NXP::alarm_setting, int, int)	24	static
../source/r01device/rtc/PCF85263A.cpp:67:6:void PCF85263A::alarm(alarm_setting_85263A, int, int)	24	static
../source/r01device/rtc/PCF85263A.cpp:72:6:void PCF85263A::set_alarm(int, int, int)	48	static
../source/r01device/rtc/PCF85263A.cpp:85:6:virtual void PCF85263A::alarm_clear()	16	static
../source/r01device/rtc/PCF85263A.cpp:90:6:virtual void PCF85263A::alarm_disable()	24	static
../source/r01device/rtc/PCF85263A.cpp:96:9:virtual uint8_t PCF85263A::int_clear()	24	static
../source/r01device/rtc/PCF85263A.cpp:104:8:virtual time_t PCF85263A::rtc_time()	72	static
../source/r01device/rtc/PCF85263A.cpp:122:6:void PCF85263A::periodic_interrupt_enable(periodic_int_select, int)	32	static
../source/r01device/rtc/PCF85263A.cpp:130:6:void PCF85263A::pin_congfig(inta, intb)	24	static
../source/r01device/rtc/PCF85263A.cpp:135:6:void PCF85263A::ts_congfig(int)	24	static
../source/r01device/rtc/PCF85263A.cpp:141:8:time_t PCF85263A::timestamp(int)	72	static
