/Applications/MCUXpressoIDE_25.6.136/ide/plugins/com.nxp.mcuxpresso.tools.macosx_25.6.0.202501151204/tools/arm-none-eabi/include/c++/14.2.1/arm-none-eabi/thumb/v8-m.main/nofp/bits/gthr-default.h:229:1:int __gthread_key_delete(__gthread_key_t)	16	static
../source/r01device/rtc/PCF85063A.cpp:9:1:PCF85063_base::PCF85063_base()	16	static
../source/r01device/rtc/PCF85063A.cpp:13:1:PCF85063_base::~PCF85063_base()	16	static
../source/r01device/rtc/PCF85063A.cpp:13:1:virtual PCF85063_base::~PCF85063_base()	16	static
../source/r01device/rtc/PCF85063A.cpp:17:6:virtual void PCF85063_base::begin()	16	static
../source/r01device/rtc/PCF85063A.cpp:21:6:virtual void PCF85063_base::set(tm*)	48	static
../source/r01device/rtc/PCF85063A.cpp:44:6:virtual bool PCF85063_base::oscillator_stop()	16	static
../source/r01device/rtc/PCF85063A.cpp:49:6:virtual void PCF85063_base::alarm(RTC_NXP::alarm_setting, int)	40	static
../source/r01device/rtc/PCF85063A.cpp:56:6:virtual void PCF85063_base::alarm_clear()	16	static
../source/r01device/rtc/PCF85063A.cpp:61:6:virtual void PCF85063_base::alarm_disable()	24	static
../source/r01device/rtc/PCF85063A.cpp:66:9:virtual uint8_t PCF85063_base::int_clear()	24	static
../source/r01device/rtc/PCF85063A.cpp:74:7:float PCF85063_base::timer(float)	48	static
../source/r01device/rtc/PCF85063A.cpp:106:8:virtual time_t PCF85063_base::rtc_time()	72	static
../source/r01device/rtc/PCF85063A.cpp:126:1:PCF85063A::PCF85063A(I2C&, uint8_t)	24	static
../source/r01device/rtc/PCF85063A.cpp:130:1:PCF85063A::~PCF85063A()	16	static
../source/r01device/rtc/PCF85063A.cpp:130:1:virtual PCF85063A::~PCF85063A()	16	static
../source/r01device/rtc/PCF85063A.cpp:134:6:virtual void PCF85063A::_reg_w(uint8_t, uint8_t*, int)	32	static
../source/r01device/rtc/PCF85063A.cpp:139:6:virtual void PCF85063A::_reg_r(uint8_t, uint8_t*, int)	32	static
../source/r01device/rtc/PCF85063A.cpp:144:6:virtual void PCF85063A::_reg_w(uint8_t, uint8_t)	16	static
../source/r01device/rtc/PCF85063A.cpp:149:9:virtual uint8_t PCF85063A::_reg_r(uint8_t)	16	static
../source/r01device/rtc/PCF85063A.cpp:154:6:virtual void PCF85063A::_bit_op8(uint8_t, uint8_t, uint8_t)	24	static
