/Applications/MCUXpressoIDE_25.6.136/ide/plugins/com.nxp.mcuxpresso.tools.macosx_25.6.0.202501151204/tools/arm-none-eabi/include/c++/14.2.1/new:179:33:void* operator new(std::size_t, void*)	16	static
/Applications/MCUXpressoIDE_25.6.136/ide/plugins/com.nxp.mcuxpresso.tools.macosx_25.6.0.202501151204/tools/arm-none-eabi/include/c++/14.2.1/type_traits:3832:3:constexpr bool std::is_constant_evaluated()	4	static
/Applications/MCUXpressoIDE_25.6.136/ide/plugins/com.nxp.mcuxpresso.tools.macosx_25.6.0.202501151204/tools/arm-none-eabi/include/c++/14.2.1/arm-none-eabi/thumb/v8-m.main/nofp/bits/gthr-default.h:229:1:int __gthread_key_delete(__gthread_key_t)	16	static
/Applications/MCUXpressoIDE_25.6.136/ide/plugins/com.nxp.mcuxpresso.tools.macosx_25.6.0.202501151204/tools/arm-none-eabi/include/c++/14.2.1/bits/stl_algobase.h:1036:3:constexpr unsigned int std::__size_to_integer(unsigned int)	16	static
/Applications/MCUXpressoIDE_25.6.136/ide/plugins/com.nxp.mcuxpresso.tools.macosx_25.6.0.202501151204/tools/arm-none-eabi/include/c++/14.2.1/bits/std_function.h:85:17:void* std::_Any_data::_M_access()	16	static
/Applications/MCUXpressoIDE_25.6.136/ide/plugins/com.nxp.mcuxpresso.tools.macosx_25.6.0.202501151204/tools/arm-none-eabi/include/c++/14.2.1/bits/std_function.h:86:17:const void* std::_Any_data::_M_access() const	16	static
/Applications/MCUXpressoIDE_25.6.136/ide/plugins/com.nxp.mcuxpresso.tools.macosx_25.6.0.202501151204/tools/arm-none-eabi/include/c++/14.2.1/bits/std_function.h:241:5:std::_Function_base::~_Function_base()	16	static
/Applications/MCUXpressoIDE_25.6.136/ide/plugins/com.nxp.mcuxpresso.tools.macosx_25.6.0.202501151204/tools/arm-none-eabi/include/c++/14.2.1/bits/std_function.h:247:10:bool std::_Function_base::_M_empty() const	16	static
/Applications/MCUXpressoIDE_25.6.136/ide/plugins/com.nxp.mcuxpresso.tools.macosx_25.6.0.202501151204/tools/arm-none-eabi/include/c++/14.2.1/bits/stl_algobase.h:233:5:constexpr const _Tp& std::min(const _Tp&, const _Tp&) [with _Tp = unsigned int]	16	static
../source/r01device/afe/AFE_NXP.h:200:16:double AFE_base::raw2mv(int, raw_t)	24	static
../source/r01device/afe/AFE_NXP.h:699:35:NAFE13388_Base::Register16 operator+(NAFE13388_Base::Register16, int)	16	static
../source/r01device/afe/AFE_NXP.h:709:35:NAFE13388_Base::Register24 operator+(NAFE13388_Base::Register24, int)	16	static
../source/r01device/afe/AFE_NXP.cpp:21:1:AFE_base::AFE_base(SPI&, bool, bool, int, int, int, int)	24	static
../source/r01device/afe/AFE_NXP.cpp:26:1:AFE_base::~AFE_base()	16	static
../source/r01device/afe/AFE_NXP.cpp:26:1:virtual AFE_base::~AFE_base()	16	static
../source/r01device/afe/AFE_NXP.cpp:35:21:AFE_base::init()::<lambda()>	16	static
/Applications/MCUXpressoIDE_25.6.136/ide/plugins/com.nxp.mcuxpresso.tools.macosx_25.6.0.202501151204/tools/arm-none-eabi/include/c++/14.2.1/bits/std_function.h:334:11:std::function<void()>::~function()	16	static
../source/r01device/afe/AFE_NXP.cpp:30:6:virtual void AFE_base::init()	48	static
../source/r01device/afe/AFE_NXP.cpp:38:6:virtual void AFE_base::begin()	16	static
../source/r01device/afe/AFE_NXP.cpp:45:6:virtual void AFE_base::set_DRDY_callback(callback_fp_t)	16	static
../source/r01device/afe/AFE_NXP.cpp:50:6:static void AFE_base::DRDY_cb()	8	static
../source/r01device/afe/AFE_NXP.cpp:56:6:void AFE_base::default_drdy_cb()	16	static
../source/r01device/afe/AFE_NXP.cpp:62:9:virtual int32_t AFE_base::start_and_read(int)	24	static
../source/r01device/afe/AFE_NXP.cpp:73:6:virtual void AFE_base::start_and_read(raw_t*)	24	static
../source/r01device/afe/AFE_NXP.cpp:83:6:virtual void AFE_base::start_and_read(std::vector<long int>&)	24	static
../source/r01device/afe/AFE_NXP.cpp:97:5:int AFE_base::bit_count(uint32_t)	32	static
../source/r01device/afe/AFE_NXP.cpp:110:5:int AFE_base::wait_conversion_complete(double)	32	static
../source/r01device/afe/AFE_NXP.cpp:136:22:AFE_base::use_DRDY_trigger(bool)::<lambda()>	16	static
../source/r01device/afe/AFE_NXP.cpp:133:6:void AFE_base::use_DRDY_trigger(bool)	64	static
../source/r01device/afe/AFE_NXP.cpp:146:1:NAFE13388_Base::NAFE13388_Base(SPI&, bool, bool, int, int, int, int)	40	static
../source/r01device/afe/AFE_NXP.cpp:151:1:NAFE13388_Base::~NAFE13388_Base()	16	static
../source/r01device/afe/AFE_NXP.cpp:151:1:virtual NAFE13388_Base::~NAFE13388_Base()	16	static
../source/r01device/afe/AFE_NXP.cpp:155:6:virtual void NAFE13388_Base::boot()	16	static
../source/r01device/afe/AFE_NXP.cpp:163:6:virtual void NAFE13388_Base::reset(bool)	32	static
../source/r01device/afe/AFE_NXP.cpp:189:6:virtual void NAFE13388_Base::open_logical_channel(int, const uint16_t (&)[4])	40	static
../source/r01device/afe/AFE_NXP.cpp:208:6:void NAFE13388_Base::channel_info_update(uint16_t)	24	static
../source/r01device/afe/AFE_NXP.cpp:224:8:double NAFE13388_Base::calc_delay(int)	48	static
../source/r01device/afe/AFE_NXP.cpp:275:6:virtual void NAFE13388_Base::open_logical_channel(int, uint16_t, uint16_t, uint16_t, uint16_t)	32	static
../source/r01device/afe/AFE_NXP.cpp:281:6:virtual void NAFE13388_Base::close_logical_channel(int)	24	static
../source/r01device/afe/AFE_NXP.cpp:289:6:virtual void NAFE13388_Base::close_logical_channel()	16	static
../source/r01device/afe/AFE_NXP.cpp:295:6:virtual void NAFE13388_Base::start(int)	16	static
../source/r01device/afe/AFE_NXP.cpp:301:6:virtual void NAFE13388_Base::start()	16	static
../source/r01device/afe/AFE_NXP.cpp:306:6:virtual void NAFE13388_Base::start_continuous_conversion()	16	static
../source/r01device/afe/AFE_NXP.cpp:311:6:virtual void NAFE13388_Base::DRDY_by_sequencer_done(bool)	16	static
../source/r01device/afe/AFE_NXP.cpp:316:9:virtual int32_t NAFE13388_Base::read(int)	24	static
../source/r01device/afe/AFE_NXP.cpp:321:6:virtual void NAFE13388_Base::read(AFE_base::raw_t*)	16	static
../source/r01device/afe/AFE_NXP.cpp:326:6:virtual void NAFE13388_Base::read(std::vector<long int>&)	88	static
../source/r01device/afe/AFE_NXP.cpp:334:6:virtual void NAFE13388_Base::command(uint16_t)	16	static
../source/r01device/afe/AFE_NXP.cpp:339:6:virtual void NAFE13388_Base::reg(Register16, uint16_t)	16	static
../source/r01device/afe/AFE_NXP.cpp:344:6:virtual void NAFE13388_Base::reg(Register24, uint32_t)	24	static
../source/r01device/afe/AFE_NXP.cpp:349:10:virtual uint16_t NAFE13388_Base::reg(Register16)	16	static
../source/r01device/afe/AFE_NXP.cpp:354:10:virtual uint32_t NAFE13388_Base::reg(Register24)	16	static
../source/r01device/afe/AFE_NXP.cpp:359:10:uint32_t NAFE13388_Base::part_number()	24	static
../source/r01device/afe/AFE_NXP.cpp:364:9:uint8_t NAFE13388_Base::revision_number()	16	static
../source/r01device/afe/AFE_NXP.cpp:369:10:uint64_t NAFE13388_Base::serial_number()	48	static
../source/r01device/afe/AFE_NXP.cpp:378:7:float NAFE13388_Base::temperature()	16	static
/Applications/MCUXpressoIDE_25.6.136/ide/plugins/com.nxp.mcuxpresso.tools.macosx_25.6.0.202501151204/tools/arm-none-eabi/include/c++/14.2.1/cmath:1074:5:constexpr typename __gnu_cxx::__promote_2<_Tp, _Up>::__type std::pow(_Tp, _Up) [with _Tp = int; _Up = int]	24	static
../source/r01device/afe/AFE_NXP.cpp:383:6:void NAFE13388_Base::gain_offset_coeff(const ref_points&)	120	static
../source/r01device/afe/AFE_NXP.cpp:415:5:int NAFE13388_Base::self_calibrate(int, int, int, double, bool)	144	static
../source/r01device/afe/AFE_NXP.cpp:519:6:void NAFE13388_Base::blink_leds()	16	static
../source/r01device/afe/AFE_NXP.cpp:527:1:NAFE13388::NAFE13388(SPI&, bool, bool, int, int, int, int)	40	static
../source/r01device/afe/AFE_NXP.cpp:532:1:NAFE13388::~NAFE13388()	16	static
../source/r01device/afe/AFE_NXP.cpp:532:1:virtual NAFE13388::~NAFE13388()	16	static
../source/r01device/afe/AFE_NXP.cpp:538:1:NAFE13388_UIM::NAFE13388_UIM(SPI&, bool, bool, int, int, int, int)	40	static
../source/r01device/afe/AFE_NXP.cpp:543:1:NAFE13388_UIM::~NAFE13388_UIM()	16	static
../source/r01device/afe/AFE_NXP.cpp:543:1:virtual NAFE13388_UIM::~NAFE13388_UIM()	16	static
/Applications/MCUXpressoIDE_25.6.136/ide/plugins/com.nxp.mcuxpresso.tools.macosx_25.6.0.202501151204/tools/arm-none-eabi/include/c++/14.2.1/bits/stl_vector.h:678:7:constexpr std::vector<_Tp, _Alloc>::vector(std::initializer_list<_Tp>, const allocator_type&) [with _Tp = short unsigned int; _Alloc = std::allocator<short unsigned int>]	40	static
/Applications/MCUXpressoIDE_25.6.136/ide/plugins/com.nxp.mcuxpresso.tools.macosx_25.6.0.202501151204/tools/arm-none-eabi/include/c++/14.2.1/bits/stl_vector.h:145:2:constexpr std::_Vector_base<_Tp, _Alloc>::_Vector_impl::_Vector_impl(const std::_Vector_base<_Tp, _Alloc>::_Tp_alloc_type&) [with _Tp = short unsigned int; _Alloc = std::allocator<short unsigned int>]	32	static
/Applications/MCUXpressoIDE_25.6.136/ide/plugins/com.nxp.mcuxpresso.tools.macosx_25.6.0.202501151204/tools/arm-none-eabi/include/c++/14.2.1/bits/stl_vector.h:98:2:constexpr std::_Vector_base<_Tp, _Alloc>::_Vector_impl_data::_Vector_impl_data() [with _Tp = short unsigned int; _Alloc = std::allocator<short unsigned int>]	16	static
/Applications/MCUXpressoIDE_25.6.136/ide/plugins/com.nxp.mcuxpresso.tools.macosx_25.6.0.202501151204/tools/arm-none-eabi/include/c++/14.2.1/bits/stl_vector.h:132:14:constexpr std::_Vector_base<short unsigned int, std::allocator<short unsigned int> >::_Vector_impl::~_Vector_impl()	24	static
/Applications/MCUXpressoIDE_25.6.136/ide/plugins/com.nxp.mcuxpresso.tools.macosx_25.6.0.202501151204/tools/arm-none-eabi/include/c++/14.2.1/bits/stl_vector.h:320:7:constexpr std::_Vector_base<_Tp, _Alloc>::_Vector_base(const allocator_type&) [with _Tp = short unsigned int; _Alloc = std::allocator<short unsigned int>]	16	static
/Applications/MCUXpressoIDE_25.6.136/ide/plugins/com.nxp.mcuxpresso.tools.macosx_25.6.0.202501151204/tools/arm-none-eabi/include/c++/14.2.1/initializer_list:73:7:constexpr const _E* std::initializer_list<_E>::begin() const [with _E = short unsigned int]	16	static
/Applications/MCUXpressoIDE_25.6.136/ide/plugins/com.nxp.mcuxpresso.tools.macosx_25.6.0.202501151204/tools/arm-none-eabi/include/c++/14.2.1/initializer_list:77:7:constexpr const _E* std::initializer_list<_E>::end() const [with _E = short unsigned int]	24	static
/Applications/MCUXpressoIDE_25.6.136/ide/plugins/com.nxp.mcuxpresso.tools.macosx_25.6.0.202501151204/tools/arm-none-eabi/include/c++/14.2.1/initializer_list:69:7:constexpr std::initializer_list<_E>::size_type std::initializer_list<_E>::size() const [with _E = short unsigned int]	16	static
/Applications/MCUXpressoIDE_25.6.136/ide/plugins/com.nxp.mcuxpresso.tools.macosx_25.6.0.202501151204/tools/arm-none-eabi/include/c++/14.2.1/bits/stl_vector.h:1689:2:constexpr void std::vector<_Tp, _Alloc>::_M_range_initialize(_ForwardIterator, _ForwardIterator, std::forward_iterator_tag) [with _ForwardIterator = const short unsigned int*; _Tp = short unsigned int; _Alloc = std::allocator<short unsigned int>]	56	static
/Applications/MCUXpressoIDE_25.6.136/ide/plugins/com.nxp.mcuxpresso.tools.macosx_25.6.0.202501151204/tools/arm-none-eabi/include/c++/14.2.1/bits/stl_vector.h:300:7:constexpr std::_Vector_base<_Tp, _Alloc>::_Tp_alloc_type& std::_Vector_base<_Tp, _Alloc>::_M_get_Tp_allocator() [with _Tp = short unsigned int; _Alloc = std::allocator<short unsigned int>]	16	static
/Applications/MCUXpressoIDE_25.6.136/ide/plugins/com.nxp.mcuxpresso.tools.macosx_25.6.0.202501151204/tools/arm-none-eabi/include/c++/14.2.1/bits/stl_vector.h:1917:7:static constexpr std::vector<_Tp, _Alloc>::size_type std::vector<_Tp, _Alloc>::_S_check_init_len(size_type, const allocator_type&) [with _Tp = short unsigned int; _Alloc = std::allocator<short unsigned int>]	32	static
/Applications/MCUXpressoIDE_25.6.136/ide/plugins/com.nxp.mcuxpresso.tools.macosx_25.6.0.202501151204/tools/arm-none-eabi/include/c++/14.2.1/bits/stl_vector.h:1926:7:static constexpr std::vector<_Tp, _Alloc>::size_type std::vector<_Tp, _Alloc>::_S_max_size(const _Tp_alloc_type&) [with _Tp = short unsigned int; _Alloc = std::allocator<short unsigned int>]	24	static
/Applications/MCUXpressoIDE_25.6.136/ide/plugins/com.nxp.mcuxpresso.tools.macosx_25.6.0.202501151204/tools/arm-none-eabi/include/c++/14.2.1/bits/stl_vector.h:377:7:constexpr std::_Vector_base<_Tp, _Alloc>::pointer std::_Vector_base<_Tp, _Alloc>::_M_allocate(std::size_t) [with _Tp = short unsigned int; _Alloc = std::allocator<short unsigned int>]	32	static
../source/r01device/afe/AFE_NXP.cpp:547:6:void NAFE13388_UIM::blink_leds()	104	static
/Applications/MCUXpressoIDE_25.6.136/ide/plugins/com.nxp.mcuxpresso.tools.macosx_25.6.0.202501151204/tools/arm-none-eabi/include/c++/14.2.1/bits/stl_algobase.h:257:5:constexpr const _Tp& std::max(const _Tp&, const _Tp&) [with _Tp = unsigned int]	16	static
/Applications/MCUXpressoIDE_25.6.136/ide/plugins/com.nxp.mcuxpresso.tools.macosx_25.6.0.202501151204/tools/arm-none-eabi/include/c++/14.2.1/bits/std_function.h:239:5:constexpr std::_Function_base::_Function_base()	16	static
/Applications/MCUXpressoIDE_25.6.136/ide/plugins/com.nxp.mcuxpresso.tools.macosx_25.6.0.202501151204/tools/arm-none-eabi/include/c++/14.2.1/bits/std_function.h:435:2:)>::function(_Functor&&) [with _Functor = AFE_base::init()::<lambda()>; _Constraints = void; _Res = void; _ArgTypes = {}]	24	static
/Applications/MCUXpressoIDE_25.6.136/ide/plugins/com.nxp.mcuxpresso.tools.macosx_25.6.0.202501151204/tools/arm-none-eabi/include/c++/14.2.1/bits/std_function.h:469:7:)>&) [with _Res = void; _ArgTypes = {}]	32	static
/Applications/MCUXpressoIDE_25.6.136/ide/plugins/com.nxp.mcuxpresso.tools.macosx_25.6.0.202501151204/tools/arm-none-eabi/include/c++/14.2.1/bits/std_function.h:573:16:)>::operator bool() const [with _Res = void; _ArgTypes = {}]	16	static
/Applications/MCUXpressoIDE_25.6.136/ide/plugins/com.nxp.mcuxpresso.tools.macosx_25.6.0.202501151204/tools/arm-none-eabi/include/c++/14.2.1/bits/std_function.h:587:7:) const [with _Res = void; _ArgTypes = {}]	16	static
/Applications/MCUXpressoIDE_25.6.136/ide/plugins/com.nxp.mcuxpresso.tools.macosx_25.6.0.202501151204/tools/arm-none-eabi/include/c++/14.2.1/bits/std_function.h:435:2:)>::function(_Functor&&) [with _Functor = AFE_base::use_DRDY_trigger(bool)::<lambda()>; _Constraints = void; _Res = void; _ArgTypes = {}]	24	static
/Applications/MCUXpressoIDE_25.6.136/ide/plugins/com.nxp.mcuxpresso.tools.macosx_25.6.0.202501151204/tools/arm-none-eabi/include/c++/14.2.1/bits/std_function.h:375:7:)>::function(std::nullptr_t) [with _Res = void; _ArgTypes = {}]	16	static
../source/r01device/afe/AFE_NXP.h:611:11:uint32_t NAFE13388_Base::bit_op(T, uint32_t, uint32_t) [with T = Register16]	32	static
/Applications/MCUXpressoIDE_25.6.136/ide/plugins/com.nxp.mcuxpresso.tools.macosx_25.6.0.202501151204/tools/arm-none-eabi/include/c++/14.2.1/bits/stl_vector.h:873:7:constexpr std::vector<_Tp, _Alloc>::iterator std::vector<_Tp, _Alloc>::begin() [with _Tp = long int; _Alloc = std::allocator<long int>]	24	static
/Applications/MCUXpressoIDE_25.6.136/ide/plugins/com.nxp.mcuxpresso.tools.macosx_25.6.0.202501151204/tools/arm-none-eabi/include/c++/14.2.1/bits/stl_algobase.h:642:5:constexpr _OI std::copy(_II, _II, _OI) [with _II = long int*; _OI = __gnu_cxx::__normal_iterator<long int*, vector<long int> >]	32	static
/Applications/MCUXpressoIDE_25.6.136/ide/plugins/com.nxp.mcuxpresso.tools.macosx_25.6.0.202501151204/tools/arm-none-eabi/include/c++/14.2.1/bits/stl_vector.h:366:7:constexpr std::_Vector_base<_Tp, _Alloc>::~_Vector_base() [with _Tp = short unsigned int; _Alloc = std::allocator<short unsigned int>]	16	static
/Applications/MCUXpressoIDE_25.6.136/ide/plugins/com.nxp.mcuxpresso.tools.macosx_25.6.0.202501151204/tools/arm-none-eabi/include/c++/14.2.1/bits/stl_uninitialized.h:366:5:constexpr _ForwardIterator std::__uninitialized_copy_a(_InputIterator, _InputIterator, _ForwardIterator, allocator<_Tp>&) [with _InputIterator = const short unsigned int*; _ForwardIterator = short unsigned int*; _Tp = short unsigned int]	24	static
/Applications/MCUXpressoIDE_25.6.136/ide/plugins/com.nxp.mcuxpresso.tools.macosx_25.6.0.202501151204/tools/arm-none-eabi/include/c++/14.2.1/bits/new_allocator.h:126:7:_Tp* std::__new_allocator<_Tp>::allocate(size_type, const void*) [with _Tp = short unsigned int]	32	static
/Applications/MCUXpressoIDE_25.6.136/ide/plugins/com.nxp.mcuxpresso.tools.macosx_25.6.0.202501151204/tools/arm-none-eabi/include/c++/14.2.1/bits/stl_vector.h:733:7:constexpr std::vector<_Tp, _Alloc>::~vector() [with _Tp = short unsigned int; _Alloc = std::allocator<short unsigned int>]	40	static
/Applications/MCUXpressoIDE_25.6.136/ide/plugins/com.nxp.mcuxpresso.tools.macosx_25.6.0.202501151204/tools/arm-none-eabi/include/c++/14.2.1/bits/stl_vector.h:873:7:constexpr std::vector<_Tp, _Alloc>::iterator std::vector<_Tp, _Alloc>::begin() [with _Tp = short unsigned int; _Alloc = std::allocator<short unsigned int>]	24	static
/Applications/MCUXpressoIDE_25.6.136/ide/plugins/com.nxp.mcuxpresso.tools.macosx_25.6.0.202501151204/tools/arm-none-eabi/include/c++/14.2.1/bits/stl_vector.h:893:7:constexpr std::vector<_Tp, _Alloc>::iterator std::vector<_Tp, _Alloc>::end() [with _Tp = short unsigned int; _Alloc = std::allocator<short unsigned int>]	24	static
../source/r01device/afe/AFE_NXP.cpp:559:45:NAFE13388_UIM::blink_leds()::<lambda(auto:37)> [with auto:37 = short unsigned int]	16	static
/Applications/MCUXpressoIDE_25.6.136/ide/plugins/com.nxp.mcuxpresso.tools.macosx_25.6.0.202501151204/tools/arm-none-eabi/include/c++/14.2.1/bits/stl_iterator.h:1153:7:constexpr const _Iterator& __gnu_cxx::__normal_iterator<_Iterator, _Container>::base() const [with _Iterator = short unsigned int*; _Container = std::vector<short unsigned int>]	16	static
/Applications/MCUXpressoIDE_25.6.136/ide/plugins/com.nxp.mcuxpresso.tools.macosx_25.6.0.202501151204/tools/arm-none-eabi/include/c++/14.2.1/bits/stl_iterator.h:1188:5:constexpr bool __gnu_cxx::operator==(const __normal_iterator<_Iterator, _Container>&, const __normal_iterator<_Iterator, _Container>&) requires requires{{__gnu_cxx::operator==::__lhs->base() == __gnu_cxx::operator==::__rhs->base()} -> decltype(auto) [requires std::convertible_to<<placeholder>, bool>];} [with _Iterator = short unsigned int*; _Container = std::vector<short unsigned int>]	24	static
/Applications/MCUXpressoIDE_25.6.136/ide/plugins/com.nxp.mcuxpresso.tools.macosx_25.6.0.202501151204/tools/arm-none-eabi/include/c++/14.2.1/bits/stl_algo.h:3779:5:constexpr _Funct std::for_each(_IIter, _IIter, _Funct) [with _IIter = __gnu_cxx::__normal_iterator<short unsigned int*, vector<short unsigned int> >; _Funct = NAFE13388_UIM::blink_leds()::<lambda(auto:37)>]	24	static
/Applications/MCUXpressoIDE_25.6.136/ide/plugins/com.nxp.mcuxpresso.tools.macosx_25.6.0.202501151204/tools/arm-none-eabi/include/c++/14.2.1/bits/stl_vector.h:1013:7:constexpr void std::vector<_Tp, _Alloc>::resize(size_type) [with _Tp = short unsigned int; _Alloc = std::allocator<short unsigned int>]	16	static
../source/r01device/afe/AFE_NXP.cpp:568:4:NAFE13388_UIM::blink_leds()::<lambda(auto:38)> [with auto:38 = short unsigned int]	16	static
/Applications/MCUXpressoIDE_25.6.136/ide/plugins/com.nxp.mcuxpresso.tools.macosx_25.6.0.202501151204/tools/arm-none-eabi/include/c++/14.2.1/bits/stl_algo.h:3779:5:constexpr _Funct std::for_each(_IIter, _IIter, _Funct) [with _IIter = __gnu_cxx::__normal_iterator<short unsigned int*, vector<short unsigned int> >; _Funct = NAFE13388_UIM::blink_leds()::<lambda(auto:38)>]	32	static
/Applications/MCUXpressoIDE_25.6.136/ide/plugins/com.nxp.mcuxpresso.tools.macosx_25.6.0.202501151204/tools/arm-none-eabi/include/c++/14.2.1/bits/std_function.h:235:4:static bool std::_Function_base::_Base_manager<_Functor>::_M_not_empty_function(const _Tp&) [with _Tp = AFE_base::init()::<lambda()>; _Functor = AFE_base::init()::<lambda()>]	16	static
/Applications/MCUXpressoIDE_25.6.136/ide/plugins/com.nxp.mcuxpresso.tools.macosx_25.6.0.202501151204/tools/arm-none-eabi/include/c++/14.2.1/bits/move.h:70:5:constexpr _Tp&& std::forward(typename remove_reference<_Functor>::type&) [with _Tp = AFE_base::init()::<lambda()>]	16	static
/Applications/MCUXpressoIDE_25.6.136/ide/plugins/com.nxp.mcuxpresso.tools.macosx_25.6.0.202501151204/tools/arm-none-eabi/include/c++/14.2.1/bits/std_function.h:211:4:static void std::_Function_base::_Base_manager<_Functor>::_M_init_functor(std::_Any_data&, _Fn&&) [with _Fn = AFE_base::init()::<lambda()>; _Functor = AFE_base::init()::<lambda()>]	24	static
/Applications/MCUXpressoIDE_25.6.136/ide/plugins/com.nxp.mcuxpresso.tools.macosx_25.6.0.202501151204/tools/arm-none-eabi/include/c++/14.2.1/bits/std_function.h:288:7:) [with _Res = void; _Functor = AFE_base::init()::<lambda()>; _ArgTypes = {}]	16	static
/Applications/MCUXpressoIDE_25.6.136/ide/plugins/com.nxp.mcuxpresso.tools.macosx_25.6.0.202501151204/tools/arm-none-eabi/include/c++/14.2.1/bits/std_function.h:267:7:), _Functor>::_M_manager(std::_Any_data&, const std::_Any_data&, std::_Manager_operation) [with _Res = void; _Functor = AFE_base::init()::<lambda()>; _ArgTypes = {}]	32	static
/Applications/MCUXpressoIDE_25.6.136/ide/plugins/com.nxp.mcuxpresso.tools.macosx_25.6.0.202501151204/tools/arm-none-eabi/include/c++/14.2.1/bits/std_function.h:386:7:)>&) [with _Res = void; _ArgTypes = {}]	16	static
/Applications/MCUXpressoIDE_25.6.136/ide/plugins/com.nxp.mcuxpresso.tools.macosx_25.6.0.202501151204/tools/arm-none-eabi/include/c++/14.2.1/bits/std_function.h:556:12:)>&) [with _Res = void; _ArgTypes = {}]	16	static
/Applications/MCUXpressoIDE_25.6.136/ide/plugins/com.nxp.mcuxpresso.tools.macosx_25.6.0.202501151204/tools/arm-none-eabi/include/c++/14.2.1/bits/std_function.h:235:4:static bool std::_Function_base::_Base_manager<_Functor>::_M_not_empty_function(const _Tp&) [with _Tp = AFE_base::use_DRDY_trigger(bool)::<lambda()>; _Functor = AFE_base::use_DRDY_trigger(bool)::<lambda()>]	16	static
/Applications/MCUXpressoIDE_25.6.136/ide/plugins/com.nxp.mcuxpresso.tools.macosx_25.6.0.202501151204/tools/arm-none-eabi/include/c++/14.2.1/bits/move.h:70:5:constexpr _Tp&& std::forward(typename remove_reference<_Functor>::type&) [with _Tp = AFE_base::use_DRDY_trigger(bool)::<lambda()>]	16	static
/Applications/MCUXpressoIDE_25.6.136/ide/plugins/com.nxp.mcuxpresso.tools.macosx_25.6.0.202501151204/tools/arm-none-eabi/include/c++/14.2.1/bits/std_function.h:211:4:static void std::_Function_base::_Base_manager<_Functor>::_M_init_functor(std::_Any_data&, _Fn&&) [with _Fn = AFE_base::use_DRDY_trigger(bool)::<lambda()>; _Functor = AFE_base::use_DRDY_trigger(bool)::<lambda()>]	24	static
/Applications/MCUXpressoIDE_25.6.136/ide/plugins/com.nxp.mcuxpresso.tools.macosx_25.6.0.202501151204/tools/arm-none-eabi/include/c++/14.2.1/bits/std_function.h:288:7:) [with _Res = void; _Functor = AFE_base::use_DRDY_trigger(bool)::<lambda()>; _ArgTypes = {}]	16	static
/Applications/MCUXpressoIDE_25.6.136/ide/plugins/com.nxp.mcuxpresso.tools.macosx_25.6.0.202501151204/tools/arm-none-eabi/include/c++/14.2.1/bits/std_function.h:267:7:), _Functor>::_M_manager(std::_Any_data&, const std::_Any_data&, std::_Manager_operation) [with _Res = void; _Functor = AFE_base::use_DRDY_trigger(bool)::<lambda()>; _ArgTypes = {}]	32	static
/Applications/MCUXpressoIDE_25.6.136/ide/plugins/com.nxp.mcuxpresso.tools.macosx_25.6.0.202501151204/tools/arm-none-eabi/include/c++/14.2.1/bits/stl_iterator.h:1067:7:constexpr __gnu_cxx::__normal_iterator<_Iterator, _Container>::__normal_iterator(const _Iterator&) [with _Iterator = long int*; _Container = std::vector<long int>]	16	static
/Applications/MCUXpressoIDE_25.6.136/ide/plugins/com.nxp.mcuxpresso.tools.macosx_25.6.0.202501151204/tools/arm-none-eabi/include/c++/14.2.1/bits/cpp_type_traits.h:607:5:constexpr _Iterator std::__miter_base(_Iterator) [with _Iterator = long int*]	16	static
/Applications/MCUXpressoIDE_25.6.136/ide/plugins/com.nxp.mcuxpresso.tools.macosx_25.6.0.202501151204/tools/arm-none-eabi/include/c++/14.2.1/bits/stl_algobase.h:553:5:constexpr _OI std::__copy_move_a(_II, _II, _OI) [with bool _IsMove = false; _II = long int*; _OI = __gnu_cxx::__normal_iterator<long int*, vector<long int> >]	32	static
/Applications/MCUXpressoIDE_25.6.136/ide/plugins/com.nxp.mcuxpresso.tools.macosx_25.6.0.202501151204/tools/arm-none-eabi/include/c++/14.2.1/bits/stl_vector.h:385:7:constexpr void std::_Vector_base<_Tp, _Alloc>::_M_deallocate(pointer, std::size_t) [with _Tp = short unsigned int; _Alloc = std::allocator<short unsigned int>]	48	static
/Applications/MCUXpressoIDE_25.6.136/ide/plugins/com.nxp.mcuxpresso.tools.macosx_25.6.0.202501151204/tools/arm-none-eabi/include/c++/14.2.1/bits/stl_uninitialized.h:113:5:constexpr _ForwardIterator std::__do_uninit_copy(_InputIterator, _InputIterator, _ForwardIterator) [with _InputIterator = const short unsigned int*; _ForwardIterator = short unsigned int*]	32	static
/Applications/MCUXpressoIDE_25.6.136/ide/plugins/com.nxp.mcuxpresso.tools.macosx_25.6.0.202501151204/tools/arm-none-eabi/include/c++/14.2.1/bits/stl_uninitialized.h:163:5:_ForwardIterator std::uninitialized_copy(_InputIterator, _InputIterator, _ForwardIterator) [with _InputIterator = const short unsigned int*; _ForwardIterator = short unsigned int*]	32	static
/Applications/MCUXpressoIDE_25.6.136/ide/plugins/com.nxp.mcuxpresso.tools.macosx_25.6.0.202501151204/tools/arm-none-eabi/include/c++/14.2.1/bits/stl_iterator.h:1067:7:constexpr __gnu_cxx::__normal_iterator<_Iterator, _Container>::__normal_iterator(const _Iterator&) [with _Iterator = short unsigned int*; _Container = std::vector<short unsigned int>]	16	static
/Applications/MCUXpressoIDE_25.6.136/ide/plugins/com.nxp.mcuxpresso.tools.macosx_25.6.0.202501151204/tools/arm-none-eabi/include/c++/14.2.1/bits/stl_iterator.h:1100:7:constexpr __gnu_cxx::__normal_iterator<_Iterator, _Container>& __gnu_cxx::__normal_iterator<_Iterator, _Container>::operator++() [with _Iterator = short unsigned int*; _Container = std::vector<short unsigned int>]	16	static
/Applications/MCUXpressoIDE_25.6.136/ide/plugins/com.nxp.mcuxpresso.tools.macosx_25.6.0.202501151204/tools/arm-none-eabi/include/c++/14.2.1/bits/stl_iterator.h:1090:7:constexpr __gnu_cxx::__normal_iterator<_Iterator, _Container>::reference __gnu_cxx::__normal_iterator<_Iterator, _Container>::operator*() const [with _Iterator = short unsigned int*; _Container = std::vector<short unsigned int>]	16	static
/Applications/MCUXpressoIDE_25.6.136/ide/plugins/com.nxp.mcuxpresso.tools.macosx_25.6.0.202501151204/tools/arm-none-eabi/include/c++/14.2.1/bits/stl_vector.h:992:7:constexpr std::vector<_Tp, _Alloc>::size_type std::vector<_Tp, _Alloc>::size() const [with _Tp = short unsigned int; _Alloc = std::allocator<short unsigned int>]	16	static
/Applications/MCUXpressoIDE_25.6.136/ide/plugins/com.nxp.mcuxpresso.tools.macosx_25.6.0.202501151204/tools/arm-none-eabi/include/c++/14.2.1/bits/stl_vector.h:998:7:constexpr std::vector<_Tp, _Alloc>::size_type std::vector<_Tp, _Alloc>::max_size() const [with _Tp = short unsigned int; _Alloc = std::allocator<short unsigned int>]	16	static
/Applications/MCUXpressoIDE_25.6.136/ide/plugins/com.nxp.mcuxpresso.tools.macosx_25.6.0.202501151204/tools/arm-none-eabi/include/c++/14.2.1/bits/stl_vector.h:305:7:constexpr const std::_Vector_base<_Tp, _Alloc>::_Tp_alloc_type& std::_Vector_base<_Tp, _Alloc>::_M_get_Tp_allocator() const [with _Tp = short unsigned int; _Alloc = std::allocator<short unsigned int>]	16	static
/Applications/MCUXpressoIDE_25.6.136/ide/plugins/com.nxp.mcuxpresso.tools.macosx_25.6.0.202501151204/tools/arm-none-eabi/include/c++/14.2.1/bits/stl_vector.h:1906:7:constexpr std::vector<_Tp, _Alloc>::size_type std::vector<_Tp, _Alloc>::_M_check_len(size_type, const char*) const [with _Tp = short unsigned int; _Alloc = std::allocator<short unsigned int>]	40	static
/Applications/MCUXpressoIDE_25.6.136/ide/plugins/com.nxp.mcuxpresso.tools.macosx_25.6.0.202501151204/tools/arm-none-eabi/include/c++/14.2.1/bits/vector.tcc:844:3:constexpr std::vector<_Tp, _Alloc>::_M_default_append(size_type)::_Guard::_Guard(std::vector<_Tp, _Alloc>::pointer, std::vector<_Tp, _Alloc>::size_type, std::vector<_Tp, _Alloc>::_Tp_alloc_type&) [with _Tp = short unsigned int; _Alloc = std::allocator<short unsigned int>]	24	static
/Applications/MCUXpressoIDE_25.6.136/ide/plugins/com.nxp.mcuxpresso.tools.macosx_25.6.0.202501151204/tools/arm-none-eabi/include/c++/14.2.1/bits/vector.tcc:849:3:constexpr std::vector<_Tp, _Alloc>::_M_default_append(size_type)::_Guard::~_Guard() [with _Tp = short unsigned int; _Alloc = std::allocator<short unsigned int>]	40	static
/Applications/MCUXpressoIDE_25.6.136/ide/plugins/com.nxp.mcuxpresso.tools.macosx_25.6.0.202501151204/tools/arm-none-eabi/include/c++/14.2.1/bits/vector.tcc:805:5:constexpr void std::vector<_Tp, _Alloc>::_M_default_append(size_type) [with _Tp = short unsigned int; _Alloc = std::allocator<short unsigned int>]	64	static
/Applications/MCUXpressoIDE_25.6.136/ide/plugins/com.nxp.mcuxpresso.tools.macosx_25.6.0.202501151204/tools/arm-none-eabi/include/c++/14.2.1/bits/stl_vector.h:1943:7:constexpr void std::vector<_Tp, _Alloc>::_M_erase_at_end(pointer) [with _Tp = short unsigned int; _Alloc = std::allocator<short unsigned int>]	40	static
/Applications/MCUXpressoIDE_25.6.136/ide/plugins/com.nxp.mcuxpresso.tools.macosx_25.6.0.202501151204/tools/arm-none-eabi/include/c++/14.2.1/bits/std_function.h:150:4:static void std::_Function_base::_Base_manager<_Functor>::_M_create(std::_Any_data&, _Fn&&, std::true_type) [with _Fn = AFE_base::init()::<lambda()>; _Functor = AFE_base::init()::<lambda()>]	32	static
/Applications/MCUXpressoIDE_25.6.136/ide/plugins/com.nxp.mcuxpresso.tools.macosx_25.6.0.202501151204/tools/arm-none-eabi/include/c++/14.2.1/bits/std_function.h:134:2:static _Functor* std::_Function_base::_Base_manager<_Functor>::_M_get_pointer(const std::_Any_data&) [with _Functor = AFE_base::init()::<lambda()>]	24	static
/Applications/MCUXpressoIDE_25.6.136/ide/plugins/com.nxp.mcuxpresso.tools.macosx_25.6.0.202501151204/tools/arm-none-eabi/include/c++/14.2.1/bits/invoke.h:104:5:) [with _Res = void; _Callable = AFE_base::init()::<lambda()>&; _Args = {}]	24	static
/Applications/MCUXpressoIDE_25.6.136/ide/plugins/com.nxp.mcuxpresso.tools.macosx_25.6.0.202501151204/tools/arm-none-eabi/include/c++/14.2.1/bits/std_function.h:90:7:_Tp& std::_Any_data::_M_access() [with _Tp = AFE_base::init()::<lambda()>*]	16	static
/Applications/MCUXpressoIDE_25.6.136/ide/plugins/com.nxp.mcuxpresso.tools.macosx_25.6.0.202501151204/tools/arm-none-eabi/include/c++/14.2.1/bits/std_function.h:180:2:static bool std::_Function_base::_Base_manager<_Functor>::_M_manager(std::_Any_data&, const std::_Any_data&, std::_Manager_operation) [with _Functor = AFE_base::init()::<lambda()>]	32	static
/Applications/MCUXpressoIDE_25.6.136/ide/plugins/com.nxp.mcuxpresso.tools.macosx_25.6.0.202501151204/tools/arm-none-eabi/include/c++/14.2.1/bits/move.h:214:5:constexpr std::_Require<std::__not_<std::__is_tuple_like<_Tp> >, std::is_move_constructible<_Tp>, std::is_move_assignable<_Tp> > std::swap(_Tp&, _Tp&) [with _Tp = _Any_data]	24	static
/Applications/MCUXpressoIDE_25.6.136/ide/plugins/com.nxp.mcuxpresso.tools.macosx_25.6.0.202501151204/tools/arm-none-eabi/include/c++/14.2.1/bits/move.h:214:5:constexpr std::_Require<std::__not_<std::__is_tuple_like<_Tp> >, std::is_move_constructible<_Tp>, std::is_move_assignable<_Tp> > std::swap(_Tp&, _Tp&) [with _Tp = bool (*)(_Any_data&, const _Any_data&, _Manager_operation)]	24	static
/Applications/MCUXpressoIDE_25.6.136/ide/plugins/com.nxp.mcuxpresso.tools.macosx_25.6.0.202501151204/tools/arm-none-eabi/include/c++/14.2.1/bits/move.h:214:5:constexpr std::_Require<std::__not_<std::__is_tuple_like<_Tp> >, std::is_move_constructible<_Tp>, std::is_move_assignable<_Tp> > std::swap(_Tp&, _Tp&) [with _Tp = void (*)(const _Any_data&)]	24	static
/Applications/MCUXpressoIDE_25.6.136/ide/plugins/com.nxp.mcuxpresso.tools.macosx_25.6.0.202501151204/tools/arm-none-eabi/include/c++/14.2.1/bits/std_function.h:150:4:static void std::_Function_base::_Base_manager<_Functor>::_M_create(std::_Any_data&, _Fn&&, std::true_type) [with _Fn = AFE_base::use_DRDY_trigger(bool)::<lambda()>; _Functor = AFE_base::use_DRDY_trigger(bool)::<lambda()>]	32	static
/Applications/MCUXpressoIDE_25.6.136/ide/plugins/com.nxp.mcuxpresso.tools.macosx_25.6.0.202501151204/tools/arm-none-eabi/include/c++/14.2.1/bits/std_function.h:134:2:static _Functor* std::_Function_base::_Base_manager<_Functor>::_M_get_pointer(const std::_Any_data&) [with _Functor = AFE_base::use_DRDY_trigger(bool)::<lambda()>]	24	static
/Applications/MCUXpressoIDE_25.6.136/ide/plugins/com.nxp.mcuxpresso.tools.macosx_25.6.0.202501151204/tools/arm-none-eabi/include/c++/14.2.1/bits/invoke.h:104:5:) [with _Res = void; _Callable = AFE_base::use_DRDY_trigger(bool)::<lambda()>&; _Args = {}]	24	static
/Applications/MCUXpressoIDE_25.6.136/ide/plugins/com.nxp.mcuxpresso.tools.macosx_25.6.0.202501151204/tools/arm-none-eabi/include/c++/14.2.1/bits/std_function.h:90:7:_Tp& std::_Any_data::_M_access() [with _Tp = AFE_base::use_DRDY_trigger(bool)::<lambda()>*]	16	static
/Applications/MCUXpressoIDE_25.6.136/ide/plugins/com.nxp.mcuxpresso.tools.macosx_25.6.0.202501151204/tools/arm-none-eabi/include/c++/14.2.1/bits/std_function.h:180:2:static bool std::_Function_base::_Base_manager<_Functor>::_M_manager(std::_Any_data&, const std::_Any_data&, std::_Manager_operation) [with _Functor = AFE_base::use_DRDY_trigger(bool)::<lambda()>]	32	static
/Applications/MCUXpressoIDE_25.6.136/ide/plugins/com.nxp.mcuxpresso.tools.macosx_25.6.0.202501151204/tools/arm-none-eabi/include/c++/14.2.1/bits/stl_algobase.h:316:5:constexpr _Iterator std::__niter_base(_Iterator) [with _Iterator = long int*]	16	static
/Applications/MCUXpressoIDE_25.6.136/ide/plugins/com.nxp.mcuxpresso.tools.macosx_25.6.0.202501151204/tools/arm-none-eabi/include/c++/14.2.1/bits/stl_iterator.h:1348:5:constexpr _Iterator std::__niter_base(__gnu_cxx::__normal_iterator<_Iterator, _Container>) [with _Iterator = long int*; _Container = vector<long int>]	16	static
/Applications/MCUXpressoIDE_25.6.136/ide/plugins/com.nxp.mcuxpresso.tools.macosx_25.6.0.202501151204/tools/arm-none-eabi/include/c++/14.2.1/bits/stl_algobase.h:547:5:constexpr _OI std::__copy_move_a1(_II, _II, _OI) [with bool _IsMove = false; _II = long int*; _OI = long int*]	24	static
/Applications/MCUXpressoIDE_25.6.136/ide/plugins/com.nxp.mcuxpresso.tools.macosx_25.6.0.202501151204/tools/arm-none-eabi/include/c++/14.2.1/bits/stl_algobase.h:346:5:constexpr _From std::__niter_wrap(_From, _To) [with _From = __gnu_cxx::__normal_iterator<long int*, vector<long int> >; _To = long int*]	24	static
/Applications/MCUXpressoIDE_25.6.136/ide/plugins/com.nxp.mcuxpresso.tools.macosx_25.6.0.202501151204/tools/arm-none-eabi/include/c++/14.2.1/bits/move.h:51:5:constexpr _Tp* std::__addressof(_Tp&) [with _Tp = short unsigned int]	16	static
/Applications/MCUXpressoIDE_25.6.136/ide/plugins/com.nxp.mcuxpresso.tools.macosx_25.6.0.202501151204/tools/arm-none-eabi/include/c++/14.2.1/bits/stl_construct.h:109:5:) [with _Tp = short unsigned int; _Args = {const short unsigned int&}]	24	static
/Applications/MCUXpressoIDE_25.6.136/ide/plugins/com.nxp.mcuxpresso.tools.macosx_25.6.0.202501151204/tools/arm-none-eabi/include/c++/14.2.1/bits/stl_construct.h:182:5:constexpr void std::_Destroy(_ForwardIterator, _ForwardIterator) [with _ForwardIterator = short unsigned int*]	16	static
/Applications/MCUXpressoIDE_25.6.136/ide/plugins/com.nxp.mcuxpresso.tools.macosx_25.6.0.202501151204/tools/arm-none-eabi/include/c++/14.2.1/bits/stl_uninitialized.h:145:9:static _ForwardIterator std::__uninitialized_copy<true>::__uninit_copy(_InputIterator, _InputIterator, _ForwardIterator) [with _InputIterator = const short unsigned int*; _ForwardIterator = short unsigned int*]	24	static
/Applications/MCUXpressoIDE_25.6.136/ide/plugins/com.nxp.mcuxpresso.tools.macosx_25.6.0.202501151204/tools/arm-none-eabi/include/c++/14.2.1/bits/stl_uninitialized.h:777:5:constexpr _ForwardIterator std::__uninitialized_default_n_a(_ForwardIterator, _Size, allocator<_Tp>&) [with _ForwardIterator = short unsigned int*; _Size = unsigned int; _Tp = short unsigned int]	24	static
/Applications/MCUXpressoIDE_25.6.136/ide/plugins/com.nxp.mcuxpresso.tools.macosx_25.6.0.202501151204/tools/arm-none-eabi/include/c++/14.2.1/bits/stl_vector.h:504:7:static constexpr std::vector<_Tp, _Alloc>::pointer std::vector<_Tp, _Alloc>::_S_relocate(pointer, pointer, pointer, _Tp_alloc_type&) [with _Tp = short unsigned int; _Alloc = std::allocator<short unsigned int>]	24	static
/Applications/MCUXpressoIDE_25.6.136/ide/plugins/com.nxp.mcuxpresso.tools.macosx_25.6.0.202501151204/tools/arm-none-eabi/include/c++/14.2.1/bits/std_function.h:95:7:const _Tp& std::_Any_data::_M_access() const [with _Tp = AFE_base::init()::<lambda()>]	16	static
/Applications/MCUXpressoIDE_25.6.136/ide/plugins/com.nxp.mcuxpresso.tools.macosx_25.6.0.202501151204/tools/arm-none-eabi/include/c++/14.2.1/bits/move.h:51:5:constexpr _Tp* std::__addressof(_Tp&) [with _Tp = const AFE_base::init()::<lambda()>]	16	static
/Applications/MCUXpressoIDE_25.6.136/ide/plugins/com.nxp.mcuxpresso.tools.macosx_25.6.0.202501151204/tools/arm-none-eabi/include/c++/14.2.1/bits/move.h:70:5:constexpr _Tp&& std::forward(typename remove_reference<_Functor>::type&) [with _Tp = AFE_base::init()::<lambda()>&]	16	static
/Applications/MCUXpressoIDE_25.6.136/ide/plugins/com.nxp.mcuxpresso.tools.macosx_25.6.0.202501151204/tools/arm-none-eabi/include/c++/14.2.1/bits/invoke.h:60:5:) [with _Res = void; _Fn = AFE_base::init()::<lambda()>&; _Args = {}]	16	static
/Applications/MCUXpressoIDE_25.6.136/ide/plugins/com.nxp.mcuxpresso.tools.macosx_25.6.0.202501151204/tools/arm-none-eabi/include/c++/14.2.1/bits/std_function.h:90:7:_Tp& std::_Any_data::_M_access() [with _Tp = const std::type_info*]	16	static
/Applications/MCUXpressoIDE_25.6.136/ide/plugins/com.nxp.mcuxpresso.tools.macosx_25.6.0.202501151204/tools/arm-none-eabi/include/c++/14.2.1/bits/std_function.h:211:4:static void std::_Function_base::_Base_manager<_Functor>::_M_init_functor(std::_Any_data&, _Fn&&) [with _Fn = const AFE_base::init()::<lambda()>&; _Functor = AFE_base::init()::<lambda()>]	24	static
/Applications/MCUXpressoIDE_25.6.136/ide/plugins/com.nxp.mcuxpresso.tools.macosx_25.6.0.202501151204/tools/arm-none-eabi/include/c++/14.2.1/bits/std_function.h:166:2:static void std::_Function_base::_Base_manager<_Functor>::_M_destroy(std::_Any_data&, std::true_type) [with _Functor = AFE_base::init()::<lambda()>]	16	static
/Applications/MCUXpressoIDE_25.6.136/ide/plugins/com.nxp.mcuxpresso.tools.macosx_25.6.0.202501151204/tools/arm-none-eabi/include/c++/14.2.1/bits/move.h:127:5:constexpr typename std::remove_reference<_Tp>::type&& std::move(_Tp&&) [with _Tp = _Any_data&]	16	static
/Applications/MCUXpressoIDE_25.6.136/ide/plugins/com.nxp.mcuxpresso.tools.macosx_25.6.0.202501151204/tools/arm-none-eabi/include/c++/14.2.1/bits/move.h:127:5:constexpr typename std::remove_reference<_Tp>::type&& std::move(_Tp&&) [with _Tp = bool (*&)(_Any_data&, const _Any_data&, _Manager_operation)]	16	static
/Applications/MCUXpressoIDE_25.6.136/ide/plugins/com.nxp.mcuxpresso.tools.macosx_25.6.0.202501151204/tools/arm-none-eabi/include/c++/14.2.1/bits/move.h:127:5:constexpr typename std::remove_reference<_Tp>::type&& std::move(_Tp&&) [with _Tp = void (*&)(const _Any_data&)]	16	static
/Applications/MCUXpressoIDE_25.6.136/ide/plugins/com.nxp.mcuxpresso.tools.macosx_25.6.0.202501151204/tools/arm-none-eabi/include/c++/14.2.1/bits/std_function.h:95:7:const _Tp& std::_Any_data::_M_access() const [with _Tp = AFE_base::use_DRDY_trigger(bool)::<lambda()>]	16	static
/Applications/MCUXpressoIDE_25.6.136/ide/plugins/com.nxp.mcuxpresso.tools.macosx_25.6.0.202501151204/tools/arm-none-eabi/include/c++/14.2.1/bits/move.h:51:5:constexpr _Tp* std::__addressof(_Tp&) [with _Tp = const AFE_base::use_DRDY_trigger(bool)::<lambda()>]	16	static
/Applications/MCUXpressoIDE_25.6.136/ide/plugins/com.nxp.mcuxpresso.tools.macosx_25.6.0.202501151204/tools/arm-none-eabi/include/c++/14.2.1/bits/move.h:70:5:constexpr _Tp&& std::forward(typename remove_reference<_Functor>::type&) [with _Tp = AFE_base::use_DRDY_trigger(bool)::<lambda()>&]	16	static
/Applications/MCUXpressoIDE_25.6.136/ide/plugins/com.nxp.mcuxpresso.tools.macosx_25.6.0.202501151204/tools/arm-none-eabi/include/c++/14.2.1/bits/invoke.h:60:5:) [with _Res = void; _Fn = AFE_base::use_DRDY_trigger(bool)::<lambda()>&; _Args = {}]	16	static
/Applications/MCUXpressoIDE_25.6.136/ide/plugins/com.nxp.mcuxpresso.tools.macosx_25.6.0.202501151204/tools/arm-none-eabi/include/c++/14.2.1/bits/std_function.h:211:4:static void std::_Function_base::_Base_manager<_Functor>::_M_init_functor(std::_Any_data&, _Fn&&) [with _Fn = const AFE_base::use_DRDY_trigger(bool)::<lambda()>&; _Functor = AFE_base::use_DRDY_trigger(bool)::<lambda()>]	24	static
/Applications/MCUXpressoIDE_25.6.136/ide/plugins/com.nxp.mcuxpresso.tools.macosx_25.6.0.202501151204/tools/arm-none-eabi/include/c++/14.2.1/bits/std_function.h:166:2:static void std::_Function_base::_Base_manager<_Functor>::_M_destroy(std::_Any_data&, std::true_type) [with _Functor = AFE_base::use_DRDY_trigger(bool)::<lambda()>]	16	static
/Applications/MCUXpressoIDE_25.6.136/ide/plugins/com.nxp.mcuxpresso.tools.macosx_25.6.0.202501151204/tools/arm-none-eabi/include/c++/14.2.1/bits/stl_iterator.h:1153:7:constexpr const _Iterator& __gnu_cxx::__normal_iterator<_Iterator, _Container>::base() const [with _Iterator = long int*; _Container = std::vector<long int>]	16	static
/Applications/MCUXpressoIDE_25.6.136/ide/plugins/com.nxp.mcuxpresso.tools.macosx_25.6.0.202501151204/tools/arm-none-eabi/include/c++/14.2.1/bits/stl_algobase.h:512:5:constexpr _OI std::__copy_move_a2(_II, _II, _OI) [with bool _IsMove = false; _II = long int*; _OI = long int*]	24	static
/Applications/MCUXpressoIDE_25.6.136/ide/plugins/com.nxp.mcuxpresso.tools.macosx_25.6.0.202501151204/tools/arm-none-eabi/include/c++/14.2.1/bits/stl_iterator.h:1138:7:constexpr __gnu_cxx::__normal_iterator<_Iterator, _Container> __gnu_cxx::__normal_iterator<_Iterator, _Container>::operator+(difference_type) const [with _Iterator = long int*; _Container = std::vector<long int>]	24	static
/Applications/MCUXpressoIDE_25.6.136/ide/plugins/com.nxp.mcuxpresso.tools.macosx_25.6.0.202501151204/tools/arm-none-eabi/include/c++/14.2.1/bits/move.h:70:5:constexpr _Tp&& std::forward(typename remove_reference<_Functor>::type&) [with _Tp = const short unsigned int&]	16	static
/Applications/MCUXpressoIDE_25.6.136/ide/plugins/com.nxp.mcuxpresso.tools.macosx_25.6.0.202501151204/tools/arm-none-eabi/include/c++/14.2.1/bits/stl_construct.h:94:5:) [with _Tp = short unsigned int; _Args = {const short unsigned int&}]	24	static
/Applications/MCUXpressoIDE_25.6.136/ide/plugins/com.nxp.mcuxpresso.tools.macosx_25.6.0.202501151204/tools/arm-none-eabi/include/c++/14.2.1/bits/stl_construct.h:160:2:static constexpr void std::_Destroy_aux<<anonymous> >::__destroy(_ForwardIterator, _ForwardIterator) [with _ForwardIterator = short unsigned int*; bool <anonymous> = false]	16	static
/Applications/MCUXpressoIDE_25.6.136/ide/plugins/com.nxp.mcuxpresso.tools.macosx_25.6.0.202501151204/tools/arm-none-eabi/include/c++/14.2.1/bits/stl_construct.h:172:9:static void std::_Destroy_aux<true>::__destroy(_ForwardIterator, _ForwardIterator) [with _ForwardIterator = short unsigned int*]	16	static
/Applications/MCUXpressoIDE_25.6.136/ide/plugins/com.nxp.mcuxpresso.tools.macosx_25.6.0.202501151204/tools/arm-none-eabi/include/c++/14.2.1/bits/stl_algobase.h:642:5:constexpr _OI std::copy(_II, _II, _OI) [with _II = const short unsigned int*; _OI = short unsigned int*]	32	static
/Applications/MCUXpressoIDE_25.6.136/ide/plugins/com.nxp.mcuxpresso.tools.macosx_25.6.0.202501151204/tools/arm-none-eabi/include/c++/14.2.1/bits/stl_uninitialized.h:696:5:constexpr _ForwardIterator std::__uninitialized_default_n(_ForwardIterator, _Size) [with _ForwardIterator = short unsigned int*; _Size = unsigned int]	24	static
/Applications/MCUXpressoIDE_25.6.136/ide/plugins/com.nxp.mcuxpresso.tools.macosx_25.6.0.202501151204/tools/arm-none-eabi/include/c++/14.2.1/bits/stl_uninitialized.h:1139:5:constexpr _ForwardIterator std::__relocate_a(_InputIterator, _InputIterator, _ForwardIterator, _Allocator&) [with _InputIterator = short unsigned int*; _ForwardIterator = short unsigned int*; _Allocator = allocator<short unsigned int>]	32	static
/Applications/MCUXpressoIDE_25.6.136/ide/plugins/com.nxp.mcuxpresso.tools.macosx_25.6.0.202501151204/tools/arm-none-eabi/include/c++/14.2.1/bits/move.h:70:5:constexpr _Tp&& std::forward(typename remove_reference<_Functor>::type&) [with _Tp = const AFE_base::init()::<lambda()>&]	16	static
/Applications/MCUXpressoIDE_25.6.136/ide/plugins/com.nxp.mcuxpresso.tools.macosx_25.6.0.202501151204/tools/arm-none-eabi/include/c++/14.2.1/bits/std_function.h:150:4:static void std::_Function_base::_Base_manager<_Functor>::_M_create(std::_Any_data&, _Fn&&, std::true_type) [with _Fn = const AFE_base::init()::<lambda()>&; _Functor = AFE_base::init()::<lambda()>]	32	static
/Applications/MCUXpressoIDE_25.6.136/ide/plugins/com.nxp.mcuxpresso.tools.macosx_25.6.0.202501151204/tools/arm-none-eabi/include/c++/14.2.1/bits/std_function.h:90:7:_Tp& std::_Any_data::_M_access() [with _Tp = AFE_base::init()::<lambda()>]	16	static
/Applications/MCUXpressoIDE_25.6.136/ide/plugins/com.nxp.mcuxpresso.tools.macosx_25.6.0.202501151204/tools/arm-none-eabi/include/c++/14.2.1/bits/move.h:70:5:constexpr _Tp&& std::forward(typename remove_reference<_Functor>::type&) [with _Tp = const AFE_base::use_DRDY_trigger(bool)::<lambda()>&]	16	static
/Applications/MCUXpressoIDE_25.6.136/ide/plugins/com.nxp.mcuxpresso.tools.macosx_25.6.0.202501151204/tools/arm-none-eabi/include/c++/14.2.1/bits/std_function.h:150:4:static void std::_Function_base::_Base_manager<_Functor>::_M_create(std::_Any_data&, _Fn&&, std::true_type) [with _Fn = const AFE_base::use_DRDY_trigger(bool)::<lambda()>&; _Functor = AFE_base::use_DRDY_trigger(bool)::<lambda()>]	32	static
/Applications/MCUXpressoIDE_25.6.136/ide/plugins/com.nxp.mcuxpresso.tools.macosx_25.6.0.202501151204/tools/arm-none-eabi/include/c++/14.2.1/bits/std_function.h:90:7:_Tp& std::_Any_data::_M_access() [with _Tp = AFE_base::use_DRDY_trigger(bool)::<lambda()>]	16	static
/Applications/MCUXpressoIDE_25.6.136/ide/plugins/com.nxp.mcuxpresso.tools.macosx_25.6.0.202501151204/tools/arm-none-eabi/include/c++/14.2.1/bits/stl_algobase.h:398:2:static constexpr _OI std::__copy_move<false, false, std::random_access_iterator_tag>::__copy_m(_II, _II, _OI) [with _II = long int*; _OI = long int*]	32	static
/Applications/MCUXpressoIDE_25.6.136/ide/plugins/com.nxp.mcuxpresso.tools.macosx_25.6.0.202501151204/tools/arm-none-eabi/include/c++/14.2.1/bits/stl_algobase.h:448:2:static constexpr _Up* std::__copy_move<_IsMove, true, std::random_access_iterator_tag>::__copy_m(_Tp*, _Tp*, _Up*) [with _Tp = long int; _Up = long int; bool _IsMove = false]	32	static
/Applications/MCUXpressoIDE_25.6.136/ide/plugins/com.nxp.mcuxpresso.tools.macosx_25.6.0.202501151204/tools/arm-none-eabi/include/c++/14.2.1/bits/new_allocator.h:156:7:void std::__new_allocator<_Tp>::deallocate(_Tp*, size_type) [with _Tp = short unsigned int]	24	static
/Applications/MCUXpressoIDE_25.6.136/ide/plugins/com.nxp.mcuxpresso.tools.macosx_25.6.0.202501151204/tools/arm-none-eabi/include/c++/14.2.1/bits/stl_construct.h:146:5:constexpr void std::_Destroy(_Tp*) [with _Tp = short unsigned int]	16	static
/Applications/MCUXpressoIDE_25.6.136/ide/plugins/com.nxp.mcuxpresso.tools.macosx_25.6.0.202501151204/tools/arm-none-eabi/include/c++/14.2.1/bits/cpp_type_traits.h:607:5:constexpr _Iterator std::__miter_base(_Iterator) [with _Iterator = const short unsigned int*]	16	static
/Applications/MCUXpressoIDE_25.6.136/ide/plugins/com.nxp.mcuxpresso.tools.macosx_25.6.0.202501151204/tools/arm-none-eabi/include/c++/14.2.1/bits/stl_algobase.h:553:5:constexpr _OI std::__copy_move_a(_II, _II, _OI) [with bool _IsMove = false; _II = const short unsigned int*; _OI = short unsigned int*]	32	static
/Applications/MCUXpressoIDE_25.6.136/ide/plugins/com.nxp.mcuxpresso.tools.macosx_25.6.0.202501151204/tools/arm-none-eabi/include/c++/14.2.1/bits/stl_uninitialized.h:637:9:static constexpr _ForwardIterator std::__uninitialized_default_n_1<_TrivialValueType>::__uninit_default_n(_ForwardIterator, _Size) [with _ForwardIterator = short unsigned int*; _Size = unsigned int; bool _TrivialValueType = false]	24	static
/Applications/MCUXpressoIDE_25.6.136/ide/plugins/com.nxp.mcuxpresso.tools.macosx_25.6.0.202501151204/tools/arm-none-eabi/include/c++/14.2.1/bits/stl_uninitialized.h:660:9:static constexpr _ForwardIterator std::__uninitialized_default_n_1<true>::__uninit_default_n(_ForwardIterator, _Size) [with _ForwardIterator = short unsigned int*; _Size = unsigned int]	24	static
/Applications/MCUXpressoIDE_25.6.136/ide/plugins/com.nxp.mcuxpresso.tools.macosx_25.6.0.202501151204/tools/arm-none-eabi/include/c++/14.2.1/bits/stl_algobase.h:316:5:constexpr _Iterator std::__niter_base(_Iterator) [with _Iterator = short unsigned int*]	16	static
/Applications/MCUXpressoIDE_25.6.136/ide/plugins/com.nxp.mcuxpresso.tools.macosx_25.6.0.202501151204/tools/arm-none-eabi/include/c++/14.2.1/bits/stl_iterator.h:1067:7:constexpr __gnu_cxx::__normal_iterator<_Iterator, _Container>::__normal_iterator(const _Iterator&) [with _Iterator = short unsigned int*; _Container = void]	16	static
/Applications/MCUXpressoIDE_25.6.136/ide/plugins/com.nxp.mcuxpresso.tools.macosx_25.6.0.202501151204/tools/arm-none-eabi/include/c++/14.2.1/bits/stl_uninitialized.h:1112:5:constexpr std::__enable_if_t<((bool)std::__is_bitwise_relocatable<_Tp>::value), _Tp*> std::__relocate_a_1(_Tp*, _Tp*, _Tp*, allocator<_T2>&) [with _Tp = short unsigned int; _Up = short unsigned int]	32	static
/Applications/MCUXpressoIDE_25.6.136/ide/plugins/com.nxp.mcuxpresso.tools.macosx_25.6.0.202501151204/tools/arm-none-eabi/include/c++/14.2.1/bits/stl_algobase.h:412:2:static void std::__copy_move<false, false, std::random_access_iterator_tag>::__assign_one(_Tp*, _Up*) [with _Tp = long int; _Up = long int]	16	static
/Applications/MCUXpressoIDE_25.6.136/ide/plugins/com.nxp.mcuxpresso.tools.macosx_25.6.0.202501151204/tools/arm-none-eabi/include/c++/14.2.1/bits/stl_construct.h:80:5:constexpr void std::destroy_at(_Tp*) [with _Tp = short unsigned int]	16	static
/Applications/MCUXpressoIDE_25.6.136/ide/plugins/com.nxp.mcuxpresso.tools.macosx_25.6.0.202501151204/tools/arm-none-eabi/include/c++/14.2.1/bits/stl_algobase.h:316:5:constexpr _Iterator std::__niter_base(_Iterator) [with _Iterator = const short unsigned int*]	16	static
/Applications/MCUXpressoIDE_25.6.136/ide/plugins/com.nxp.mcuxpresso.tools.macosx_25.6.0.202501151204/tools/arm-none-eabi/include/c++/14.2.1/bits/stl_algobase.h:547:5:constexpr _OI std::__copy_move_a1(_II, _II, _OI) [with bool _IsMove = false; _II = const short unsigned int*; _OI = short unsigned int*]	24	static
/Applications/MCUXpressoIDE_25.6.136/ide/plugins/com.nxp.mcuxpresso.tools.macosx_25.6.0.202501151204/tools/arm-none-eabi/include/c++/14.2.1/bits/stl_algobase.h:353:5:constexpr _Iterator std::__niter_wrap(const _Iterator&, _Iterator) [with _Iterator = short unsigned int*]	16	static
/Applications/MCUXpressoIDE_25.6.136/ide/plugins/com.nxp.mcuxpresso.tools.macosx_25.6.0.202501151204/tools/arm-none-eabi/include/c++/14.2.1/bits/stl_construct.h:109:5:) [with _Tp = short unsigned int; _Args = {}]	16	static
/Applications/MCUXpressoIDE_25.6.136/ide/plugins/com.nxp.mcuxpresso.tools.macosx_25.6.0.202501151204/tools/arm-none-eabi/include/c++/14.2.1/bits/stl_algobase.h:1175:5:constexpr _OI std::fill_n(_OI, _Size, const _Tp&) [with _OI = short unsigned int*; _Size = unsigned int; _Tp = short unsigned int]	32	static
/Applications/MCUXpressoIDE_25.6.136/ide/plugins/com.nxp.mcuxpresso.tools.macosx_25.6.0.202501151204/tools/arm-none-eabi/include/c++/14.2.1/bits/stl_uninitialized.h:1089:5:constexpr _ForwardIterator std::__relocate_a_1(_InputIterator, _InputIterator, _ForwardIterator, _Allocator&) [with _InputIterator = short unsigned int*; _ForwardIterator = __gnu_cxx::__normal_iterator<short unsigned int*, void>; _Allocator = allocator<short unsigned int>]	40	static
/Applications/MCUXpressoIDE_25.6.136/ide/plugins/com.nxp.mcuxpresso.tools.macosx_25.6.0.202501151204/tools/arm-none-eabi/include/c++/14.2.1/bits/stl_iterator.h:1153:7:constexpr const _Iterator& __gnu_cxx::__normal_iterator<_Iterator, _Container>::base() const [with _Iterator = short unsigned int*; _Container = void]	16	static
/Applications/MCUXpressoIDE_25.6.136/ide/plugins/com.nxp.mcuxpresso.tools.macosx_25.6.0.202501151204/tools/arm-none-eabi/include/c++/14.2.1/bits/stl_algobase.h:512:5:constexpr _OI std::__copy_move_a2(_II, _II, _OI) [with bool _IsMove = false; _II = const short unsigned int*; _OI = short unsigned int*]	24	static
/Applications/MCUXpressoIDE_25.6.136/ide/plugins/com.nxp.mcuxpresso.tools.macosx_25.6.0.202501151204/tools/arm-none-eabi/include/c++/14.2.1/bits/stl_construct.h:94:5:) [with _Tp = short unsigned int; _Args = {}]	16	static
/Applications/MCUXpressoIDE_25.6.136/ide/plugins/com.nxp.mcuxpresso.tools.macosx_25.6.0.202501151204/tools/arm-none-eabi/include/c++/14.2.1/bits/stl_algobase.h:1140:5:constexpr _OutputIterator std::__fill_n_a(_OutputIterator, _Size, const _Tp&, random_access_iterator_tag) [with _OutputIterator = short unsigned int*; _Size = unsigned int; _Tp = short unsigned int]	24	static
/Applications/MCUXpressoIDE_25.6.136/ide/plugins/com.nxp.mcuxpresso.tools.macosx_25.6.0.202501151204/tools/arm-none-eabi/include/c++/14.2.1/bits/stl_iterator.h:1100:7:constexpr __gnu_cxx::__normal_iterator<_Iterator, _Container>& __gnu_cxx::__normal_iterator<_Iterator, _Container>::operator++() [with _Iterator = short unsigned int*; _Container = void]	16	static
/Applications/MCUXpressoIDE_25.6.136/ide/plugins/com.nxp.mcuxpresso.tools.macosx_25.6.0.202501151204/tools/arm-none-eabi/include/c++/14.2.1/bits/stl_iterator.h:1090:7:constexpr __gnu_cxx::__normal_iterator<_Iterator, _Container>::reference __gnu_cxx::__normal_iterator<_Iterator, _Container>::operator*() const [with _Iterator = short unsigned int*; _Container = void]	16	static
/Applications/MCUXpressoIDE_25.6.136/ide/plugins/com.nxp.mcuxpresso.tools.macosx_25.6.0.202501151204/tools/arm-none-eabi/include/c++/14.2.1/bits/stl_uninitialized.h:1067:5:constexpr void std::__relocate_object_a(_Tp*, _Up*, _Allocator&) [with _Tp = short unsigned int; _Up = short unsigned int; _Allocator = allocator<short unsigned int>]	48	static
/Applications/MCUXpressoIDE_25.6.136/ide/plugins/com.nxp.mcuxpresso.tools.macosx_25.6.0.202501151204/tools/arm-none-eabi/include/c++/14.2.1/bits/stl_algobase.h:398:2:static constexpr _OI std::__copy_move<false, false, std::random_access_iterator_tag>::__copy_m(_II, _II, _OI) [with _II = const short unsigned int*; _OI = short unsigned int*]	32	static
/Applications/MCUXpressoIDE_25.6.136/ide/plugins/com.nxp.mcuxpresso.tools.macosx_25.6.0.202501151204/tools/arm-none-eabi/include/c++/14.2.1/bits/stl_algobase.h:448:2:static constexpr _Up* std::__copy_move<_IsMove, true, std::random_access_iterator_tag>::__copy_m(_Tp*, _Tp*, _Up*) [with _Tp = const short unsigned int; _Up = short unsigned int; bool _IsMove = false]	32	static
/Applications/MCUXpressoIDE_25.6.136/ide/plugins/com.nxp.mcuxpresso.tools.macosx_25.6.0.202501151204/tools/arm-none-eabi/include/c++/14.2.1/bits/stl_algobase.h:997:5:constexpr void std::__fill_a(_FIte, _FIte, const _Tp&) [with _FIte = short unsigned int*; _Tp = short unsigned int]	24	static
/Applications/MCUXpressoIDE_25.6.136/ide/plugins/com.nxp.mcuxpresso.tools.macosx_25.6.0.202501151204/tools/arm-none-eabi/include/c++/14.2.1/bits/move.h:127:5:constexpr typename std::remove_reference<_Tp>::type&& std::move(_Tp&&) [with _Tp = short unsigned int&]	16	static
/Applications/MCUXpressoIDE_25.6.136/ide/plugins/com.nxp.mcuxpresso.tools.macosx_25.6.0.202501151204/tools/arm-none-eabi/include/c++/14.2.1/bits/stl_algobase.h:412:2:static void std::__copy_move<false, false, std::random_access_iterator_tag>::__assign_one(_Tp*, _Up*) [with _Tp = short unsigned int; _Up = const short unsigned int]	16	static
/Applications/MCUXpressoIDE_25.6.136/ide/plugins/com.nxp.mcuxpresso.tools.macosx_25.6.0.202501151204/tools/arm-none-eabi/include/c++/14.2.1/bits/stl_algobase.h:947:5:constexpr typename __gnu_cxx::__enable_if<std::__is_scalar<_Tp>::__value, void>::__type std::__fill_a1(_ForwardIterator, _ForwardIterator, const _Tp&) [with _ForwardIterator = short unsigned int*; _Tp = short unsigned int]	32	static
/Applications/MCUXpressoIDE_25.6.136/ide/plugins/com.nxp.mcuxpresso.tools.macosx_25.6.0.202501151204/tools/arm-none-eabi/include/c++/14.2.1/bits/move.h:70:5:constexpr _Tp&& std::forward(typename remove_reference<_Functor>::type&) [with _Tp = short unsigned int]	16	static
/Applications/MCUXpressoIDE_25.6.136/ide/plugins/com.nxp.mcuxpresso.tools.macosx_25.6.0.202501151204/tools/arm-none-eabi/include/c++/14.2.1/bits/stl_construct.h:94:5:) [with _Tp = short unsigned int; _Args = {short unsigned int}]	24	static
../source/r01device/afe/AFE_NXP.cpp:573:1:void __static_initialization_and_destruction_0()	8	static
../source/r01device/afe/AFE_NXP.cpp:573:1:cpp)	8	static
