/Applications/MCUXpressoIDE_25.6.136/ide/plugins/com.nxp.mcuxpresso.tools.macosx_25.6.0.202501151204/tools/arm-none-eabi/include/c++/14.2.1/arm-none-eabi/thumb/v8-m.main/nofp/bits/gthr-default.h:229:1:int __gthread_key_delete(__gthread_key_t)	16	static
../source/r01device/I2C_device.cpp:9:1:Serial_device::Serial_device()	16	static
../source/r01device/I2C_device.cpp:10:1:Serial_device::~Serial_device()	16	static
../source/r01device/I2C_device.cpp:10:1:virtual Serial_device::~Serial_device()	16	static
../source/r01device/I2C_device.cpp:12:8:virtual void Serial_device::write_r16(uint8_t, uint16_t)	16	static
../source/r01device/I2C_device.cpp:13:10:virtual uint16_t Serial_device::read_r16(uint8_t)	16	static
../source/r01device/I2C_device.cpp:14:7:virtual void Serial_device::bit_op16(uint8_t, uint16_t, uint16_t)	24	static
../source/r01device/I2C_device.cpp:16:1:I2C_device::I2C_device(I2C&, uint8_t, bool)	24	static
../source/r01device/I2C_device.cpp:20:1:I2C_device::~I2C_device()	16	static
../source/r01device/I2C_device.cpp:20:1:virtual I2C_device::~I2C_device()	16	static
../source/r01device/I2C_device.cpp:24:6:void I2C_device::repeated_start_enable(bool)	16	static
../source/r01device/I2C_device.cpp:29:6:static void I2C_device::scan(I2C&, uint8_t)	16	static
../source/r01device/I2C_device.cpp:34:5:int I2C_device::tx(const uint8_t*, uint16_t, bool)	40	static
../source/r01device/I2C_device.cpp:39:5:int I2C_device::rx(uint8_t*, uint16_t)	40	static
../source/r01device/I2C_device.cpp:44:5:virtual int I2C_device::reg_w(uint8_t, const uint8_t*, uint16_t)	64	dynamic
../source/r01device/I2C_device.cpp:55:5:virtual int I2C_device::reg_w(uint8_t, uint8_t)	24	static
../source/r01device/I2C_device.cpp:65:5:virtual int I2C_device::reg_r(uint8_t, uint8_t*, uint16_t)	24	static
../source/r01device/I2C_device.cpp:71:9:virtual uint8_t I2C_device::reg_r(uint8_t)	24	static
../source/r01device/I2C_device.cpp:80:6:virtual void I2C_device::write_r8(uint8_t, uint8_t)	16	static
../source/r01device/I2C_device.cpp:85:6:virtual void I2C_device::write_r16(uint8_t, uint16_t)	32	static
../source/r01device/I2C_device.cpp:95:9:virtual uint8_t I2C_device::read_r8(uint8_t)	16	static
../source/r01device/I2C_device.cpp:100:10:virtual uint16_t I2C_device::read_r16(uint8_t)	32	static
../source/r01device/I2C_device.cpp:109:6:virtual void I2C_device::bit_op8(uint8_t, uint8_t, uint8_t)	24	static
../source/r01device/I2C_device.cpp:119:6:virtual void I2C_device::bit_op16(uint8_t, uint16_t, uint16_t)	32	static
../source/r01device/I2C_device.cpp:129:6:bool I2C_device::ping()	16	static
../source/r01device/I2C_device.cpp:134:9:uint8_t I2C_device::address()	16	static
../source/r01device/I2C_device.cpp:139:6:void I2C_device::address_overwrite(uint8_t)	16	static
../source/r01device/I2C_device.cpp:144:6:virtual void I2C_device::ccc_set(CCC, uint8_t)	24	static
../source/r01device/I2C_device.cpp:149:10:virtual uint8_t* I2C_device::ccc_get(CCC, uint8_t*, uint8_t)	40	static
