../startup/startup_mcxa153.cpp:371:6:void data_init(unsigned int, unsigned int, unsigned int)	4	static
../startup/startup_mcxa153.cpp:380:6:void bss_init(unsigned int, unsigned int)	0	static
../startup/startup_mcxa153.cpp:405:6:void ResetISR()	0	static
../startup/startup_mcxa153.cpp:491:14:void NMI_Handler()	0	static
../startup/startup_mcxa153.cpp:495:14:void HardFault_Handler()	0	static
../startup/startup_mcxa153.cpp:499:14:void MemManage_Handler()	0	static
../startup/startup_mcxa153.cpp:503:14:void BusFault_Handler()	0	static
../startup/startup_mcxa153.cpp:507:14:void UsageFault_Handler()	0	static
../startup/startup_mcxa153.cpp:511:14:void SecureFault_Handler()	0	static
../startup/startup_mcxa153.cpp:515:14:void SVC_Handler()	0	static
../startup/startup_mcxa153.cpp:519:14:void DebugMon_Handler()	0	static
../startup/startup_mcxa153.cpp:523:14:void PendSV_Handler()	0	static
../startup/startup_mcxa153.cpp:527:14:void SysTick_Handler()	0	static
../startup/startup_mcxa153.cpp:535:14:void IntDefaultHandler()	0	static
../startup/startup_mcxa153.cpp:545:11:void Reserved16_IRQHandler()	8	static
../startup/startup_mcxa153.cpp:549:11:void CMC_IRQHandler()	8	static
../startup/startup_mcxa153.cpp:553:11:void DMA_CH0_IRQHandler()	8	static
../startup/startup_mcxa153.cpp:557:11:void DMA_CH1_IRQHandler()	8	static
../startup/startup_mcxa153.cpp:561:11:void DMA_CH2_IRQHandler()	8	static
../startup/startup_mcxa153.cpp:565:11:void DMA_CH3_IRQHandler()	8	static
../startup/startup_mcxa153.cpp:569:11:void Reserved22_IRQHandler()	8	static
../startup/startup_mcxa153.cpp:573:11:void Reserved23_IRQHandler()	8	static
../startup/startup_mcxa153.cpp:577:11:void Reserved24_IRQHandler()	8	static
../startup/startup_mcxa153.cpp:581:11:void Reserved25_IRQHandler()	8	static
../startup/startup_mcxa153.cpp:585:11:void ERM0_SINGLE_BIT_IRQHandler()	8	static
../startup/startup_mcxa153.cpp:589:11:void ERM0_MULTI_BIT_IRQHandler()	8	static
../startup/startup_mcxa153.cpp:593:11:void FMU0_IRQHandler()	8	static
../startup/startup_mcxa153.cpp:597:11:void GLIKEY0_IRQHandler()	8	static
../startup/startup_mcxa153.cpp:601:11:void MBC0_IRQHandler()	8	static
../startup/startup_mcxa153.cpp:605:11:void SCG0_IRQHandler()	8	static
../startup/startup_mcxa153.cpp:609:11:void SPC0_IRQHandler()	8	static
../startup/startup_mcxa153.cpp:613:11:void Reserved33_IRQHandler()	8	static
../startup/startup_mcxa153.cpp:617:11:void WUU0_IRQHandler()	8	static
../startup/startup_mcxa153.cpp:621:11:void Reserved35_IRQHandler()	8	static
../startup/startup_mcxa153.cpp:625:11:void Reserved36_IRQHandler()	8	static
../startup/startup_mcxa153.cpp:629:11:void Reserved37_IRQHandler()	8	static
../startup/startup_mcxa153.cpp:633:11:void Reserved38_IRQHandler()	8	static
../startup/startup_mcxa153.cpp:637:11:void Reserved39_IRQHandler()	8	static
../startup/startup_mcxa153.cpp:641:11:void I3C0_IRQHandler()	8	static
../startup/startup_mcxa153.cpp:645:11:void Reserved41_IRQHandler()	8	static
../startup/startup_mcxa153.cpp:649:11:void LPI2C0_IRQHandler()	8	static
../startup/startup_mcxa153.cpp:653:11:void Reserved43_IRQHandler()	8	static
../startup/startup_mcxa153.cpp:657:11:void LPSPI0_IRQHandler()	8	static
../startup/startup_mcxa153.cpp:661:11:void LPSPI1_IRQHandler()	8	static
../startup/startup_mcxa153.cpp:665:11:void Reserved46_IRQHandler()	8	static
../startup/startup_mcxa153.cpp:669:11:void LPUART0_IRQHandler()	8	static
../startup/startup_mcxa153.cpp:673:11:void LPUART1_IRQHandler()	8	static
../startup/startup_mcxa153.cpp:677:11:void LPUART2_IRQHandler()	8	static
../startup/startup_mcxa153.cpp:681:11:void Reserved50_IRQHandler()	8	static
../startup/startup_mcxa153.cpp:685:11:void Reserved51_IRQHandler()	8	static
../startup/startup_mcxa153.cpp:689:11:void USB0_IRQHandler()	8	static
../startup/startup_mcxa153.cpp:693:11:void Reserved53_IRQHandler()	8	static
../startup/startup_mcxa153.cpp:697:11:void CDOG0_IRQHandler()	8	static
../startup/startup_mcxa153.cpp:701:11:void CTIMER0_IRQHandler()	8	static
../startup/startup_mcxa153.cpp:705:11:void CTIMER1_IRQHandler()	8	static
../startup/startup_mcxa153.cpp:709:11:void CTIMER2_IRQHandler()	8	static
../startup/startup_mcxa153.cpp:713:11:void Reserved58_IRQHandler()	8	static
../startup/startup_mcxa153.cpp:717:11:void Reserved59_IRQHandler()	8	static
../startup/startup_mcxa153.cpp:721:11:void FLEXPWM0_RELOAD_ERROR_IRQHandler()	8	static
../startup/startup_mcxa153.cpp:725:11:void FLEXPWM0_FAULT_IRQHandler()	8	static
../startup/startup_mcxa153.cpp:729:11:void FLEXPWM0_SUBMODULE0_IRQHandler()	8	static
../startup/startup_mcxa153.cpp:733:11:void FLEXPWM0_SUBMODULE1_IRQHandler()	8	static
../startup/startup_mcxa153.cpp:737:11:void FLEXPWM0_SUBMODULE2_IRQHandler()	8	static
../startup/startup_mcxa153.cpp:741:11:void Reserved65_IRQHandler()	8	static
../startup/startup_mcxa153.cpp:745:11:void QDC0_COMPARE_IRQHandler()	8	static
../startup/startup_mcxa153.cpp:749:11:void QDC0_HOME_IRQHandler()	8	static
../startup/startup_mcxa153.cpp:753:11:void QDC0_WATCHDOG_IRQHandler()	8	static
../startup/startup_mcxa153.cpp:757:11:void QDC0_INDEX_IRQHandler()	8	static
../startup/startup_mcxa153.cpp:761:11:void FREQME0_IRQHandler()	8	static
../startup/startup_mcxa153.cpp:765:11:void LPTMR0_IRQHandler()	8	static
../startup/startup_mcxa153.cpp:769:11:void Reserved72_IRQHandler()	8	static
../startup/startup_mcxa153.cpp:773:11:void OS_EVENT_IRQHandler()	8	static
../startup/startup_mcxa153.cpp:777:11:void WAKETIMER0_IRQHandler()	8	static
../startup/startup_mcxa153.cpp:781:11:void UTICK0_IRQHandler()	8	static
../startup/startup_mcxa153.cpp:785:11:void WWDT0_IRQHandler()	8	static
../startup/startup_mcxa153.cpp:789:11:void Reserved77_IRQHandler()	8	static
../startup/startup_mcxa153.cpp:793:11:void ADC0_IRQHandler()	8	static
../startup/startup_mcxa153.cpp:797:11:void Reserved79_IRQHandler()	8	static
../startup/startup_mcxa153.cpp:801:11:void CMP0_IRQHandler()	8	static
../startup/startup_mcxa153.cpp:805:11:void CMP1_IRQHandler()	8	static
../startup/startup_mcxa153.cpp:809:11:void Reserved82_IRQHandler()	8	static
../startup/startup_mcxa153.cpp:813:11:void Reserved83_IRQHandler()	8	static
../startup/startup_mcxa153.cpp:817:11:void Reserved84_IRQHandler()	8	static
../startup/startup_mcxa153.cpp:821:11:void Reserved85_IRQHandler()	8	static
../startup/startup_mcxa153.cpp:825:11:void Reserved86_IRQHandler()	8	static
../startup/startup_mcxa153.cpp:829:11:void GPIO0_IRQHandler()	8	static
../startup/startup_mcxa153.cpp:833:11:void GPIO1_IRQHandler()	8	static
../startup/startup_mcxa153.cpp:837:11:void GPIO2_IRQHandler()	8	static
../startup/startup_mcxa153.cpp:841:11:void GPIO3_IRQHandler()	8	static
