/Applications/MCUXpressoIDE_25.6.136/ide/plugins/com.nxp.mcuxpresso.tools.macosx_25.6.0.202501151204/tools/arm-none-eabi/include/c++/14.2.1/arm-none-eabi/thumb/v8-m.main/nofp/bits/gthr-default.h:229:1:int __gthread_key_delete(__gthread_key_t)	16	static
../source/r01device/misc/eeprom/M24C02.cpp:9:1:M24C02::M24C02(I2C&, uint8_t)	24	static
../source/r01device/misc/eeprom/M24C02.cpp:13:1:M24C02::~M24C02()	16	static
../source/r01device/misc/eeprom/M24C02.cpp:13:1:virtual M24C02::~M24C02()	16	static
../source/r01device/misc/eeprom/M24C02.cpp:17:6:void M24C02::begin()	16	static
../source/r01device/misc/eeprom/M24C02.cpp:21:5:int M24C02::write(int, uint8_t)	32	static
../source/r01device/misc/eeprom/M24C02.cpp:34:5:int M24C02::write(int, const uint8_t*, int)	40	static
../source/r01device/misc/eeprom/M24C02.cpp:61:5:int M24C02::wait_write_complete(int)	16	static
../source/r01device/misc/eeprom/M24C02.cpp:72:9:uint8_t M24C02::read(int)	16	static
../source/r01device/misc/eeprom/M24C02.cpp:77:5:int M24C02::read(int, uint8_t*, int)	40	static
