Archive member included to satisfy reference by file (symbol)

/Users/tedd/dev/mcuxpresso/FRDM_MCXA153_GPIO_and_SPI_freq_test/_r01lib_frdm_mcxa153/Debug/lib_r01lib_frdm_mcxa153.a(startup_mcxa153.o)
                              (ResetISR)
/Users/tedd/dev/mcuxpresso/FRDM_MCXA153_GPIO_and_SPI_freq_test/_r01lib_frdm_mcxa153/Debug/lib_r01lib_frdm_mcxa153.a(InterruptIn.o)
                              ./_r01lib_irq/irq.o (irq_handler)
/Users/tedd/dev/mcuxpresso/FRDM_MCXA153_GPIO_and_SPI_freq_test/_r01lib_frdm_mcxa153/Debug/lib_r01lib_frdm_mcxa153.a(io.o)
                              ./source/main.o (DigitalInOut::operator=(bool))
/Users/tedd/dev/mcuxpresso/FRDM_MCXA153_GPIO_and_SPI_freq_test/_r01lib_frdm_mcxa153/Debug/lib_r01lib_frdm_mcxa153.a(obj.o)
                              /Users/tedd/dev/mcuxpresso/FRDM_MCXA153_GPIO_and_SPI_freq_test/_r01lib_frdm_mcxa153/Debug/lib_r01lib_frdm_mcxa153.a(io.o) (Obj::Obj(bool))
/Users/tedd/dev/mcuxpresso/FRDM_MCXA153_GPIO_and_SPI_freq_test/_r01lib_frdm_mcxa153/Debug/lib_r01lib_frdm_mcxa153.a(fsl_gpio.o)
                              /Users/tedd/dev/mcuxpresso/FRDM_MCXA153_GPIO_and_SPI_freq_test/_r01lib_frdm_mcxa153/Debug/lib_r01lib_frdm_mcxa153.a(io.o) (GPIO_PinInit)
/Users/tedd/dev/mcuxpresso/FRDM_MCXA153_GPIO_and_SPI_freq_test/_r01lib_frdm_mcxa153/Debug/lib_r01lib_frdm_mcxa153.a(system_MCXA153.o)
                              /Users/tedd/dev/mcuxpresso/FRDM_MCXA153_GPIO_and_SPI_freq_test/_r01lib_frdm_mcxa153/Debug/lib_r01lib_frdm_mcxa153.a(startup_mcxa153.o) (SystemInit)
/Users/tedd/dev/mcuxpresso/FRDM_MCXA153_GPIO_and_SPI_freq_test/_r01lib_frdm_mcxa153/Debug/lib_r01lib_frdm_mcxa153.a(fsl_assert.o)
                              /Users/tedd/dev/mcuxpresso/FRDM_MCXA153_GPIO_and_SPI_freq_test/_r01lib_frdm_mcxa153/Debug/lib_r01lib_frdm_mcxa153.a(InterruptIn.o) (__assert_func)
/Users/tedd/dev/mcuxpresso/FRDM_MCXA153_GPIO_and_SPI_freq_test/_r01lib_frdm_mcxa153/Debug/lib_r01lib_frdm_mcxa153.a(mcu.o)
                              /Users/tedd/dev/mcuxpresso/FRDM_MCXA153_GPIO_and_SPI_freq_test/_r01lib_frdm_mcxa153/Debug/lib_r01lib_frdm_mcxa153.a(obj.o) (init_mcu())
/Users/tedd/dev/mcuxpresso/FRDM_MCXA153_GPIO_and_SPI_freq_test/_r01lib_frdm_mcxa153/Debug/lib_r01lib_frdm_mcxa153.a(fsl_clock.o)
                              /Users/tedd/dev/mcuxpresso/FRDM_MCXA153_GPIO_and_SPI_freq_test/_r01lib_frdm_mcxa153/Debug/lib_r01lib_frdm_mcxa153.a(mcu.o) (CLOCK_AttachClk)
/Users/tedd/dev/mcuxpresso/FRDM_MCXA153_GPIO_and_SPI_freq_test/_r01lib_frdm_mcxa153/Debug/lib_r01lib_frdm_mcxa153.a(fsl_common_arm.o)
                              /Users/tedd/dev/mcuxpresso/FRDM_MCXA153_GPIO_and_SPI_freq_test/_r01lib_frdm_mcxa153/Debug/lib_r01lib_frdm_mcxa153.a(mcu.o) (SDK_DelayAtLeastUs)
/Users/tedd/dev/mcuxpresso/FRDM_MCXA153_GPIO_and_SPI_freq_test/_r01lib_frdm_mcxa153/Debug/lib_r01lib_frdm_mcxa153.a(fsl_reset.o)
                              /Users/tedd/dev/mcuxpresso/FRDM_MCXA153_GPIO_and_SPI_freq_test/_r01lib_frdm_mcxa153/Debug/lib_r01lib_frdm_mcxa153.a(mcu.o) (RESET_PeripheralReset)
/Users/tedd/dev/mcuxpresso/FRDM_MCXA153_GPIO_and_SPI_freq_test/_r01lib_frdm_mcxa153/Debug/lib_r01lib_frdm_mcxa153.a(fsl_utick.o)
                              /Users/tedd/dev/mcuxpresso/FRDM_MCXA153_GPIO_and_SPI_freq_test/_r01lib_frdm_mcxa153/Debug/lib_r01lib_frdm_mcxa153.a(mcu.o) (UTICK_Init)
/Users/tedd/dev/mcuxpresso/FRDM_MCXA153_GPIO_and_SPI_freq_test/_r01lib_frdm_mcxa153/Debug/lib_r01lib_frdm_mcxa153.a(board.o)
                              /Users/tedd/dev/mcuxpresso/FRDM_MCXA153_GPIO_and_SPI_freq_test/_r01lib_frdm_mcxa153/Debug/lib_r01lib_frdm_mcxa153.a(mcu.o) (BOARD_InitDebugConsole)
/Users/tedd/dev/mcuxpresso/FRDM_MCXA153_GPIO_and_SPI_freq_test/_r01lib_frdm_mcxa153/Debug/lib_r01lib_frdm_mcxa153.a(clock_config.o)
                              /Users/tedd/dev/mcuxpresso/FRDM_MCXA153_GPIO_and_SPI_freq_test/_r01lib_frdm_mcxa153/Debug/lib_r01lib_frdm_mcxa153.a(mcu.o) (BOARD_InitBootClocks)
/Users/tedd/dev/mcuxpresso/FRDM_MCXA153_GPIO_and_SPI_freq_test/_r01lib_frdm_mcxa153/Debug/lib_r01lib_frdm_mcxa153.a(pin_mux.o)
                              /Users/tedd/dev/mcuxpresso/FRDM_MCXA153_GPIO_and_SPI_freq_test/_r01lib_frdm_mcxa153/Debug/lib_r01lib_frdm_mcxa153.a(mcu.o) (BOARD_InitPins)
/Users/tedd/dev/mcuxpresso/FRDM_MCXA153_GPIO_and_SPI_freq_test/_r01lib_frdm_mcxa153/Debug/lib_r01lib_frdm_mcxa153.a(fsl_spc.o)
                              /Users/tedd/dev/mcuxpresso/FRDM_MCXA153_GPIO_and_SPI_freq_test/_r01lib_frdm_mcxa153/Debug/lib_r01lib_frdm_mcxa153.a(clock_config.o) (SPC_SetSRAMOperateVoltage)
/Applications/MCUXpressoIDE_25.6.136/ide/plugins/com.nxp.mcuxpresso.tools.macosx_25.6.0.202501151204/tools/bin/../lib/gcc/arm-none-eabi/14.2.1/thumb/v8-m.main/nofp/libgcc.a(_arm_muldf3.o)
                              /Users/tedd/dev/mcuxpresso/FRDM_MCXA153_GPIO_and_SPI_freq_test/_r01lib_frdm_mcxa153/Debug/lib_r01lib_frdm_mcxa153.a(mcu.o) (__aeabi_dmul)
[...]
Memory Configuration

Name             Origin             Length             Attributes
PROGRAM_FLASH    0x00000000         0x00020000         xr
SRAM             0x20000000         0x00006000         xrw
SRAMX0           0x04000000         0x00002000         xrw
SRAMX1           0x04002000         0x00001000         xrw
*default*        0x00000000         0xffffffff

Linker script and memory map

LOAD ./source/main.o
LOAD ./_r01lib_irq/irq.o
LOAD /Users/tedd/dev/mcuxpresso/FRDM_MCXA153_GPIO_and_SPI_freq_test/_r01lib_frdm_mcxa153/Debug/lib_r01lib_frdm_mcxa153.a
START GROUP
LOAD /Applications/MCUXpressoIDE_25.6.136/ide/plugins/com.nxp.mcuxpresso.tools.macosx_25.6.0.202501151204/tools/bin/../lib/gcc/arm-none-eabi/14.2.1/thumb/v8-m.main/nofp/libgcc.a
LOAD /Applications/MCUXpressoIDE_25.6.136/ide/plugins/com.nxp.mcuxpresso.tools.macosx_25.6.0.202501151204/tools/bin/../lib/gcc/arm-none-eabi/14.2.1/../../../../arm-none-eabi/lib/thumb/v8-m.main/nofp/libc_nano.a
LOAD /Applications/MCUXpressoIDE_25.6.136/ide/plugins/com.nxp.mcuxpresso.tools.macosx_25.6.0.202501151204/tools/bin/../lib/gcc/arm-none-eabi/14.2.1/../../../../arm-none-eabi/lib/thumb/v8-m.main/nofp/libstdc++_nano.a
LOAD /Applications/MCUXpressoIDE_25.6.136/ide/plugins/com.nxp.mcuxpresso.tools.macosx_25.6.0.202501151204/tools/bin/../lib/gcc/arm-none-eabi/14.2.1/../../../../arm-none-eabi/lib/thumb/v8-m.main/nofp/libm.a
LOAD /Applications/MCUXpressoIDE_25.6.136/ide/plugins/com.nxp.mcuxpresso.tools.macosx_25.6.0.202501151204/tools/bin/../lib/gcc/arm-none-eabi/14.2.1/../../../../arm-none-eabi/lib/thumb/v8-m.main/nofp/libcr_newlib_semihost.a
LOAD /Applications/MCUXpressoIDE_25.6.136/ide/plugins/com.nxp.mcuxpresso.tools.macosx_25.6.0.202501151204/tools/bin/../lib/gcc/arm-none-eabi/14.2.1/thumb/v8-m.main/nofp/crti.o
LOAD /Applications/MCUXpressoIDE_25.6.136/ide/plugins/com.nxp.mcuxpresso.tools.macosx_25.6.0.202501151204/tools/bin/../lib/gcc/arm-none-eabi/14.2.1/thumb/v8-m.main/nofp/crtn.o
LOAD /Applications/MCUXpressoIDE_25.6.136/ide/plugins/com.nxp.mcuxpresso.tools.macosx_25.6.0.202501151204/tools/bin/../lib/gcc/arm-none-eabi/14.2.1/thumb/v8-m.main/nofp/crtbegin.o
LOAD /Applications/MCUXpressoIDE_25.6.136/ide/plugins/com.nxp.mcuxpresso.tools.macosx_25.6.0.202501151204/tools/bin/../lib/gcc/arm-none-eabi/14.2.1/thumb/v8-m.main/nofp/crtend.o
END GROUP
                0x00000000                        __base_PROGRAM_FLASH = 0x0
                0x00000000                        __base_Flash = 0x0
                0x00020000                        __top_PROGRAM_FLASH = 0x20000
                0x00020000                        __top_Flash = 0x20000
                0x20000000                        __base_SRAM = 0x20000000
                0x20000000                        __base_RAM = 0x20000000
                0x20006000                        __top_SRAM = 0x20006000
                0x20006000                        __top_RAM = 0x20006000
                0x04000000                        __base_SRAMX0 = 0x4000000
                0x04000000                        __base_RAM2 = 0x4000000
                0x04002000                        __top_SRAMX0 = 0x4002000
                0x04002000                        __top_RAM2 = 0x4002000
                0x04002000                        __base_SRAMX1 = 0x4002000
                0x04002000                        __base_RAM3 = 0x4002000
                0x04003000                        __top_SRAMX1 = 0x4003000
                0x04003000                        __top_RAM3 = 0x4003000

.text           0x00000000     0x7c38
 FILL mask 0xff
                0x00000000                        __vectors_start__ = ABSOLUTE (.)
 *(SORT_BY_ALIGNMENT(.isr_vector))
 .isr_vector    0x00000000      0x16c /Users/tedd/dev/mcuxpresso/FRDM_MCXA153_GPIO_and_SPI_freq_test/_r01lib_frdm_mcxa153/Debug/lib_r01lib_frdm_mcxa153.a(startup_mcxa153.o)
                0x00000000                __Vectors
                0x00000000                g_pfnVectors
                0x0000016c                        . = ALIGN (0x4)
                0x0000016c                        __section_table_start = .
                0x0000016c                        __data_section_table = .
                0x0000016c        0x4 LONG 0x7c40 LOADADDR (.data)
                0x00000170        0x4 LONG 0x20000000 ADDR (.data)
                0x00000174        0x4 LONG 0x3ac SIZEOF (.data)
                0x00000178        0x4 LONG 0x7c40 LOADADDR (.data_RAM2)
                0x0000017c        0x4 LONG 0x4000000 ADDR (.data_RAM2)
                0x00000180        0x4 LONG 0x0 SIZEOF (.data_RAM2)
                0x00000184        0x4 LONG 0x7c40 LOADADDR (.data_RAM3)
                0x00000188        0x4 LONG 0x4002000 ADDR (.data_RAM3)
                0x0000018c        0x4 LONG 0x0 SIZEOF (.data_RAM3)
                0x00000190                        __data_section_table_end = .
                0x00000190                        __bss_section_table = .
                0x00000190        0x4 LONG 0x200003ac ADDR (.bss)
                0x00000194        0x4 LONG 0x3d0 SIZEOF (.bss)
                0x00000198        0x4 LONG 0x4000000 ADDR (.bss_RAM2)
                0x0000019c        0x4 LONG 0x0 SIZEOF (.bss_RAM2)
                0x000001a0        0x4 LONG 0x4002000 ADDR (.bss_RAM3)
                0x000001a4        0x4 LONG 0x0 SIZEOF (.bss_RAM3)
                0x000001a8                        __bss_section_table_end = .
                0x000001a8                        __section_table_end = .
 *(SORT_BY_ALIGNMENT(.after_vectors*))
 .after_vectors.reset
                0x000001a8       0x6c /Users/tedd/dev/mcuxpresso/FRDM_MCXA153_GPIO_and_SPI_freq_test/_r01lib_frdm_mcxa153/Debug/lib_r01lib_frdm_mcxa153.a(startup_mcxa153.o)
                0x000001a8                ResetISR
 .after_vectors.init_data
                0x00000214       0x1c /Users/tedd/dev/mcuxpresso/FRDM_MCXA153_GPIO_and_SPI_freq_test/_r01lib_frdm_mcxa153/Debug/lib_r01lib_frdm_mcxa153.a(startup_mcxa153.o)
                0x00000214                data_init(unsigned int, unsigned int, unsigned int)
 .after_vectors.init_bss
                0x00000230       0x12 /Users/tedd/dev/mcuxpresso/FRDM_MCXA153_GPIO_and_SPI_freq_test/_r01lib_frdm_mcxa153/Debug/lib_r01lib_frdm_mcxa153.a(startup_mcxa153.o)
                0x00000230                bss_init(unsigned int, unsigned int)
 .after_vectors
                0x00000242       0x16 /Users/tedd/dev/mcuxpresso/FRDM_MCXA153_GPIO_and_SPI_freq_test/_r01lib_frdm_mcxa153/Debug/lib_r01lib_frdm_mcxa153.a(startup_mcxa153.o)
                0x00000242                NMI_Handler
                0x00000244                HardFault_Handler
                0x00000246                MemManage_Handler
                0x00000248                BusFault_Handler
                0x0000024a                UsageFault_Handler
                0x0000024c                SecureFault_Handler
                0x0000024e                SVC_Handler
                0x00000250                DebugMon_Handler
                0x00000252                PendSV_Handler
                0x00000254                SysTick_Handler
                0x00000256                LPI2C0_DriverIRQHandler
                0x00000256                FLEXPWM0_RELOAD_ERROR_DriverIRQHandler
                0x00000256                QDC0_HOME_DriverIRQHandler
                0x00000256                Reserved82_DriverIRQHandler
                0x00000256                QDC0_WATCHDOG_DriverIRQHandler
                0x00000256                ERM0_MULTI_BIT_DriverIRQHandler
                0x00000256                Reserved36_DriverIRQHandler
                0x00000256                CTIMER2_DriverIRQHandler
                0x00000256                CMP1_DriverIRQHandler
                0x00000256                IntDefaultHandler
                0x00000256                USB0_DriverIRQHandler
                0x00000256                QDC0_INDEX_DriverIRQHandler
                0x00000256                Reserved41_DriverIRQHandler
                0x00000256                FLEXPWM0_SUBMODULE2_DriverIRQHandler
                0x00000256                LPUART2_DriverIRQHandler
                0x00000256                WWDT0_DriverIRQHandler
                0x00000256                Reserved84_DriverIRQHandler
                0x00000256                FLEXPWM0_FAULT_DriverIRQHandler
                0x00000256                GPIO0_DriverIRQHandler
                0x00000256                Reserved38_DriverIRQHandler
                0x00000256                FREQME0_DriverIRQHandler
                0x00000256                Reserved22_DriverIRQHandler
                0x00000256                Reserved53_DriverIRQHandler
                0x00000256                Reserved35_DriverIRQHandler
                0x00000256                CTIMER0_DriverIRQHandler
                0x00000256                Reserved79_DriverIRQHandler
                0x00000256                Reserved24_DriverIRQHandler
                0x00000256                CTIMER1_DriverIRQHandler
                0x00000256                QDC0_COMPARE_DriverIRQHandler
                0x00000256                LPUART1_DriverIRQHandler
                0x00000256                LPSPI0_DriverIRQHandler
                0x00000256                DMA_CH3_DriverIRQHandler
                0x00000256                Reserved83_DriverIRQHandler
                0x00000256                Reserved72_DriverIRQHandler
                0x00000256                Reserved23_DriverIRQHandler
                0x00000256                Reserved65_DriverIRQHandler
                0x00000256                ERM0_SINGLE_BIT_DriverIRQHandler
                0x00000256                DMA_CH2_DriverIRQHandler
                0x00000256                Reserved51_DriverIRQHandler
                0x00000256                Reserved25_DriverIRQHandler
                0x00000256                FMU0_DriverIRQHandler
                0x00000256                LPSPI1_DriverIRQHandler
                0x00000256                Reserved77_DriverIRQHandler
                0x00000256                Reserved16_DriverIRQHandler
                0x00000256                LPUART0_DriverIRQHandler
                0x00000256                GPIO2_DriverIRQHandler
                0x00000256                Reserved85_DriverIRQHandler
                0x00000256                ADC0_DriverIRQHandler
                0x00000256                CMP0_DriverIRQHandler
                0x00000256                CDOG0_DriverIRQHandler
                0x00000256                Reserved59_DriverIRQHandler
                0x00000256                DMA_CH0_DriverIRQHandler
                0x00000256                Reserved58_DriverIRQHandler
                0x00000256                DMA_CH1_DriverIRQHandler
                0x00000256                SPC0_DriverIRQHandler
                0x00000256                Reserved43_DriverIRQHandler
                0x00000256                Reserved46_DriverIRQHandler
                0x00000256                Reserved37_DriverIRQHandler
                0x00000256                Reserved86_DriverIRQHandler
                0x00000256                GPIO1_DriverIRQHandler
                0x00000256                FLEXPWM0_SUBMODULE0_DriverIRQHandler
                0x00000256                Reserved50_DriverIRQHandler
                0x00000256                OS_EVENT_DriverIRQHandler
                0x00000256                SCG0_DriverIRQHandler
                0x00000256                GLIKEY0_DriverIRQHandler
                0x00000256                GPIO3_DriverIRQHandler
                0x00000256                CMC_DriverIRQHandler
                0x00000256                WUU0_DriverIRQHandler
                0x00000256                Reserved33_DriverIRQHandler
                0x00000256                I3C0_DriverIRQHandler
                0x00000256                Reserved39_DriverIRQHandler
                0x00000256                WAKETIMER0_DriverIRQHandler
                0x00000256                MBC0_DriverIRQHandler
                0x00000256                LPTMR0_DriverIRQHandler
                0x00000256                FLEXPWM0_SUBMODULE1_DriverIRQHandler
 *(SORT_BY_ALIGNMENT(.text*))
 .text._strtod_l
                0x00000258      0xba8 /Applications/MCUXpressoIDE_25.6.136/ide/plugins/com.nxp.mcuxpresso.tools.macosx_25.6.0.202501151204/tools/bin/../lib/gcc/arm-none-eabi/14.2.1/../../../../arm-none-eabi/lib/thumb/v8-m.main/nofp/libc_nano.a(libc_a-strtod.o)
                0x00000258                _strtod_l
 .text._dtoa_r  0x00000e00      0xbc8 /Applications/MCUXpressoIDE_25.6.136/ide/plugins/com.nxp.mcuxpresso.tools.macosx_25.6.0.202501151204/tools/bin/../lib/gcc/arm-none-eabi/14.2.1/../../../../arm-none-eabi/lib/thumb/v8-m.main/nofp/libc_nano.a(libc_a-dtoa.o)
                0x00000e00                _dtoa_r
 .text.startup.main
                0x000019c8       0x94 ./source/main.o
                0x000019c8                main
 .text.startup._GLOBAL__sub_I_led
                0x00001a5c       0x44 ./source/main.o
 .text.irq_handler
                0x00001aa0       0x80 /Users/tedd/dev/mcuxpresso/FRDM_MCXA153_GPIO_and_SPI_freq_test/_r01lib_frdm_mcxa153/Debug/lib_r01lib_frdm_mcxa153.a(InterruptIn.o)
                0x00001aa0                irq_handler
 .text._ZN12DigitalInOutC2Ehbbi
                0x00001b20       0xdc /Users/tedd/dev/mcuxpresso/FRDM_MCXA153_GPIO_and_SPI_freq_test/_r01lib_frdm_mcxa153/Debug/lib_r01lib_frdm_mcxa153.a(io.o)
                0x00001b20                DigitalInOut::DigitalInOut(unsigned char, bool, bool, int)
                0x00001b20                DigitalInOut::DigitalInOut(unsigned char, bool, bool, int)
 .text._ZN12DigitalInOutD2Ev
                0x00001bfc       0x24 /Users/tedd/dev/mcuxpresso/FRDM_MCXA153_GPIO_and_SPI_freq_test/_r01lib_frdm_mcxa153/Debug/lib_r01lib_frdm_mcxa153.a(io.o)
                0x00001bfc                DigitalInOut::~DigitalInOut()
                0x00001bfc                DigitalInOut::~DigitalInOut()
 .text._ZN12DigitalInOut5valueEb
                0x00001c20       0x4c /Users/tedd/dev/mcuxpresso/FRDM_MCXA153_GPIO_and_SPI_freq_test/_r01lib_frdm_mcxa153/Debug/lib_r01lib_frdm_mcxa153.a(io.o)
                0x00001c20                DigitalInOut::value(bool)
 .text._ZN12DigitalInOut5valueEv
                0x00001c6c       0x54 /Users/tedd/dev/mcuxpresso/FRDM_MCXA153_GPIO_and_SPI_freq_test/_r01lib_frdm_mcxa153/Debug/lib_r01lib_frdm_mcxa153.a(io.o)
                0x00001c6c                DigitalInOut::value()
 .text._ZN10DigitalOutC2Ehbi
                0x00001cc0       0x38 /Users/tedd/dev/mcuxpresso/FRDM_MCXA153_GPIO_and_SPI_freq_test/_r01lib_frdm_mcxa153/Debug/lib_r01lib_frdm_mcxa153.a(io.o)
                0x00001cc0                DigitalOut::DigitalOut(unsigned char, bool, int)
                0x00001cc0                DigitalOut::DigitalOut(unsigned char, bool, int)
 .text._ZN10DigitalOutD2Ev
                0x00001cf8       0x24 /Users/tedd/dev/mcuxpresso/FRDM_MCXA153_GPIO_and_SPI_freq_test/_r01lib_frdm_mcxa153/Debug/lib_r01lib_frdm_mcxa153.a(io.o)
                0x00001cf8                DigitalOut::~DigitalOut()
                0x00001cf8                DigitalOut::~DigitalOut()
 .text._ZN3ObjC2Eb
                0x00001d1c       0x3c /Users/tedd/dev/mcuxpresso/FRDM_MCXA153_GPIO_and_SPI_freq_test/_r01lib_frdm_mcxa153/Debug/lib_r01lib_frdm_mcxa153.a(obj.o)
                0x00001d1c                Obj::Obj(bool)
                0x00001d1c                Obj::Obj(bool)
 .text._ZN3ObjD2Ev
                0x00001d58       0x20 /Users/tedd/dev/mcuxpresso/FRDM_MCXA153_GPIO_and_SPI_freq_test/_r01lib_frdm_mcxa153/Debug/lib_r01lib_frdm_mcxa153.a(obj.o)
                0x00001d58                Obj::~Obj()
                0x00001d58                Obj::~Obj()
 .text.GPIO_PinInit
                0x00001d78       0x70 /Users/tedd/dev/mcuxpresso/FRDM_MCXA153_GPIO_and_SPI_freq_test/_r01lib_frdm_mcxa153/Debug/lib_r01lib_frdm_mcxa153.a(fsl_gpio.o)
                0x00001d78                GPIO_PinInit
 .text.SystemInit
                0x00001de8      0x10c /Users/tedd/dev/mcuxpresso/FRDM_MCXA153_GPIO_and_SPI_freq_test/_r01lib_frdm_mcxa153/Debug/lib_r01lib_frdm_mcxa153.a(system_MCXA153.o)
                0x00001de8                SystemInit
 .text.__assert_func
                0x00001ef4       0x30 /Users/tedd/dev/mcuxpresso/FRDM_MCXA153_GPIO_and_SPI_freq_test/_r01lib_frdm_mcxa153/Debug/lib_r01lib_frdm_mcxa153.a(fsl_assert.o)
                0x00001ef4                __assert_func
 .text.CLOCK_EnableClock
                0x00001f24       0x88 /Users/tedd/dev/mcuxpresso/FRDM_MCXA153_GPIO_and_SPI_freq_test/_r01lib_frdm_mcxa153/Debug/lib_r01lib_frdm_mcxa153.a(mcu.o)
 .text._Z8init_mcuv
                0x00001fac       0x80 /Users/tedd/dev/mcuxpresso/FRDM_MCXA153_GPIO_and_SPI_freq_test/_r01lib_frdm_mcxa153/Debug/lib_r01lib_frdm_mcxa153.a(mcu.o)
                0x00001fac                init_mcu()
 .text.CLOCK_SetClockSelect
                0x0000202c       0xa4 /Users/tedd/dev/mcuxpresso/FRDM_MCXA153_GPIO_and_SPI_freq_test/_r01lib_frdm_mcxa153/Debug/lib_r01lib_frdm_mcxa153.a(fsl_clock.o)
                0x0000202c                CLOCK_SetClockSelect
 .text.CLOCK_SetClockDiv
                0x000020d0       0x88 /Users/tedd/dev/mcuxpresso/FRDM_MCXA153_GPIO_and_SPI_freq_test/_r01lib_frdm_mcxa153/Debug/lib_r01lib_frdm_mcxa153.a(fsl_clock.o)
                0x000020d0                CLOCK_SetClockDiv
 .text.CLOCK_SetupFROHFClocking
                0x00002158       0xf4 /Users/tedd/dev/mcuxpresso/FRDM_MCXA153_GPIO_and_SPI_freq_test/_r01lib_frdm_mcxa153/Debug/lib_r01lib_frdm_mcxa153.a(fsl_clock.o)
                0x00002158                CLOCK_SetupFROHFClocking
 .text.CLOCK_SetupFRO12MClocking
                0x0000224c       0x54 /Users/tedd/dev/mcuxpresso/FRDM_MCXA153_GPIO_and_SPI_freq_test/_r01lib_frdm_mcxa153/Debug/lib_r01lib_frdm_mcxa153.a(fsl_clock.o)
                0x0000224c                CLOCK_SetupFRO12MClocking
 .text.CLOCK_GetFro12MFreq
                0x000022a0       0x28 /Users/tedd/dev/mcuxpresso/FRDM_MCXA153_GPIO_and_SPI_freq_test/_r01lib_frdm_mcxa153/Debug/lib_r01lib_frdm_mcxa153.a(fsl_clock.o)
 .text.CLOCK_GetFroHfFreq
                0x000022c8       0xc0 /Users/tedd/dev/mcuxpresso/FRDM_MCXA153_GPIO_and_SPI_freq_test/_r01lib_frdm_mcxa153/Debug/lib_r01lib_frdm_mcxa153.a(fsl_clock.o)
 .text.CLOCK_GetClk16KFreq
                0x00002388       0x44 /Users/tedd/dev/mcuxpresso/FRDM_MCXA153_GPIO_and_SPI_freq_test/_r01lib_frdm_mcxa153/Debug/lib_r01lib_frdm_mcxa153.a(fsl_clock.o)
 .text.CLOCK_GetExtClkFreq
                0x000023cc       0x2c /Users/tedd/dev/mcuxpresso/FRDM_MCXA153_GPIO_and_SPI_freq_test/_r01lib_frdm_mcxa153/Debug/lib_r01lib_frdm_mcxa153.a(fsl_clock.o)
 .text.CLOCK_GetMainClk
                0x000023f8       0x68 /Users/tedd/dev/mcuxpresso/FRDM_MCXA153_GPIO_and_SPI_freq_test/_r01lib_frdm_mcxa153/Debug/lib_r01lib_frdm_mcxa153.a(fsl_clock.o)
                0x000023f8                CLOCK_GetMainClk
 .text.CLOCK_GetCoreSysClkFreq
                0x00002460       0x20 /Users/tedd/dev/mcuxpresso/FRDM_MCXA153_GPIO_and_SPI_freq_test/_r01lib_frdm_mcxa153/Debug/lib_r01lib_frdm_mcxa153.a(fsl_clock.o)
                0x00002460                CLOCK_GetCoreSysClkFreq
 .text.RESET_SetPeripheralReset
                0x00002480       0xc8 /Users/tedd/dev/mcuxpresso/FRDM_MCXA153_GPIO_and_SPI_freq_test/_r01lib_frdm_mcxa153/Debug/lib_r01lib_frdm_mcxa153.a(fsl_reset.o)
                0x00002480                RESET_SetPeripheralReset
 .text.RESET_ClearPeripheralReset
                0x00002548       0xa8 /Users/tedd/dev/mcuxpresso/FRDM_MCXA153_GPIO_and_SPI_freq_test/_r01lib_frdm_mcxa153/Debug/lib_r01lib_frdm_mcxa153.a(fsl_reset.o)
                0x00002548                RESET_ClearPeripheralReset
 .text.CLOCK_EnableClock
                0x000025f0       0x88 /Users/tedd/dev/mcuxpresso/FRDM_MCXA153_GPIO_and_SPI_freq_test/_r01lib_frdm_mcxa153/Debug/lib_r01lib_frdm_mcxa153.a(fsl_utick.o)
 .text.UTICK_GetInstance
                0x00002678       0x54 /Users/tedd/dev/mcuxpresso/FRDM_MCXA153_GPIO_and_SPI_freq_test/_r01lib_frdm_mcxa153/Debug/lib_r01lib_frdm_mcxa153.a(fsl_utick.o)
 .text.UTICK_Init
                0x000026cc       0x3c /Users/tedd/dev/mcuxpresso/FRDM_MCXA153_GPIO_and_SPI_freq_test/_r01lib_frdm_mcxa153/Debug/lib_r01lib_frdm_mcxa153.a(fsl_utick.o)
                0x000026cc                UTICK_Init
 .text.UTICK0_DriverIRQHandler
                0x00002708       0x24 /Users/tedd/dev/mcuxpresso/FRDM_MCXA153_GPIO_and_SPI_freq_test/_r01lib_frdm_mcxa153/Debug/lib_r01lib_frdm_mcxa153.a(fsl_utick.o)
                0x00002708                UTICK0_DriverIRQHandler
 .text.BOARD_InitDebugConsole
                0x0000272c       0x30 /Users/tedd/dev/mcuxpresso/FRDM_MCXA153_GPIO_and_SPI_freq_test/_r01lib_frdm_mcxa153/Debug/lib_r01lib_frdm_mcxa153.a(board.o)
                0x0000272c                BOARD_InitDebugConsole
 .text.CLOCK_EnableClock
                0x0000275c       0x88 /Users/tedd/dev/mcuxpresso/FRDM_MCXA153_GPIO_and_SPI_freq_test/_r01lib_frdm_mcxa153/Debug/lib_r01lib_frdm_mcxa153.a(clock_config.o)
 .text.BOARD_BootClockFRO96M
                0x000027e4      0x16c /Users/tedd/dev/mcuxpresso/FRDM_MCXA153_GPIO_and_SPI_freq_test/_r01lib_frdm_mcxa153/Debug/lib_r01lib_frdm_mcxa153.a(clock_config.o)
                0x000027e4                BOARD_BootClockFRO96M
 .text.CLOCK_EnableClock
                0x00002950       0x88 /Users/tedd/dev/mcuxpresso/FRDM_MCXA153_GPIO_and_SPI_freq_test/_r01lib_frdm_mcxa153/Debug/lib_r01lib_frdm_mcxa153.a(pin_mux.o)
 .text.PORT_SetPinConfig
                0x000029d8       0x48 /Users/tedd/dev/mcuxpresso/FRDM_MCXA153_GPIO_and_SPI_freq_test/_r01lib_frdm_mcxa153/Debug/lib_r01lib_frdm_mcxa153.a(pin_mux.o)
 .text.BOARD_InitPins
                0x00002a20      0x4cc /Users/tedd/dev/mcuxpresso/FRDM_MCXA153_GPIO_and_SPI_freq_test/_r01lib_frdm_mcxa153/Debug/lib_r01lib_frdm_mcxa153.a(pin_mux.o)
                0x00002a20                BOARD_InitPins
 .text.SPC_SetSRAMOperateVoltage
                0x00002eec       0x74 /Users/tedd/dev/mcuxpresso/FRDM_MCXA153_GPIO_and_SPI_freq_test/_r01lib_frdm_mcxa153/Debug/lib_r01lib_frdm_mcxa153.a(fsl_spc.o)
                0x00002eec                SPC_SetSRAMOperateVoltage
 .text.SPC_SetActiveModeCoreLDORegulatorConfig
                0x00002f60       0xa4 /Users/tedd/dev/mcuxpresso/FRDM_MCXA153_GPIO_and_SPI_freq_test/_r01lib_frdm_mcxa153/Debug/lib_r01lib_frdm_mcxa153.a(fsl_spc.o)
                0x00002f60                SPC_SetActiveModeCoreLDORegulatorConfig
 .text          0x00003004      0x378 /Applications/MCUXpressoIDE_25.6.136/ide/plugins/com.nxp.mcuxpresso.tools.macosx_25.6.0.202501151204/tools/bin/../lib/gcc/arm-none-eabi/14.2.1/thumb/v8-m.main/nofp/libgcc.a(_arm_addsubdf3.o)
                0x00003004                __aeabi_drsub
                0x0000300c                __subdf3
                0x0000300c                __aeabi_dsub
                0x00003010                __aeabi_dadd
                0x00003010                __adddf3
                0x00003288                __aeabi_ui2d
                0x00003288                __floatunsidf
                0x000032a8                __floatsidf
                0x000032a8                __aeabi_i2d
                0x000032cc                __extendsfdf2
                0x000032cc                __aeabi_f2d
                0x00003310                __aeabi_ul2d
                0x00003310                __floatundidf
                0x00003320                __aeabi_l2d
                0x00003320                __floatdidf
 .text          0x0000337c       0x40 /Applications/MCUXpressoIDE_25.6.136/ide/plugins/com.nxp.mcuxpresso.tools.macosx_25.6.0.202501151204/tools/bin/../lib/gcc/arm-none-eabi/14.2.1/thumb/v8-m.main/nofp/libgcc.a(_arm_fixunsdfsi.o)
                0x0000337c                __fixunsdfsi
                0x0000337c                __aeabi_d2uiz
 .text._printf_float
                0x000033bc      0x458 /Applications/MCUXpressoIDE_25.6.136/ide/plugins/com.nxp.mcuxpresso.tools.macosx_25.6.0.202501151204/tools/bin/../lib/gcc/arm-none-eabi/14.2.1/../../../../arm-none-eabi/lib/thumb/v8-m.main/nofp/libc_nano.a(libc_a-nano-vfprintf_float.o)
                0x000033bc                _printf_float
 .text._printf_i
                0x00003814      0x240 /Applications/MCUXpressoIDE_25.6.136/ide/plugins/com.nxp.mcuxpresso.tools.macosx_25.6.0.202501151204/tools/bin/../lib/gcc/arm-none-eabi/14.2.1/../../../../arm-none-eabi/lib/thumb/v8-m.main/nofp/libc_nano.a(libc_a-nano-vfprintf_i.o)
                0x00003814                _printf_i
 .text._scanf_float
                0x00003a54      0x410 /Applications/MCUXpressoIDE_25.6.136/ide/plugins/com.nxp.mcuxpresso.tools.macosx_25.6.0.202501151204/tools/bin/../lib/gcc/arm-none-eabi/14.2.1/../../../../arm-none-eabi/lib/thumb/v8-m.main/nofp/libc_nano.a(libc_a-nano-vfscanf_float.o)
                0x00003a54                _scanf_float
 .text.sprintf  0x00003e64       0x44 /Applications/MCUXpressoIDE_25.6.136/ide/plugins/com.nxp.mcuxpresso.tools.macosx_25.6.0.202501151204/tools/bin/../lib/gcc/arm-none-eabi/14.2.1/../../../../arm-none-eabi/lib/thumb/v8-m.main/nofp/libc_nano.a(libc_a-sprintf.o)
                0x00003e64                sprintf
                0x00003e64                siprintf
 .text._strtod_r
                0x00003ea8        0xc /Applications/MCUXpressoIDE_25.6.136/ide/plugins/com.nxp.mcuxpresso.tools.macosx_25.6.0.202501151204/tools/bin/../lib/gcc/arm-none-eabi/14.2.1/../../../../arm-none-eabi/lib/thumb/v8-m.main/nofp/libc_nano.a(libc_a-strtod.o)
                0x00003ea8                _strtod_r
 .text._strtol_l.isra.0
                0x00003eb4       0xf4 /Applications/MCUXpressoIDE_25.6.136/ide/plugins/com.nxp.mcuxpresso.tools.macosx_25.6.0.202501151204/tools/bin/../lib/gcc/arm-none-eabi/14.2.1/../../../../arm-none-eabi/lib/thumb/v8-m.main/nofp/libc_nano.a(libc_a-strtol.o)
 .text.printf   0x00003fa8       0x24 /Applications/MCUXpressoIDE_25.6.136/ide/plugins/com.nxp.mcuxpresso.tools.macosx_25.6.0.202501151204/tools/bin/../lib/gcc/arm-none-eabi/14.2.1/../../../../arm-none-eabi/lib/thumb/v8-m.main/nofp/libc_nano.a(libc_a-printf.o)
                0x00003fa8                printf
                0x00003fa8                iprintf
 .text.__errno  0x00003fcc        0xc /Applications/MCUXpressoIDE_25.6.136/ide/plugins/com.nxp.mcuxpresso.tools.macosx_25.6.0.202501151204/tools/bin/../lib/gcc/arm-none-eabi/14.2.1/../../../../arm-none-eabi/lib/thumb/v8-m.main/nofp/libc_nano.a(libc_a-errno.o)
                0x00003fcc                __errno
 .text.__libc_init_array
                0x00003fd8       0x48 /Applications/MCUXpressoIDE_25.6.136/ide/plugins/com.nxp.mcuxpresso.tools.macosx_25.6.0.202501151204/tools/bin/../lib/gcc/arm-none-eabi/14.2.1/../../../../arm-none-eabi/lib/thumb/v8-m.main/nofp/libc_nano.a(libc_a-init.o)
                0x00003fd8                __libc_init_array
 .text._localeconv_r
                0x00004020        0x8 /Applications/MCUXpressoIDE_25.6.136/ide/plugins/com.nxp.mcuxpresso.tools.macosx_25.6.0.202501151204/tools/bin/../lib/gcc/arm-none-eabi/14.2.1/../../../../arm-none-eabi/lib/thumb/v8-m.main/nofp/libc_nano.a(libc_a-localeconv.o)
                0x00004020                _localeconv_r
 .text.nan      0x00004028        0xc /Applications/MCUXpressoIDE_25.6.136/ide/plugins/com.nxp.mcuxpresso.tools.macosx_25.6.0.202501151204/tools/bin/../lib/gcc/arm-none-eabi/14.2.1/../../../../arm-none-eabi/lib/thumb/v8-m.main/nofp/libc_nano.a(libm_a-s_nan.o)
                0x00004028                nan
 .text.nanf     0x00004034        0x8 /Applications/MCUXpressoIDE_25.6.136/ide/plugins/com.nxp.mcuxpresso.tools.macosx_25.6.0.202501151204/tools/bin/../lib/gcc/arm-none-eabi/14.2.1/../../../../arm-none-eabi/lib/thumb/v8-m.main/nofp/libc_nano.a(libm_a-sf_nan.o)
                0x00004034                nanf
 .text.__gethex
                0x0000403c      0x41c /Applications/MCUXpressoIDE_25.6.136/ide/plugins/com.nxp.mcuxpresso.tools.macosx_25.6.0.202501151204/tools/bin/../lib/gcc/arm-none-eabi/14.2.1/../../../../arm-none-eabi/lib/thumb/v8-m.main/nofp/libc_nano.a(libc_a-gdtoa-gethex.o)
                0x0000403c                __gethex
 .text._svfprintf_r
                0x00004458      0x1f8 /Applications/MCUXpressoIDE_25.6.136/ide/plugins/com.nxp.mcuxpresso.tools.macosx_25.6.0.202501151204/tools/bin/../lib/gcc/arm-none-eabi/14.2.1/../../../../arm-none-eabi/lib/thumb/v8-m.main/nofp/libc_nano.a(libc_a-nano-svfprintf.o)
                0x00004458                _svfprintf_r
                0x00004458                _svfiprintf_r
 .text._vfprintf_r
                0x00004650      0x230 /Applications/MCUXpressoIDE_25.6.136/ide/plugins/com.nxp.mcuxpresso.tools.macosx_25.6.0.202501151204/tools/bin/../lib/gcc/arm-none-eabi/14.2.1/../../../../arm-none-eabi/lib/thumb/v8-m.main/nofp/libc_nano.a(libc_a-nano-vfprintf.o)
                0x00004650                _vfiprintf_r
                0x00004650                _vfprintf_r
 .text.malloc   0x00004880       0x10 /Applications/MCUXpressoIDE_25.6.136/ide/plugins/com.nxp.mcuxpresso.tools.macosx_25.6.0.202501151204/tools/bin/../lib/gcc/arm-none-eabi/14.2.1/../../../../arm-none-eabi/lib/thumb/v8-m.main/nofp/libc_nano.a(libc_a-malloc.o)
                0x00004880                malloc
 .text.free     0x00004890       0x10 /Applications/MCUXpressoIDE_25.6.136/ide/plugins/com.nxp.mcuxpresso.tools.macosx_25.6.0.202501151204/tools/bin/../lib/gcc/arm-none-eabi/14.2.1/../../../../arm-none-eabi/lib/thumb/v8-m.main/nofp/libc_nano.a(libc_a-malloc.o)
                0x00004890                free
 .text.sbrk_aligned
                0x000048a0       0x44 /Applications/MCUXpressoIDE_25.6.136/ide/plugins/com.nxp.mcuxpresso.tools.macosx_25.6.0.202501151204/tools/bin/../lib/gcc/arm-none-eabi/14.2.1/../../../../arm-none-eabi/lib/thumb/v8-m.main/nofp/libc_nano.a(libc_a-mallocr.o)
 .text._malloc_r
                0x000048e4      0x100 /Applications/MCUXpressoIDE_25.6.136/ide/plugins/com.nxp.mcuxpresso.tools.macosx_25.6.0.202501151204/tools/bin/../lib/gcc/arm-none-eabi/14.2.1/../../../../arm-none-eabi/lib/thumb/v8-m.main/nofp/libc_nano.a(libc_a-mallocr.o)
                0x000048e4                _malloc_r
 .text.__malloc_lock
                0x000049e4        0xc /Applications/MCUXpressoIDE_25.6.136/ide/plugins/com.nxp.mcuxpresso.tools.macosx_25.6.0.202501151204/tools/bin/../lib/gcc/arm-none-eabi/14.2.1/../../../../arm-none-eabi/lib/thumb/v8-m.main/nofp/libc_nano.a(libc_a-mlock.o)
                0x000049e4                __malloc_lock
 .text.__malloc_unlock
                0x000049f0        0xc /Applications/MCUXpressoIDE_25.6.136/ide/plugins/com.nxp.mcuxpresso.tools.macosx_25.6.0.202501151204/tools/bin/../lib/gcc/arm-none-eabi/14.2.1/../../../../arm-none-eabi/lib/thumb/v8-m.main/nofp/libc_nano.a(libc_a-mlock.o)
                0x000049f0                __malloc_unlock
 .text._Balloc  0x000049fc       0x7c /Applications/MCUXpressoIDE_25.6.136/ide/plugins/com.nxp.mcuxpresso.tools.macosx_25.6.0.202501151204/tools/bin/../lib/gcc/arm-none-eabi/14.2.1/../../../../arm-none-eabi/lib/thumb/v8-m.main/nofp/libc_nano.a(libc_a-mprec.o)
                0x000049fc                _Balloc
 .text._Bfree   0x00004a78       0x44 /Applications/MCUXpressoIDE_25.6.136/ide/plugins/com.nxp.mcuxpresso.tools.macosx_25.6.0.202501151204/tools/bin/../lib/gcc/arm-none-eabi/14.2.1/../../../../arm-none-eabi/lib/thumb/v8-m.main/nofp/libc_nano.a(libc_a-mprec.o)
                0x00004a78                _Bfree
 .text.__multadd
                0x00004abc       0x90 /Applications/MCUXpressoIDE_25.6.136/ide/plugins/com.nxp.mcuxpresso.tools.macosx_25.6.0.202501151204/tools/bin/../lib/gcc/arm-none-eabi/14.2.1/../../../../arm-none-eabi/lib/thumb/v8-m.main/nofp/libc_nano.a(libc_a-mprec.o)
                0x00004abc                __multadd
 .text.__s2b    0x00004b4c       0x94 /Applications/MCUXpressoIDE_25.6.136/ide/plugins/com.nxp.mcuxpresso.tools.macosx_25.6.0.202501151204/tools/bin/../lib/gcc/arm-none-eabi/14.2.1/../../../../arm-none-eabi/lib/thumb/v8-m.main/nofp/libc_nano.a(libc_a-mprec.o)
                0x00004b4c                __s2b
 .text.__i2b    0x00004be0       0x2c /Applications/MCUXpressoIDE_25.6.136/ide/plugins/com.nxp.mcuxpresso.tools.macosx_25.6.0.202501151204/tools/bin/../lib/gcc/arm-none-eabi/14.2.1/../../../../arm-none-eabi/lib/thumb/v8-m.main/nofp/libc_nano.a(libc_a-mprec.o)
                0x00004be0                __i2b
 .text.__multiply
                0x00004c0c      0x154 /Applications/MCUXpressoIDE_25.6.136/ide/plugins/com.nxp.mcuxpresso.tools.macosx_25.6.0.202501151204/tools/bin/../lib/gcc/arm-none-eabi/14.2.1/../../../../arm-none-eabi/lib/thumb/v8-m.main/nofp/libc_nano.a(libc_a-mprec.o)
                0x00004c0c                __multiply
 .text.__pow5mult
                0x00004d60       0xb8 /Applications/MCUXpressoIDE_25.6.136/ide/plugins/com.nxp.mcuxpresso.tools.macosx_25.6.0.202501151204/tools/bin/../lib/gcc/arm-none-eabi/14.2.1/../../../../arm-none-eabi/lib/thumb/v8-m.main/nofp/libc_nano.a(libc_a-mprec.o)
                0x00004d60                __pow5mult
 .text.__lshift
                0x00004e18       0xd8 /Applications/MCUXpressoIDE_25.6.136/ide/plugins/com.nxp.mcuxpresso.tools.macosx_25.6.0.202501151204/tools/bin/../lib/gcc/arm-none-eabi/14.2.1/../../../../arm-none-eabi/lib/thumb/v8-m.main/nofp/libc_nano.a(libc_a-mprec.o)
                0x00004e18                __lshift
 .text.__mdiff  0x00004ef0      0x138 /Applications/MCUXpressoIDE_25.6.136/ide/plugins/com.nxp.mcuxpresso.tools.macosx_25.6.0.202501151204/tools/bin/../lib/gcc/arm-none-eabi/14.2.1/../../../../arm-none-eabi/lib/thumb/v8-m.main/nofp/libc_nano.a(libc_a-mprec.o)
                0x00004ef0                __mdiff
 .text.__ulp    0x00005028       0x40 /Applications/MCUXpressoIDE_25.6.136/ide/plugins/com.nxp.mcuxpresso.tools.macosx_25.6.0.202501151204/tools/bin/../lib/gcc/arm-none-eabi/14.2.1/../../../../arm-none-eabi/lib/thumb/v8-m.main/nofp/libc_nano.a(libc_a-mprec.o)
                0x00005028                __ulp
 .text.__b2d    0x00005068       0x94 /Applications/MCUXpressoIDE_25.6.136/ide/plugins/com.nxp.mcuxpresso.tools.macosx_25.6.0.202501151204/tools/bin/../lib/gcc/arm-none-eabi/14.2.1/../../../../arm-none-eabi/lib/thumb/v8-m.main/nofp/libc_nano.a(libc_a-mprec.o)
                0x00005068                __b2d
 .text.__d2b    0x000050fc       0xb0 /Applications/MCUXpressoIDE_25.6.136/ide/plugins/com.nxp.mcuxpresso.tools.macosx_25.6.0.202501151204/tools/bin/../lib/gcc/arm-none-eabi/14.2.1/../../../../arm-none-eabi/lib/thumb/v8-m.main/nofp/libc_nano.a(libc_a-mprec.o)
                0x000050fc                __d2b
 .text.std      0x000051ac       0x6c /Applications/MCUXpressoIDE_25.6.136/ide/plugins/com.nxp.mcuxpresso.tools.macosx_25.6.0.202501151204/tools/bin/../lib/gcc/arm-none-eabi/14.2.1/../../../../arm-none-eabi/lib/thumb/v8-m.main/nofp/libc_nano.a(libc_a-findfp.o)
 .text.stdio_exit_handler
                0x00005218       0x18 /Applications/MCUXpressoIDE_25.6.136/ide/plugins/com.nxp.mcuxpresso.tools.macosx_25.6.0.202501151204/tools/bin/../lib/gcc/arm-none-eabi/14.2.1/../../../../arm-none-eabi/lib/thumb/v8-m.main/nofp/libc_nano.a(libc_a-findfp.o)
 .text.cleanup_stdio
                0x00005230       0x40 /Applications/MCUXpressoIDE_25.6.136/ide/plugins/com.nxp.mcuxpresso.tools.macosx_25.6.0.202501151204/tools/bin/../lib/gcc/arm-none-eabi/14.2.1/../../../../arm-none-eabi/lib/thumb/v8-m.main/nofp/libc_nano.a(libc_a-findfp.o)
 .text.global_stdio_init.part.0
                0x00005270       0x40 /Applications/MCUXpressoIDE_25.6.136/ide/plugins/com.nxp.mcuxpresso.tools.macosx_25.6.0.202501151204/tools/bin/../lib/gcc/arm-none-eabi/14.2.1/../../../../arm-none-eabi/lib/thumb/v8-m.main/nofp/libc_nano.a(libc_a-findfp.o)
 .text.__sfp_lock_acquire
                0x000052b0        0xc /Applications/MCUXpressoIDE_25.6.136/ide/plugins/com.nxp.mcuxpresso.tools.macosx_25.6.0.202501151204/tools/bin/../lib/gcc/arm-none-eabi/14.2.1/../../../../arm-none-eabi/lib/thumb/v8-m.main/nofp/libc_nano.a(libc_a-findfp.o)
                0x000052b0                __sfp_lock_acquire
 .text.__sfp_lock_release
                0x000052bc        0xc /Applications/MCUXpressoIDE_25.6.136/ide/plugins/com.nxp.mcuxpresso.tools.macosx_25.6.0.202501151204/tools/bin/../lib/gcc/arm-none-eabi/14.2.1/../../../../arm-none-eabi/lib/thumb/v8-m.main/nofp/libc_nano.a(libc_a-findfp.o)
                0x000052bc                __sfp_lock_release
 .text.__sinit  0x000052c8       0x30 /Applications/MCUXpressoIDE_25.6.136/ide/plugins/com.nxp.mcuxpresso.tools.macosx_25.6.0.202501151204/tools/bin/../lib/gcc/arm-none-eabi/14.2.1/../../../../arm-none-eabi/lib/thumb/v8-m.main/nofp/libc_nano.a(libc_a-findfp.o)
                0x000052c8                __sinit
 .text.__swsetup_r
                0x000052f8       0xa8 /Applications/MCUXpressoIDE_25.6.136/ide/plugins/com.nxp.mcuxpresso.tools.macosx_25.6.0.202501151204/tools/bin/../lib/gcc/arm-none-eabi/14.2.1/../../../../arm-none-eabi/lib/thumb/v8-m.main/nofp/libc_nano.a(libc_a-wsetup.o)
                0x000052f8                __swsetup_r
 .text._isatty_r
                0x000053a0       0x20 /Applications/MCUXpressoIDE_25.6.136/ide/plugins/com.nxp.mcuxpresso.tools.macosx_25.6.0.202501151204/tools/bin/../lib/gcc/arm-none-eabi/14.2.1/../../../../arm-none-eabi/lib/thumb/v8-m.main/nofp/libc_nano.a(libc_a-isattyr.o)
                0x000053a0                _isatty_r
 .text._sbrk_r  0x000053c0       0x20 /Applications/MCUXpressoIDE_25.6.136/ide/plugins/com.nxp.mcuxpresso.tools.macosx_25.6.0.202501151204/tools/bin/../lib/gcc/arm-none-eabi/14.2.1/../../../../arm-none-eabi/lib/thumb/v8-m.main/nofp/libc_nano.a(libc_a-sbrkr.o)
                0x000053c0                _sbrk_r
 .text._fstat_r
                0x000053e0       0x24 /Applications/MCUXpressoIDE_25.6.136/ide/plugins/com.nxp.mcuxpresso.tools.macosx_25.6.0.202501151204/tools/bin/../lib/gcc/arm-none-eabi/14.2.1/../../../../arm-none-eabi/lib/thumb/v8-m.main/nofp/libc_nano.a(libc_a-fstatr.o)
                0x000053e0                _fstat_r
 .text.__cxa_atexit
                0x00005404       0x1c /Applications/MCUXpressoIDE_25.6.136/ide/plugins/com.nxp.mcuxpresso.tools.macosx_25.6.0.202501151204/tools/bin/../lib/gcc/arm-none-eabi/14.2.1/../../../../arm-none-eabi/lib/thumb/v8-m.main/nofp/libc_nano.a(libc_a-cxa_atexit.o)
                0x00005404                __cxa_atexit
 .text._free_r  0x00005420       0x94 /Applications/MCUXpressoIDE_25.6.136/ide/plugins/com.nxp.mcuxpresso.tools.macosx_25.6.0.202501151204/tools/bin/../lib/gcc/arm-none-eabi/14.2.1/../../../../arm-none-eabi/lib/thumb/v8-m.main/nofp/libc_nano.a(libc_a-freer.o)
                0x00005420                _free_r
 .text.__sflush_r
                0x000054b4       0xf8 /Applications/MCUXpressoIDE_25.6.136/ide/plugins/com.nxp.mcuxpresso.tools.macosx_25.6.0.202501151204/tools/bin/../lib/gcc/arm-none-eabi/14.2.1/../../../../arm-none-eabi/lib/thumb/v8-m.main/nofp/libc_nano.a(libc_a-fflush.o)
                0x000054b4                __sflush_r
 .text._lseek_r
                0x000055ac       0x24 /Applications/MCUXpressoIDE_25.6.136/ide/plugins/com.nxp.mcuxpresso.tools.macosx_25.6.0.202501151204/tools/bin/../lib/gcc/arm-none-eabi/14.2.1/../../../../arm-none-eabi/lib/thumb/v8-m.main/nofp/libc_nano.a(libc_a-lseekr.o)
                0x000055ac                _lseek_r
 .text._read_r  0x000055d0       0x24 /Applications/MCUXpressoIDE_25.6.136/ide/plugins/com.nxp.mcuxpresso.tools.macosx_25.6.0.202501151204/tools/bin/../lib/gcc/arm-none-eabi/14.2.1/../../../../arm-none-eabi/lib/thumb/v8-m.main/nofp/libc_nano.a(libc_a-readr.o)
                0x000055d0                _read_r
 .text._write_r
                0x000055f4       0x24 /Applications/MCUXpressoIDE_25.6.136/ide/plugins/com.nxp.mcuxpresso.tools.macosx_25.6.0.202501151204/tools/bin/../lib/gcc/arm-none-eabi/14.2.1/../../../../arm-none-eabi/lib/thumb/v8-m.main/nofp/libc_nano.a(libc_a-writer.o)
                0x000055f4                _write_r
 .text._close_r
                0x00005618       0x20 /Applications/MCUXpressoIDE_25.6.136/ide/plugins/com.nxp.mcuxpresso.tools.macosx_25.6.0.202501151204/tools/bin/../lib/gcc/arm-none-eabi/14.2.1/../../../../arm-none-eabi/lib/thumb/v8-m.main/nofp/libc_nano.a(libc_a-closer.o)
                0x00005618                _close_r
 .text._sbrk    0x00005638       0x3c /Applications/MCUXpressoIDE_25.6.136/ide/plugins/com.nxp.mcuxpresso.tools.macosx_25.6.0.202501151204/tools/bin/../lib/gcc/arm-none-eabi/14.2.1/../../../../arm-none-eabi/lib/thumb/v8-m.main/nofp/libcr_newlib_semihost.a(_cr_sbrk.o)
                0x00005638                _sbrk
 .text.initialise_monitor_handles.part.0
                0x00005674       0xa4 /Applications/MCUXpressoIDE_25.6.136/ide/plugins/com.nxp.mcuxpresso.tools.macosx_25.6.0.202501151204/tools/bin/../lib/gcc/arm-none-eabi/14.2.1/../../../../arm-none-eabi/lib/thumb/v8-m.main/nofp/libcr_newlib_semihost.a(syscalls.o)
 .text.findslot
                0x00005718       0x30 /Applications/MCUXpressoIDE_25.6.136/ide/plugins/com.nxp.mcuxpresso.tools.macosx_25.6.0.202501151204/tools/bin/../lib/gcc/arm-none-eabi/14.2.1/../../../../arm-none-eabi/lib/thumb/v8-m.main/nofp/libcr_newlib_semihost.a(syscalls.o)
 .text._close   0x00005748       0x4c /Applications/MCUXpressoIDE_25.6.136/ide/plugins/com.nxp.mcuxpresso.tools.macosx_25.6.0.202501151204/tools/bin/../lib/gcc/arm-none-eabi/14.2.1/../../../../arm-none-eabi/lib/thumb/v8-m.main/nofp/libcr_newlib_semihost.a(syscalls.o)
                0x00005748                _close
 .text.__check_heap_overflow
                0x00005794       0x18 /Applications/MCUXpressoIDE_25.6.136/ide/plugins/com.nxp.mcuxpresso.tools.macosx_25.6.0.202501151204/tools/bin/../lib/gcc/arm-none-eabi/14.2.1/../../../../arm-none-eabi/lib/thumb/v8-m.main/nofp/libcr_newlib_semihost.a(_cr_check_heap.o)
                0x00005794                __check_heap_overflow
 .text.register_tm_clones
                0x000057ac       0x28 /Applications/MCUXpressoIDE_25.6.136/ide/plugins/com.nxp.mcuxpresso.tools.macosx_25.6.0.202501151204/tools/bin/../lib/gcc/arm-none-eabi/14.2.1/thumb/v8-m.main/nofp/crtbegin.o
 .text.frame_dummy
                0x000057d4       0x24 /Applications/MCUXpressoIDE_25.6.136/ide/plugins/com.nxp.mcuxpresso.tools.macosx_25.6.0.202501151204/tools/bin/../lib/gcc/arm-none-eabi/14.2.1/thumb/v8-m.main/nofp/crtbegin.o
 .text          0x000057f8      0x424 /Applications/MCUXpressoIDE_25.6.136/ide/plugins/com.nxp.mcuxpresso.tools.macosx_25.6.0.202501151204/tools/bin/../lib/gcc/arm-none-eabi/14.2.1/thumb/v8-m.main/nofp/libgcc.a(_arm_muldivdf3.o)
                0x000057f8                __aeabi_dmul
                0x000057f8                __muldf3
                0x00005a4c                __aeabi_ddiv
                0x00005a4c                __divdf3
 .text          0x00005c1c      0x110 /Applications/MCUXpressoIDE_25.6.136/ide/plugins/com.nxp.mcuxpresso.tools.macosx_25.6.0.202501151204/tools/bin/../lib/gcc/arm-none-eabi/14.2.1/thumb/v8-m.main/nofp/libgcc.a(_arm_cmpdf2.o)
                0x00005c1c                __gedf2
                0x00005c1c                __gtdf2
                0x00005c24                __ledf2
                0x00005c24                __ltdf2
                0x00005c2c                __cmpdf2
                0x00005c2c                __eqdf2
                0x00005c2c                __nedf2
                0x00005ca8                __aeabi_cdrcmple
                0x00005cb8                __aeabi_cdcmple
                0x00005cb8                __aeabi_cdcmpeq
                0x00005cc8                __aeabi_dcmpeq
                0x00005cdc                __aeabi_dcmplt
                0x00005cf0                __aeabi_dcmple
                0x00005d04                __aeabi_dcmpge
                0x00005d18                __aeabi_dcmpgt
 .text          0x00005d2c       0x2c /Applications/MCUXpressoIDE_25.6.136/ide/plugins/com.nxp.mcuxpresso.tools.macosx_25.6.0.202501151204/tools/bin/../lib/gcc/arm-none-eabi/14.2.1/thumb/v8-m.main/nofp/libgcc.a(_arm_unorddf2.o)
                0x00005d2c                __aeabi_dcmpun
                0x00005d2c                __unorddf2
 .text          0x00005d58       0x50 /Applications/MCUXpressoIDE_25.6.136/ide/plugins/com.nxp.mcuxpresso.tools.macosx_25.6.0.202501151204/tools/bin/../lib/gcc/arm-none-eabi/14.2.1/thumb/v8-m.main/nofp/libgcc.a(_arm_fixdfsi.o)
                0x00005d58                __fixdfsi
                0x00005d58                __aeabi_d2iz
 .text          0x00005da8       0xa0 /Applications/MCUXpressoIDE_25.6.136/ide/plugins/com.nxp.mcuxpresso.tools.macosx_25.6.0.202501151204/tools/bin/../lib/gcc/arm-none-eabi/14.2.1/thumb/v8-m.main/nofp/libgcc.a(_arm_truncdfsf2.o)
                0x00005da8                __aeabi_d2f
                0x00005da8                __truncdfsf2
 .text.__fixdfdi
                0x00005e48       0x30 /Applications/MCUXpressoIDE_25.6.136/ide/plugins/com.nxp.mcuxpresso.tools.macosx_25.6.0.202501151204/tools/bin/../lib/gcc/arm-none-eabi/14.2.1/thumb/v8-m.main/nofp/libgcc.a(_fixdfdi.o)
                0x00005e48                __aeabi_d2lz
                0x00005e48                __fixdfdi
 .text.__fixunsdfdi
                0x00005e78       0x3c /Applications/MCUXpressoIDE_25.6.136/ide/plugins/com.nxp.mcuxpresso.tools.macosx_25.6.0.202501151204/tools/bin/../lib/gcc/arm-none-eabi/14.2.1/thumb/v8-m.main/nofp/libgcc.a(_fixunsdfdi.o)
                0x00005e78                __aeabi_d2ulz
                0x00005e78                __fixunsdfdi
 .text.GPIO0_IRQHandler
                0x00005eb4        0xe ./_r01lib_irq/irq.o
                0x00005eb4                GPIO0_IRQHandler
 .text.GPIO1_IRQHandler
                0x00005ec2        0xe ./_r01lib_irq/irq.o
                0x00005ec2                GPIO1_IRQHandler
 .text.GPIO2_IRQHandler
                0x00005ed0        0xe ./_r01lib_irq/irq.o
                0x00005ed0                GPIO2_IRQHandler
 .text.GPIO3_IRQHandler
                0x00005ede        0xe ./_r01lib_irq/irq.o
                0x00005ede                GPIO3_IRQHandler
 .text.Reserved16_IRQHandler
                0x00005eec        0x8 /Users/tedd/dev/mcuxpresso/FRDM_MCXA153_GPIO_and_SPI_freq_test/_r01lib_frdm_mcxa153/Debug/lib_r01lib_frdm_mcxa153.a(startup_mcxa153.o)
                0x00005eec                Reserved16_IRQHandler
 .text.CMC_IRQHandler
                0x00005ef4        0x8 /Users/tedd/dev/mcuxpresso/FRDM_MCXA153_GPIO_and_SPI_freq_test/_r01lib_frdm_mcxa153/Debug/lib_r01lib_frdm_mcxa153.a(startup_mcxa153.o)
                0x00005ef4                CMC_IRQHandler
 .text.DMA_CH0_IRQHandler
                0x00005efc        0x8 /Users/tedd/dev/mcuxpresso/FRDM_MCXA153_GPIO_and_SPI_freq_test/_r01lib_frdm_mcxa153/Debug/lib_r01lib_frdm_mcxa153.a(startup_mcxa153.o)
                0x00005efc                DMA_CH0_IRQHandler
 .text.DMA_CH1_IRQHandler
                0x00005f04        0x8 /Users/tedd/dev/mcuxpresso/FRDM_MCXA153_GPIO_and_SPI_freq_test/_r01lib_frdm_mcxa153/Debug/lib_r01lib_frdm_mcxa153.a(startup_mcxa153.o)
                0x00005f04                DMA_CH1_IRQHandler
 .text.DMA_CH2_IRQHandler
                0x00005f0c        0x8 /Users/tedd/dev/mcuxpresso/FRDM_MCXA153_GPIO_and_SPI_freq_test/_r01lib_frdm_mcxa153/Debug/lib_r01lib_frdm_mcxa153.a(startup_mcxa153.o)
                0x00005f0c                DMA_CH2_IRQHandler
 .text.DMA_CH3_IRQHandler
                0x00005f14        0x8 /Users/tedd/dev/mcuxpresso/FRDM_MCXA153_GPIO_and_SPI_freq_test/_r01lib_frdm_mcxa153/Debug/lib_r01lib_frdm_mcxa153.a(startup_mcxa153.o)
                0x00005f14                DMA_CH3_IRQHandler
 .text.Reserved22_IRQHandler
                0x00005f1c        0x8 /Users/tedd/dev/mcuxpresso/FRDM_MCXA153_GPIO_and_SPI_freq_test/_r01lib_frdm_mcxa153/Debug/lib_r01lib_frdm_mcxa153.a(startup_mcxa153.o)
                0x00005f1c                Reserved22_IRQHandler
 .text.Reserved23_IRQHandler
                0x00005f24        0x8 /Users/tedd/dev/mcuxpresso/FRDM_MCXA153_GPIO_and_SPI_freq_test/_r01lib_frdm_mcxa153/Debug/lib_r01lib_frdm_mcxa153.a(startup_mcxa153.o)
                0x00005f24                Reserved23_IRQHandler
 .text.Reserved24_IRQHandler
                0x00005f2c        0x8 /Users/tedd/dev/mcuxpresso/FRDM_MCXA153_GPIO_and_SPI_freq_test/_r01lib_frdm_mcxa153/Debug/lib_r01lib_frdm_mcxa153.a(startup_mcxa153.o)
                0x00005f2c                Reserved24_IRQHandler
 .text.Reserved25_IRQHandler
                0x00005f34        0x8 /Users/tedd/dev/mcuxpresso/FRDM_MCXA153_GPIO_and_SPI_freq_test/_r01lib_frdm_mcxa153/Debug/lib_r01lib_frdm_mcxa153.a(startup_mcxa153.o)
                0x00005f34                Reserved25_IRQHandler
 .text.ERM0_SINGLE_BIT_IRQHandler
                0x00005f3c        0x8 /Users/tedd/dev/mcuxpresso/FRDM_MCXA153_GPIO_and_SPI_freq_test/_r01lib_frdm_mcxa153/Debug/lib_r01lib_frdm_mcxa153.a(startup_mcxa153.o)
                0x00005f3c                ERM0_SINGLE_BIT_IRQHandler
 .text.ERM0_MULTI_BIT_IRQHandler
                0x00005f44        0x8 /Users/tedd/dev/mcuxpresso/FRDM_MCXA153_GPIO_and_SPI_freq_test/_r01lib_frdm_mcxa153/Debug/lib_r01lib_frdm_mcxa153.a(startup_mcxa153.o)
                0x00005f44                ERM0_MULTI_BIT_IRQHandler
 .text.FMU0_IRQHandler
                0x00005f4c        0x8 /Users/tedd/dev/mcuxpresso/FRDM_MCXA153_GPIO_and_SPI_freq_test/_r01lib_frdm_mcxa153/Debug/lib_r01lib_frdm_mcxa153.a(startup_mcxa153.o)
                0x00005f4c                FMU0_IRQHandler
 .text.GLIKEY0_IRQHandler
                0x00005f54        0x8 /Users/tedd/dev/mcuxpresso/FRDM_MCXA153_GPIO_and_SPI_freq_test/_r01lib_frdm_mcxa153/Debug/lib_r01lib_frdm_mcxa153.a(startup_mcxa153.o)
                0x00005f54                GLIKEY0_IRQHandler
 .text.MBC0_IRQHandler
                0x00005f5c        0x8 /Users/tedd/dev/mcuxpresso/FRDM_MCXA153_GPIO_and_SPI_freq_test/_r01lib_frdm_mcxa153/Debug/lib_r01lib_frdm_mcxa153.a(startup_mcxa153.o)
                0x00005f5c                MBC0_IRQHandler
 .text.SCG0_IRQHandler
                0x00005f64        0x8 /Users/tedd/dev/mcuxpresso/FRDM_MCXA153_GPIO_and_SPI_freq_test/_r01lib_frdm_mcxa153/Debug/lib_r01lib_frdm_mcxa153.a(startup_mcxa153.o)
                0x00005f64                SCG0_IRQHandler
 .text.SPC0_IRQHandler
                0x00005f6c        0x8 /Users/tedd/dev/mcuxpresso/FRDM_MCXA153_GPIO_and_SPI_freq_test/_r01lib_frdm_mcxa153/Debug/lib_r01lib_frdm_mcxa153.a(startup_mcxa153.o)
                0x00005f6c                SPC0_IRQHandler
 .text.Reserved33_IRQHandler
                0x00005f74        0x8 /Users/tedd/dev/mcuxpresso/FRDM_MCXA153_GPIO_and_SPI_freq_test/_r01lib_frdm_mcxa153/Debug/lib_r01lib_frdm_mcxa153.a(startup_mcxa153.o)
                0x00005f74                Reserved33_IRQHandler
 .text.WUU0_IRQHandler
                0x00005f7c        0x8 /Users/tedd/dev/mcuxpresso/FRDM_MCXA153_GPIO_and_SPI_freq_test/_r01lib_frdm_mcxa153/Debug/lib_r01lib_frdm_mcxa153.a(startup_mcxa153.o)
                0x00005f7c                WUU0_IRQHandler
 .text.Reserved35_IRQHandler
                0x00005f84        0x8 /Users/tedd/dev/mcuxpresso/FRDM_MCXA153_GPIO_and_SPI_freq_test/_r01lib_frdm_mcxa153/Debug/lib_r01lib_frdm_mcxa153.a(startup_mcxa153.o)
                0x00005f84                Reserved35_IRQHandler
 .text.Reserved36_IRQHandler
                0x00005f8c        0x8 /Users/tedd/dev/mcuxpresso/FRDM_MCXA153_GPIO_and_SPI_freq_test/_r01lib_frdm_mcxa153/Debug/lib_r01lib_frdm_mcxa153.a(startup_mcxa153.o)
                0x00005f8c                Reserved36_IRQHandler
 .text.Reserved37_IRQHandler
                0x00005f94        0x8 /Users/tedd/dev/mcuxpresso/FRDM_MCXA153_GPIO_and_SPI_freq_test/_r01lib_frdm_mcxa153/Debug/lib_r01lib_frdm_mcxa153.a(startup_mcxa153.o)
                0x00005f94                Reserved37_IRQHandler
 .text.Reserved38_IRQHandler
                0x00005f9c        0x8 /Users/tedd/dev/mcuxpresso/FRDM_MCXA153_GPIO_and_SPI_freq_test/_r01lib_frdm_mcxa153/Debug/lib_r01lib_frdm_mcxa153.a(startup_mcxa153.o)
                0x00005f9c                Reserved38_IRQHandler
 .text.Reserved39_IRQHandler
                0x00005fa4        0x8 /Users/tedd/dev/mcuxpresso/FRDM_MCXA153_GPIO_and_SPI_freq_test/_r01lib_frdm_mcxa153/Debug/lib_r01lib_frdm_mcxa153.a(startup_mcxa153.o)
                0x00005fa4                Reserved39_IRQHandler
 .text.I3C0_IRQHandler
                0x00005fac        0x8 /Users/tedd/dev/mcuxpresso/FRDM_MCXA153_GPIO_and_SPI_freq_test/_r01lib_frdm_mcxa153/Debug/lib_r01lib_frdm_mcxa153.a(startup_mcxa153.o)
                0x00005fac                I3C0_IRQHandler
 .text.Reserved41_IRQHandler
                0x00005fb4        0x8 /Users/tedd/dev/mcuxpresso/FRDM_MCXA153_GPIO_and_SPI_freq_test/_r01lib_frdm_mcxa153/Debug/lib_r01lib_frdm_mcxa153.a(startup_mcxa153.o)
                0x00005fb4                Reserved41_IRQHandler
 .text.LPI2C0_IRQHandler
                0x00005fbc        0x8 /Users/tedd/dev/mcuxpresso/FRDM_MCXA153_GPIO_and_SPI_freq_test/_r01lib_frdm_mcxa153/Debug/lib_r01lib_frdm_mcxa153.a(startup_mcxa153.o)
                0x00005fbc                LPI2C0_IRQHandler
 .text.Reserved43_IRQHandler
                0x00005fc4        0x8 /Users/tedd/dev/mcuxpresso/FRDM_MCXA153_GPIO_and_SPI_freq_test/_r01lib_frdm_mcxa153/Debug/lib_r01lib_frdm_mcxa153.a(startup_mcxa153.o)
                0x00005fc4                Reserved43_IRQHandler
 .text.LPSPI0_IRQHandler
                0x00005fcc        0x8 /Users/tedd/dev/mcuxpresso/FRDM_MCXA153_GPIO_and_SPI_freq_test/_r01lib_frdm_mcxa153/Debug/lib_r01lib_frdm_mcxa153.a(startup_mcxa153.o)
                0x00005fcc                LPSPI0_IRQHandler
 .text.LPSPI1_IRQHandler
                0x00005fd4        0x8 /Users/tedd/dev/mcuxpresso/FRDM_MCXA153_GPIO_and_SPI_freq_test/_r01lib_frdm_mcxa153/Debug/lib_r01lib_frdm_mcxa153.a(startup_mcxa153.o)
                0x00005fd4                LPSPI1_IRQHandler
 .text.Reserved46_IRQHandler
                0x00005fdc        0x8 /Users/tedd/dev/mcuxpresso/FRDM_MCXA153_GPIO_and_SPI_freq_test/_r01lib_frdm_mcxa153/Debug/lib_r01lib_frdm_mcxa153.a(startup_mcxa153.o)
                0x00005fdc                Reserved46_IRQHandler
 .text.LPUART0_IRQHandler
                0x00005fe4        0x8 /Users/tedd/dev/mcuxpresso/FRDM_MCXA153_GPIO_and_SPI_freq_test/_r01lib_frdm_mcxa153/Debug/lib_r01lib_frdm_mcxa153.a(startup_mcxa153.o)
                0x00005fe4                LPUART0_IRQHandler
 .text.LPUART1_IRQHandler
                0x00005fec        0x8 /Users/tedd/dev/mcuxpresso/FRDM_MCXA153_GPIO_and_SPI_freq_test/_r01lib_frdm_mcxa153/Debug/lib_r01lib_frdm_mcxa153.a(startup_mcxa153.o)
                0x00005fec                LPUART1_IRQHandler
 .text.LPUART2_IRQHandler
                0x00005ff4        0x8 /Users/tedd/dev/mcuxpresso/FRDM_MCXA153_GPIO_and_SPI_freq_test/_r01lib_frdm_mcxa153/Debug/lib_r01lib_frdm_mcxa153.a(startup_mcxa153.o)
                0x00005ff4                LPUART2_IRQHandler
 .text.Reserved50_IRQHandler
                0x00005ffc        0x8 /Users/tedd/dev/mcuxpresso/FRDM_MCXA153_GPIO_and_SPI_freq_test/_r01lib_frdm_mcxa153/Debug/lib_r01lib_frdm_mcxa153.a(startup_mcxa153.o)
                0x00005ffc                Reserved50_IRQHandler
 .text.Reserved51_IRQHandler
                0x00006004        0x8 /Users/tedd/dev/mcuxpresso/FRDM_MCXA153_GPIO_and_SPI_freq_test/_r01lib_frdm_mcxa153/Debug/lib_r01lib_frdm_mcxa153.a(startup_mcxa153.o)
                0x00006004                Reserved51_IRQHandler
 .text.USB0_IRQHandler
                0x0000600c        0x8 /Users/tedd/dev/mcuxpresso/FRDM_MCXA153_GPIO_and_SPI_freq_test/_r01lib_frdm_mcxa153/Debug/lib_r01lib_frdm_mcxa153.a(startup_mcxa153.o)
                0x0000600c                USB0_IRQHandler
 .text.Reserved53_IRQHandler
                0x00006014        0x8 /Users/tedd/dev/mcuxpresso/FRDM_MCXA153_GPIO_and_SPI_freq_test/_r01lib_frdm_mcxa153/Debug/lib_r01lib_frdm_mcxa153.a(startup_mcxa153.o)
                0x00006014                Reserved53_IRQHandler
 .text.CDOG0_IRQHandler
                0x0000601c        0x8 /Users/tedd/dev/mcuxpresso/FRDM_MCXA153_GPIO_and_SPI_freq_test/_r01lib_frdm_mcxa153/Debug/lib_r01lib_frdm_mcxa153.a(startup_mcxa153.o)
                0x0000601c                CDOG0_IRQHandler
 .text.CTIMER0_IRQHandler
                0x00006024        0x8 /Users/tedd/dev/mcuxpresso/FRDM_MCXA153_GPIO_and_SPI_freq_test/_r01lib_frdm_mcxa153/Debug/lib_r01lib_frdm_mcxa153.a(startup_mcxa153.o)
                0x00006024                CTIMER0_IRQHandler
 .text.CTIMER1_IRQHandler
                0x0000602c        0x8 /Users/tedd/dev/mcuxpresso/FRDM_MCXA153_GPIO_and_SPI_freq_test/_r01lib_frdm_mcxa153/Debug/lib_r01lib_frdm_mcxa153.a(startup_mcxa153.o)
                0x0000602c                CTIMER1_IRQHandler
 .text.CTIMER2_IRQHandler
                0x00006034        0x8 /Users/tedd/dev/mcuxpresso/FRDM_MCXA153_GPIO_and_SPI_freq_test/_r01lib_frdm_mcxa153/Debug/lib_r01lib_frdm_mcxa153.a(startup_mcxa153.o)
                0x00006034                CTIMER2_IRQHandler
 .text.Reserved58_IRQHandler
                0x0000603c        0x8 /Users/tedd/dev/mcuxpresso/FRDM_MCXA153_GPIO_and_SPI_freq_test/_r01lib_frdm_mcxa153/Debug/lib_r01lib_frdm_mcxa153.a(startup_mcxa153.o)
                0x0000603c                Reserved58_IRQHandler
 .text.Reserved59_IRQHandler
                0x00006044        0x8 /Users/tedd/dev/mcuxpresso/FRDM_MCXA153_GPIO_and_SPI_freq_test/_r01lib_frdm_mcxa153/Debug/lib_r01lib_frdm_mcxa153.a(startup_mcxa153.o)
                0x00006044                Reserved59_IRQHandler
 .text.FLEXPWM0_RELOAD_ERROR_IRQHandler
                0x0000604c        0x8 /Users/tedd/dev/mcuxpresso/FRDM_MCXA153_GPIO_and_SPI_freq_test/_r01lib_frdm_mcxa153/Debug/lib_r01lib_frdm_mcxa153.a(startup_mcxa153.o)
                0x0000604c                FLEXPWM0_RELOAD_ERROR_IRQHandler
 .text.FLEXPWM0_FAULT_IRQHandler
                0x00006054        0x8 /Users/tedd/dev/mcuxpresso/FRDM_MCXA153_GPIO_and_SPI_freq_test/_r01lib_frdm_mcxa153/Debug/lib_r01lib_frdm_mcxa153.a(startup_mcxa153.o)
                0x00006054                FLEXPWM0_FAULT_IRQHandler
 .text.FLEXPWM0_SUBMODULE0_IRQHandler
                0x0000605c        0x8 /Users/tedd/dev/mcuxpresso/FRDM_MCXA153_GPIO_and_SPI_freq_test/_r01lib_frdm_mcxa153/Debug/lib_r01lib_frdm_mcxa153.a(startup_mcxa153.o)
                0x0000605c                FLEXPWM0_SUBMODULE0_IRQHandler
 .text.FLEXPWM0_SUBMODULE1_IRQHandler
                0x00006064        0x8 /Users/tedd/dev/mcuxpresso/FRDM_MCXA153_GPIO_and_SPI_freq_test/_r01lib_frdm_mcxa153/Debug/lib_r01lib_frdm_mcxa153.a(startup_mcxa153.o)
                0x00006064                FLEXPWM0_SUBMODULE1_IRQHandler
 .text.FLEXPWM0_SUBMODULE2_IRQHandler
                0x0000606c        0x8 /Users/tedd/dev/mcuxpresso/FRDM_MCXA153_GPIO_and_SPI_freq_test/_r01lib_frdm_mcxa153/Debug/lib_r01lib_frdm_mcxa153.a(startup_mcxa153.o)
                0x0000606c                FLEXPWM0_SUBMODULE2_IRQHandler
 .text.Reserved65_IRQHandler
                0x00006074        0x8 /Users/tedd/dev/mcuxpresso/FRDM_MCXA153_GPIO_and_SPI_freq_test/_r01lib_frdm_mcxa153/Debug/lib_r01lib_frdm_mcxa153.a(startup_mcxa153.o)
                0x00006074                Reserved65_IRQHandler
 .text.QDC0_COMPARE_IRQHandler
                0x0000607c        0x8 /Users/tedd/dev/mcuxpresso/FRDM_MCXA153_GPIO_and_SPI_freq_test/_r01lib_frdm_mcxa153/Debug/lib_r01lib_frdm_mcxa153.a(startup_mcxa153.o)
                0x0000607c                QDC0_COMPARE_IRQHandler
 .text.QDC0_HOME_IRQHandler
                0x00006084        0x8 /Users/tedd/dev/mcuxpresso/FRDM_MCXA153_GPIO_and_SPI_freq_test/_r01lib_frdm_mcxa153/Debug/lib_r01lib_frdm_mcxa153.a(startup_mcxa153.o)
                0x00006084                QDC0_HOME_IRQHandler
 .text.QDC0_WATCHDOG_IRQHandler
                0x0000608c        0x8 /Users/tedd/dev/mcuxpresso/FRDM_MCXA153_GPIO_and_SPI_freq_test/_r01lib_frdm_mcxa153/Debug/lib_r01lib_frdm_mcxa153.a(startup_mcxa153.o)
                0x0000608c                QDC0_WATCHDOG_IRQHandler
 .text.QDC0_INDEX_IRQHandler
                0x00006094        0x8 /Users/tedd/dev/mcuxpresso/FRDM_MCXA153_GPIO_and_SPI_freq_test/_r01lib_frdm_mcxa153/Debug/lib_r01lib_frdm_mcxa153.a(startup_mcxa153.o)
                0x00006094                QDC0_INDEX_IRQHandler
 .text.FREQME0_IRQHandler
                0x0000609c        0x8 /Users/tedd/dev/mcuxpresso/FRDM_MCXA153_GPIO_and_SPI_freq_test/_r01lib_frdm_mcxa153/Debug/lib_r01lib_frdm_mcxa153.a(startup_mcxa153.o)
                0x0000609c                FREQME0_IRQHandler
 .text.LPTMR0_IRQHandler
                0x000060a4        0x8 /Users/tedd/dev/mcuxpresso/FRDM_MCXA153_GPIO_and_SPI_freq_test/_r01lib_frdm_mcxa153/Debug/lib_r01lib_frdm_mcxa153.a(startup_mcxa153.o)
                0x000060a4                LPTMR0_IRQHandler
 .text.Reserved72_IRQHandler
                0x000060ac        0x8 /Users/tedd/dev/mcuxpresso/FRDM_MCXA153_GPIO_and_SPI_freq_test/_r01lib_frdm_mcxa153/Debug/lib_r01lib_frdm_mcxa153.a(startup_mcxa153.o)
                0x000060ac                Reserved72_IRQHandler
 .text.OS_EVENT_IRQHandler
                0x000060b4        0x8 /Users/tedd/dev/mcuxpresso/FRDM_MCXA153_GPIO_and_SPI_freq_test/_r01lib_frdm_mcxa153/Debug/lib_r01lib_frdm_mcxa153.a(startup_mcxa153.o)
                0x000060b4                OS_EVENT_IRQHandler
 .text.WAKETIMER0_IRQHandler
                0x000060bc        0x8 /Users/tedd/dev/mcuxpresso/FRDM_MCXA153_GPIO_and_SPI_freq_test/_r01lib_frdm_mcxa153/Debug/lib_r01lib_frdm_mcxa153.a(startup_mcxa153.o)
                0x000060bc                WAKETIMER0_IRQHandler
 .text.UTICK0_IRQHandler
                0x000060c4        0x8 /Users/tedd/dev/mcuxpresso/FRDM_MCXA153_GPIO_and_SPI_freq_test/_r01lib_frdm_mcxa153/Debug/lib_r01lib_frdm_mcxa153.a(startup_mcxa153.o)
                0x000060c4                UTICK0_IRQHandler
 .text.WWDT0_IRQHandler
                0x000060cc        0x8 /Users/tedd/dev/mcuxpresso/FRDM_MCXA153_GPIO_and_SPI_freq_test/_r01lib_frdm_mcxa153/Debug/lib_r01lib_frdm_mcxa153.a(startup_mcxa153.o)
                0x000060cc                WWDT0_IRQHandler
 .text.Reserved77_IRQHandler
                0x000060d4        0x8 /Users/tedd/dev/mcuxpresso/FRDM_MCXA153_GPIO_and_SPI_freq_test/_r01lib_frdm_mcxa153/Debug/lib_r01lib_frdm_mcxa153.a(startup_mcxa153.o)
                0x000060d4                Reserved77_IRQHandler
 .text.ADC0_IRQHandler
                0x000060dc        0x8 /Users/tedd/dev/mcuxpresso/FRDM_MCXA153_GPIO_and_SPI_freq_test/_r01lib_frdm_mcxa153/Debug/lib_r01lib_frdm_mcxa153.a(startup_mcxa153.o)
                0x000060dc                ADC0_IRQHandler
 .text.Reserved79_IRQHandler
                0x000060e4        0x8 /Users/tedd/dev/mcuxpresso/FRDM_MCXA153_GPIO_and_SPI_freq_test/_r01lib_frdm_mcxa153/Debug/lib_r01lib_frdm_mcxa153.a(startup_mcxa153.o)
                0x000060e4                Reserved79_IRQHandler
 .text.CMP0_IRQHandler
                0x000060ec        0x8 /Users/tedd/dev/mcuxpresso/FRDM_MCXA153_GPIO_and_SPI_freq_test/_r01lib_frdm_mcxa153/Debug/lib_r01lib_frdm_mcxa153.a(startup_mcxa153.o)
                0x000060ec                CMP0_IRQHandler
 .text.CMP1_IRQHandler
                0x000060f4        0x8 /Users/tedd/dev/mcuxpresso/FRDM_MCXA153_GPIO_and_SPI_freq_test/_r01lib_frdm_mcxa153/Debug/lib_r01lib_frdm_mcxa153.a(startup_mcxa153.o)
                0x000060f4                CMP1_IRQHandler
 .text.Reserved82_IRQHandler
                0x000060fc        0x8 /Users/tedd/dev/mcuxpresso/FRDM_MCXA153_GPIO_and_SPI_freq_test/_r01lib_frdm_mcxa153/Debug/lib_r01lib_frdm_mcxa153.a(startup_mcxa153.o)
                0x000060fc                Reserved82_IRQHandler
 .text.Reserved83_IRQHandler
                0x00006104        0x8 /Users/tedd/dev/mcuxpresso/FRDM_MCXA153_GPIO_and_SPI_freq_test/_r01lib_frdm_mcxa153/Debug/lib_r01lib_frdm_mcxa153.a(startup_mcxa153.o)
                0x00006104                Reserved83_IRQHandler
 .text.Reserved84_IRQHandler
                0x0000610c        0x8 /Users/tedd/dev/mcuxpresso/FRDM_MCXA153_GPIO_and_SPI_freq_test/_r01lib_frdm_mcxa153/Debug/lib_r01lib_frdm_mcxa153.a(startup_mcxa153.o)
                0x0000610c                Reserved84_IRQHandler
 .text.Reserved85_IRQHandler
                0x00006114        0x8 /Users/tedd/dev/mcuxpresso/FRDM_MCXA153_GPIO_and_SPI_freq_test/_r01lib_frdm_mcxa153/Debug/lib_r01lib_frdm_mcxa153.a(startup_mcxa153.o)
                0x00006114                Reserved85_IRQHandler
 .text.Reserved86_IRQHandler
                0x0000611c        0x8 /Users/tedd/dev/mcuxpresso/FRDM_MCXA153_GPIO_and_SPI_freq_test/_r01lib_frdm_mcxa153/Debug/lib_r01lib_frdm_mcxa153.a(startup_mcxa153.o)
                0x0000611c                Reserved86_IRQHandler
 .text.GPIO_PinWrite
                0x00006124       0x34 /Users/tedd/dev/mcuxpresso/FRDM_MCXA153_GPIO_and_SPI_freq_test/_r01lib_frdm_mcxa153/Debug/lib_r01lib_frdm_mcxa153.a(io.o)
 .text.GPIO_PinRead
                0x00006158       0x22 /Users/tedd/dev/mcuxpresso/FRDM_MCXA153_GPIO_and_SPI_freq_test/_r01lib_frdm_mcxa153/Debug/lib_r01lib_frdm_mcxa153.a(io.o)
 .text._ZL21PORT_SetPinPullUpDownP9PORT_Typemii
                0x0000617a       0x5e /Users/tedd/dev/mcuxpresso/FRDM_MCXA153_GPIO_and_SPI_freq_test/_r01lib_frdm_mcxa153/Debug/lib_r01lib_frdm_mcxa153.a(io.o)
 .text._ZL20PORT_SetPinOpenDrainP9PORT_Typemi
                0x000061d8       0x3a /Users/tedd/dev/mcuxpresso/FRDM_MCXA153_GPIO_and_SPI_freq_test/_r01lib_frdm_mcxa153/Debug/lib_r01lib_frdm_mcxa153.a(io.o)
 .text._ZN12DigitalInOutD0Ev
                0x00006212       0x20 /Users/tedd/dev/mcuxpresso/FRDM_MCXA153_GPIO_and_SPI_freq_test/_r01lib_frdm_mcxa153/Debug/lib_r01lib_frdm_mcxa153.a(io.o)
                0x00006212                DigitalInOut::~DigitalInOut()
 .text._ZN12DigitalInOut4modeEi
                0x00006232       0x4e /Users/tedd/dev/mcuxpresso/FRDM_MCXA153_GPIO_and_SPI_freq_test/_r01lib_frdm_mcxa153/Debug/lib_r01lib_frdm_mcxa153.a(io.o)
                0x00006232                DigitalInOut::mode(int)
 .text._ZN12DigitalInOutaSEb
                0x00006280       0x20 /Users/tedd/dev/mcuxpresso/FRDM_MCXA153_GPIO_and_SPI_freq_test/_r01lib_frdm_mcxa153/Debug/lib_r01lib_frdm_mcxa153.a(io.o)
                0x00006280                DigitalInOut::operator=(bool)
 .text._ZN12DigitalInOutcvbEv
                0x000062a0       0x18 /Users/tedd/dev/mcuxpresso/FRDM_MCXA153_GPIO_and_SPI_freq_test/_r01lib_frdm_mcxa153/Debug/lib_r01lib_frdm_mcxa153.a(io.o)
                0x000062a0                DigitalInOut::operator bool()
 .text._ZN10DigitalOutD0Ev
                0x000062b8       0x20 /Users/tedd/dev/mcuxpresso/FRDM_MCXA153_GPIO_and_SPI_freq_test/_r01lib_frdm_mcxa153/Debug/lib_r01lib_frdm_mcxa153.a(io.o)
                0x000062b8                DigitalOut::~DigitalOut()
 .text._ZN3ObjD0Ev
                0x000062d8       0x20 /Users/tedd/dev/mcuxpresso/FRDM_MCXA153_GPIO_and_SPI_freq_test/_r01lib_frdm_mcxa153/Debug/lib_r01lib_frdm_mcxa153.a(obj.o)
                0x000062d8                Obj::~Obj()
 .text.GPIO_PinWrite
                0x000062f8       0x34 /Users/tedd/dev/mcuxpresso/FRDM_MCXA153_GPIO_and_SPI_freq_test/_r01lib_frdm_mcxa153/Debug/lib_r01lib_frdm_mcxa153.a(fsl_gpio.o)
 .text.GPIO_GpioGetInterruptFlags
                0x0000632c       0x18 /Users/tedd/dev/mcuxpresso/FRDM_MCXA153_GPIO_and_SPI_freq_test/_r01lib_frdm_mcxa153/Debug/lib_r01lib_frdm_mcxa153.a(fsl_gpio.o)
                0x0000632c                GPIO_GpioGetInterruptFlags
 .text.GPIO_GpioClearInterruptFlags
                0x00006344       0x1c /Users/tedd/dev/mcuxpresso/FRDM_MCXA153_GPIO_and_SPI_freq_test/_r01lib_frdm_mcxa153/Debug/lib_r01lib_frdm_mcxa153.a(fsl_gpio.o)
                0x00006344                GPIO_GpioClearInterruptFlags
 .text.SystemInitHook
                0x00006360        0xc /Users/tedd/dev/mcuxpresso/FRDM_MCXA153_GPIO_and_SPI_freq_test/_r01lib_frdm_mcxa153/Debug/lib_r01lib_frdm_mcxa153.a(system_MCXA153.o)
                0x00006360                SystemInitHook
 .text.fsl_assert_hook
                0x0000636c       0x18 /Users/tedd/dev/mcuxpresso/FRDM_MCXA153_GPIO_and_SPI_freq_test/_r01lib_frdm_mcxa153/Debug/lib_r01lib_frdm_mcxa153.a(fsl_assert.o)
                0x0000636c                fsl_assert_hook
 .text._Z9start_mcuv
                0x00006384       0x1e /Users/tedd/dev/mcuxpresso/FRDM_MCXA153_GPIO_and_SPI_freq_test/_r01lib_frdm_mcxa153/Debug/lib_r01lib_frdm_mcxa153.a(mcu.o)
                0x00006384                start_mcu()
 .text.CLOCK_AttachClk
                0x000063a2       0x30 /Users/tedd/dev/mcuxpresso/FRDM_MCXA153_GPIO_and_SPI_freq_test/_r01lib_frdm_mcxa153/Debug/lib_r01lib_frdm_mcxa153.a(fsl_clock.o)
                0x000063a2                CLOCK_AttachClk
 .text.RESET_PeripheralReset
                0x000063d2       0x22 /Users/tedd/dev/mcuxpresso/FRDM_MCXA153_GPIO_and_SPI_freq_test/_r01lib_frdm_mcxa153/Debug/lib_r01lib_frdm_mcxa153.a(fsl_reset.o)
                0x000063d2                RESET_PeripheralReset
 .text.UTICK_ClearStatusFlags
                0x000063f4       0x18 /Users/tedd/dev/mcuxpresso/FRDM_MCXA153_GPIO_and_SPI_freq_test/_r01lib_frdm_mcxa153/Debug/lib_r01lib_frdm_mcxa153.a(fsl_utick.o)
                0x000063f4                UTICK_ClearStatusFlags
 .text.UTICK_HandleIRQ
                0x0000640c       0x22 /Users/tedd/dev/mcuxpresso/FRDM_MCXA153_GPIO_and_SPI_freq_test/_r01lib_frdm_mcxa153/Debug/lib_r01lib_frdm_mcxa153.a(fsl_utick.o)
                0x0000640c                UTICK_HandleIRQ
 .text.DbgConsole_Init
                0x0000642e       0x1e /Users/tedd/dev/mcuxpresso/FRDM_MCXA153_GPIO_and_SPI_freq_test/_r01lib_frdm_mcxa153/Debug/lib_r01lib_frdm_mcxa153.a(board.o)
 .text.RESET_ReleasePeripheralReset
                0x0000644c       0x1a /Users/tedd/dev/mcuxpresso/FRDM_MCXA153_GPIO_and_SPI_freq_test/_r01lib_frdm_mcxa153/Debug/lib_r01lib_frdm_mcxa153.a(clock_config.o)
 .text.BOARD_InitBootClocks
                0x00006466        0xc /Users/tedd/dev/mcuxpresso/FRDM_MCXA153_GPIO_and_SPI_freq_test/_r01lib_frdm_mcxa153/Debug/lib_r01lib_frdm_mcxa153.a(clock_config.o)
                0x00006466                BOARD_InitBootClocks
 .text.RESET_ReleasePeripheralReset
                0x00006472       0x1a /Users/tedd/dev/mcuxpresso/FRDM_MCXA153_GPIO_and_SPI_freq_test/_r01lib_frdm_mcxa153/Debug/lib_r01lib_frdm_mcxa153.a(pin_mux.o)
 .text.PORT_SetPinMux
                0x0000648c       0x3c /Users/tedd/dev/mcuxpresso/FRDM_MCXA153_GPIO_and_SPI_freq_test/_r01lib_frdm_mcxa153/Debug/lib_r01lib_frdm_mcxa153.a(pin_mux.o)
 .text.SPC_GetActiveModeBandgapMode
                0x000064c8       0x20 /Users/tedd/dev/mcuxpresso/FRDM_MCXA153_GPIO_and_SPI_freq_test/_r01lib_frdm_mcxa153/Debug/lib_r01lib_frdm_mcxa153.a(fsl_spc.o)
 .text.SPC_GetActiveModeVoltageDetectStatus
                0x000064e8       0x20 /Users/tedd/dev/mcuxpresso/FRDM_MCXA153_GPIO_and_SPI_freq_test/_r01lib_frdm_mcxa153/Debug/lib_r01lib_frdm_mcxa153.a(fsl_spc.o)
 .text.SPC_GetActiveModeCoreLDOVDDVoltageLevel
                0x00006508       0x20 /Users/tedd/dev/mcuxpresso/FRDM_MCXA153_GPIO_and_SPI_freq_test/_r01lib_frdm_mcxa153/Debug/lib_r01lib_frdm_mcxa153.a(fsl_spc.o)
 .text.SPC_GetActiveModeCoreLDODriveStrength
                0x00006528       0x20 /Users/tedd/dev/mcuxpresso/FRDM_MCXA153_GPIO_and_SPI_freq_test/_r01lib_frdm_mcxa153/Debug/lib_r01lib_frdm_mcxa153.a(fsl_spc.o)
 .text.SPC_SetActiveModeCoreLDORegulatorVoltageLevel
                0x00006548       0x60 /Users/tedd/dev/mcuxpresso/FRDM_MCXA153_GPIO_and_SPI_freq_test/_r01lib_frdm_mcxa153/Debug/lib_r01lib_frdm_mcxa153.a(fsl_spc.o)
                0x00006548                SPC_SetActiveModeCoreLDORegulatorVoltageLevel
 .text.SPC_SetActiveModeCoreLDORegulatorDriveStrength
                0x000065a8       0x5e /Users/tedd/dev/mcuxpresso/FRDM_MCXA153_GPIO_and_SPI_freq_test/_r01lib_frdm_mcxa153/Debug/lib_r01lib_frdm_mcxa153.a(fsl_spc.o)
                0x000065a8                SPC_SetActiveModeCoreLDORegulatorDriveStrength
 .text.__cvt    0x00006606       0xca /Applications/MCUXpressoIDE_25.6.136/ide/plugins/com.nxp.mcuxpresso.tools.macosx_25.6.0.202501151204/tools/bin/../lib/gcc/arm-none-eabi/14.2.1/../../../../arm-none-eabi/lib/thumb/v8-m.main/nofp/libc_nano.a(libc_a-nano-vfprintf_float.o)
                0x00006606                __cvt
 .text.__exponent
                0x000066d0       0x72 /Applications/MCUXpressoIDE_25.6.136/ide/plugins/com.nxp.mcuxpresso.tools.macosx_25.6.0.202501151204/tools/bin/../lib/gcc/arm-none-eabi/14.2.1/../../../../arm-none-eabi/lib/thumb/v8-m.main/nofp/libc_nano.a(libc_a-nano-vfprintf_float.o)
                0x000066d0                __exponent
 .text._printf_common
                0x00006742       0xe4 /Applications/MCUXpressoIDE_25.6.136/ide/plugins/com.nxp.mcuxpresso.tools.macosx_25.6.0.202501151204/tools/bin/../lib/gcc/arm-none-eabi/14.2.1/../../../../arm-none-eabi/lib/thumb/v8-m.main/nofp/libc_nano.a(libc_a-nano-vfprintf_i.o)
                0x00006742                _printf_common
 .text.sulp     0x00006826       0x42 /Applications/MCUXpressoIDE_25.6.136/ide/plugins/com.nxp.mcuxpresso.tools.macosx_25.6.0.202501151204/tools/bin/../lib/gcc/arm-none-eabi/14.2.1/../../../../arm-none-eabi/lib/thumb/v8-m.main/nofp/libc_nano.a(libc_a-strtod.o)
 .text._strtol_r
                0x00006868        0x4 /Applications/MCUXpressoIDE_25.6.136/ide/plugins/com.nxp.mcuxpresso.tools.macosx_25.6.0.202501151204/tools/bin/../lib/gcc/arm-none-eabi/14.2.1/../../../../arm-none-eabi/lib/thumb/v8-m.main/nofp/libc_nano.a(libc_a-strtol.o)
                0x00006868                _strtol_r
 .text.strncmp  0x0000686c       0x24 /Applications/MCUXpressoIDE_25.6.136/ide/plugins/com.nxp.mcuxpresso.tools.macosx_25.6.0.202501151204/tools/bin/../lib/gcc/arm-none-eabi/14.2.1/../../../../arm-none-eabi/lib/thumb/v8-m.main/nofp/libc_nano.a(libc_a-strncmp.o)
                0x0000686c                strncmp
 .text.__aeabi_atexit
                0x00006890        0xa /Applications/MCUXpressoIDE_25.6.136/ide/plugins/com.nxp.mcuxpresso.tools.macosx_25.6.0.202501151204/tools/bin/../lib/gcc/arm-none-eabi/14.2.1/../../../../arm-none-eabi/lib/thumb/v8-m.main/nofp/libc_nano.a(libc_a-aeabi_atexit.o)
                0x00006890                __aeabi_atexit
 .text.memchr   0x0000689a       0x1c /Applications/MCUXpressoIDE_25.6.136/ide/plugins/com.nxp.mcuxpresso.tools.macosx_25.6.0.202501151204/tools/bin/../lib/gcc/arm-none-eabi/14.2.1/../../../../arm-none-eabi/lib/thumb/v8-m.main/nofp/libc_nano.a(libc_a-memchr-stub.o)
                0x0000689a                memchr
 .text.memcpy   0x000068b6       0x1a /Applications/MCUXpressoIDE_25.6.136/ide/plugins/com.nxp.mcuxpresso.tools.macosx_25.6.0.202501151204/tools/bin/../lib/gcc/arm-none-eabi/14.2.1/../../../../arm-none-eabi/lib/thumb/v8-m.main/nofp/libc_nano.a(libc_a-memcpy-stub.o)
                0x000068b6                memcpy
 .text          0x000068d0       0x10 /Applications/MCUXpressoIDE_25.6.136/ide/plugins/com.nxp.mcuxpresso.tools.macosx_25.6.0.202501151204/tools/bin/../lib/gcc/arm-none-eabi/14.2.1/../../../../arm-none-eabi/lib/thumb/v8-m.main/nofp/libc_nano.a(libc_a-strlen.o)
                0x000068d0                strlen
 .text.quorem   0x000068e0      0x11a /Applications/MCUXpressoIDE_25.6.136/ide/plugins/com.nxp.mcuxpresso.tools.macosx_25.6.0.202501151204/tools/bin/../lib/gcc/arm-none-eabi/14.2.1/../../../../arm-none-eabi/lib/thumb/v8-m.main/nofp/libc_nano.a(libc_a-dtoa.o)
 .text.rshift   0x000069fa       0xa2 /Applications/MCUXpressoIDE_25.6.136/ide/plugins/com.nxp.mcuxpresso.tools.macosx_25.6.0.202501151204/tools/bin/../lib/gcc/arm-none-eabi/14.2.1/../../../../arm-none-eabi/lib/thumb/v8-m.main/nofp/libc_nano.a(libc_a-gdtoa-gethex.o)
 .text.__hexdig_fun
                0x00006a9c       0x2a /Applications/MCUXpressoIDE_25.6.136/ide/plugins/com.nxp.mcuxpresso.tools.macosx_25.6.0.202501151204/tools/bin/../lib/gcc/arm-none-eabi/14.2.1/../../../../arm-none-eabi/lib/thumb/v8-m.main/nofp/libc_nano.a(libc_a-gdtoa-gethex.o)
                0x00006a9c                __hexdig_fun
 .text.L_shift  0x00006ac6       0x24 /Applications/MCUXpressoIDE_25.6.136/ide/plugins/com.nxp.mcuxpresso.tools.macosx_25.6.0.202501151204/tools/bin/../lib/gcc/arm-none-eabi/14.2.1/../../../../arm-none-eabi/lib/thumb/v8-m.main/nofp/libc_nano.a(libc_a-gdtoa-hexnan.o)
 .text.__match  0x00006aea       0x28 /Applications/MCUXpressoIDE_25.6.136/ide/plugins/com.nxp.mcuxpresso.tools.macosx_25.6.0.202501151204/tools/bin/../lib/gcc/arm-none-eabi/14.2.1/../../../../arm-none-eabi/lib/thumb/v8-m.main/nofp/libc_nano.a(libc_a-gdtoa-hexnan.o)
                0x00006aea                __match
 .text.__hexnan
                0x00006b12      0x13a /Applications/MCUXpressoIDE_25.6.136/ide/plugins/com.nxp.mcuxpresso.tools.macosx_25.6.0.202501151204/tools/bin/../lib/gcc/arm-none-eabi/14.2.1/../../../../arm-none-eabi/lib/thumb/v8-m.main/nofp/libc_nano.a(libc_a-gdtoa-hexnan.o)
                0x00006b12                __hexnan
 .text.__ssputs_r
                0x00006c4c       0xc0 /Applications/MCUXpressoIDE_25.6.136/ide/plugins/com.nxp.mcuxpresso.tools.macosx_25.6.0.202501151204/tools/bin/../lib/gcc/arm-none-eabi/14.2.1/../../../../arm-none-eabi/lib/thumb/v8-m.main/nofp/libc_nano.a(libc_a-nano-svfprintf.o)
                0x00006c4c                __ssputs_r
 .text.__sfputc_r
                0x00006d0c       0x2a /Applications/MCUXpressoIDE_25.6.136/ide/plugins/com.nxp.mcuxpresso.tools.macosx_25.6.0.202501151204/tools/bin/../lib/gcc/arm-none-eabi/14.2.1/../../../../arm-none-eabi/lib/thumb/v8-m.main/nofp/libc_nano.a(libc_a-nano-vfprintf.o)
 .text.__sfputs_r
                0x00006d36       0x24 /Applications/MCUXpressoIDE_25.6.136/ide/plugins/com.nxp.mcuxpresso.tools.macosx_25.6.0.202501151204/tools/bin/../lib/gcc/arm-none-eabi/14.2.1/../../../../arm-none-eabi/lib/thumb/v8-m.main/nofp/libc_nano.a(libc_a-nano-vfprintf.o)
                0x00006d36                __sfputs_r
 .text.__ascii_mbtowc
                0x00006d5a       0x24 /Applications/MCUXpressoIDE_25.6.136/ide/plugins/com.nxp.mcuxpresso.tools.macosx_25.6.0.202501151204/tools/bin/../lib/gcc/arm-none-eabi/14.2.1/../../../../arm-none-eabi/lib/thumb/v8-m.main/nofp/libc_nano.a(libc_a-mbtowc_r.o)
                0x00006d5a                __ascii_mbtowc
 .text.__hi0bits
                0x00006d7e       0x3e /Applications/MCUXpressoIDE_25.6.136/ide/plugins/com.nxp.mcuxpresso.tools.macosx_25.6.0.202501151204/tools/bin/../lib/gcc/arm-none-eabi/14.2.1/../../../../arm-none-eabi/lib/thumb/v8-m.main/nofp/libc_nano.a(libc_a-mprec.o)
                0x00006d7e                __hi0bits
 .text.__lo0bits
                0x00006dbc       0x5a /Applications/MCUXpressoIDE_25.6.136/ide/plugins/com.nxp.mcuxpresso.tools.macosx_25.6.0.202501151204/tools/bin/../lib/gcc/arm-none-eabi/14.2.1/../../../../arm-none-eabi/lib/thumb/v8-m.main/nofp/libc_nano.a(libc_a-mprec.o)
                0x00006dbc                __lo0bits
 .text.__mcmp   0x00006e16       0x36 /Applications/MCUXpressoIDE_25.6.136/ide/plugins/com.nxp.mcuxpresso.tools.macosx_25.6.0.202501151204/tools/bin/../lib/gcc/arm-none-eabi/14.2.1/../../../../arm-none-eabi/lib/thumb/v8-m.main/nofp/libc_nano.a(libc_a-mprec.o)
                0x00006e16                __mcmp
 .text.__ratio  0x00006e4c       0x60 /Applications/MCUXpressoIDE_25.6.136/ide/plugins/com.nxp.mcuxpresso.tools.macosx_25.6.0.202501151204/tools/bin/../lib/gcc/arm-none-eabi/14.2.1/../../../../arm-none-eabi/lib/thumb/v8-m.main/nofp/libc_nano.a(libc_a-mprec.o)
                0x00006e4c                __ratio
 .text.__copybits
                0x00006eac       0x46 /Applications/MCUXpressoIDE_25.6.136/ide/plugins/com.nxp.mcuxpresso.tools.macosx_25.6.0.202501151204/tools/bin/../lib/gcc/arm-none-eabi/14.2.1/../../../../arm-none-eabi/lib/thumb/v8-m.main/nofp/libc_nano.a(libc_a-mprec.o)
                0x00006eac                __copybits
 .text.__any_on
                0x00006ef2       0x42 /Applications/MCUXpressoIDE_25.6.136/ide/plugins/com.nxp.mcuxpresso.tools.macosx_25.6.0.202501151204/tools/bin/../lib/gcc/arm-none-eabi/14.2.1/../../../../arm-none-eabi/lib/thumb/v8-m.main/nofp/libc_nano.a(libc_a-mprec.o)
                0x00006ef2                __any_on
 .text._realloc_r
                0x00006f34       0x5c /Applications/MCUXpressoIDE_25.6.136/ide/plugins/com.nxp.mcuxpresso.tools.macosx_25.6.0.202501151204/tools/bin/../lib/gcc/arm-none-eabi/14.2.1/../../../../arm-none-eabi/lib/thumb/v8-m.main/nofp/libc_nano.a(libc_a-reallocr.o)
                0x00006f34                _realloc_r
 .text.__swbuf_r
                0x00006f90       0x7c /Applications/MCUXpressoIDE_25.6.136/ide/plugins/com.nxp.mcuxpresso.tools.macosx_25.6.0.202501151204/tools/bin/../lib/gcc/arm-none-eabi/14.2.1/../../../../arm-none-eabi/lib/thumb/v8-m.main/nofp/libc_nano.a(libc_a-wbuf.o)
                0x00006f90                __swbuf_r
 .text._fwalk_sglue
                0x0000700c       0x3c /Applications/MCUXpressoIDE_25.6.136/ide/plugins/com.nxp.mcuxpresso.tools.macosx_25.6.0.202501151204/tools/bin/../lib/gcc/arm-none-eabi/14.2.1/../../../../arm-none-eabi/lib/thumb/v8-m.main/nofp/libc_nano.a(libc_a-fwalk.o)
                0x0000700c                _fwalk_sglue
 .text.__ascii_wctomb
                0x00007048       0x1a /Applications/MCUXpressoIDE_25.6.136/ide/plugins/com.nxp.mcuxpresso.tools.macosx_25.6.0.202501151204/tools/bin/../lib/gcc/arm-none-eabi/14.2.1/../../../../arm-none-eabi/lib/thumb/v8-m.main/nofp/libc_nano.a(libc_a-wctomb_r.o)
                0x00007048                __ascii_wctomb
 .text.__swhatbuf_r
                0x00007062       0x48 /Applications/MCUXpressoIDE_25.6.136/ide/plugins/com.nxp.mcuxpresso.tools.macosx_25.6.0.202501151204/tools/bin/../lib/gcc/arm-none-eabi/14.2.1/../../../../arm-none-eabi/lib/thumb/v8-m.main/nofp/libc_nano.a(libc_a-makebuf.o)
                0x00007062                __swhatbuf_r
 .text.__smakebuf_r
                0x000070aa       0x72 /Applications/MCUXpressoIDE_25.6.136/ide/plugins/com.nxp.mcuxpresso.tools.macosx_25.6.0.202501151204/tools/bin/../lib/gcc/arm-none-eabi/14.2.1/../../../../arm-none-eabi/lib/thumb/v8-m.main/nofp/libc_nano.a(libc_a-makebuf.o)
                0x000070aa                __smakebuf_r
 .text.memmove  0x0000711c       0x32 /Applications/MCUXpressoIDE_25.6.136/ide/plugins/com.nxp.mcuxpresso.tools.macosx_25.6.0.202501151204/tools/bin/../lib/gcc/arm-none-eabi/14.2.1/../../../../arm-none-eabi/lib/thumb/v8-m.main/nofp/libc_nano.a(libc_a-memmove.o)
                0x0000711c                memmove
 .text.memset   0x0000714e       0x10 /Applications/MCUXpressoIDE_25.6.136/ide/plugins/com.nxp.mcuxpresso.tools.macosx_25.6.0.202501151204/tools/bin/../lib/gcc/arm-none-eabi/14.2.1/../../../../arm-none-eabi/lib/thumb/v8-m.main/nofp/libc_nano.a(libc_a-memset.o)
                0x0000714e                memset
 .text.__retarget_lock_init_recursive
                0x0000715e        0x2 /Applications/MCUXpressoIDE_25.6.136/ide/plugins/com.nxp.mcuxpresso.tools.macosx_25.6.0.202501151204/tools/bin/../lib/gcc/arm-none-eabi/14.2.1/../../../../arm-none-eabi/lib/thumb/v8-m.main/nofp/libc_nano.a(libc_a-lock.o)
                0x0000715e                __retarget_lock_init_recursive
 .text.__retarget_lock_acquire_recursive
                0x00007160        0x2 /Applications/MCUXpressoIDE_25.6.136/ide/plugins/com.nxp.mcuxpresso.tools.macosx_25.6.0.202501151204/tools/bin/../lib/gcc/arm-none-eabi/14.2.1/../../../../arm-none-eabi/lib/thumb/v8-m.main/nofp/libc_nano.a(libc_a-lock.o)
                0x00007160                __retarget_lock_acquire_recursive
 .text.__retarget_lock_release_recursive
                0x00007162        0x2 /Applications/MCUXpressoIDE_25.6.136/ide/plugins/com.nxp.mcuxpresso.tools.macosx_25.6.0.202501151204/tools/bin/../lib/gcc/arm-none-eabi/14.2.1/../../../../arm-none-eabi/lib/thumb/v8-m.main/nofp/libc_nano.a(libc_a-lock.o)
                0x00007162                __retarget_lock_release_recursive
 .text._calloc_r
                0x00007164       0x28 /Applications/MCUXpressoIDE_25.6.136/ide/plugins/com.nxp.mcuxpresso.tools.macosx_25.6.0.202501151204/tools/bin/../lib/gcc/arm-none-eabi/14.2.1/../../../../arm-none-eabi/lib/thumb/v8-m.main/nofp/libc_nano.a(libc_a-callocr.o)
                0x00007164                _calloc_r
 .text._fflush_r
                0x0000718c       0x50 /Applications/MCUXpressoIDE_25.6.136/ide/plugins/com.nxp.mcuxpresso.tools.macosx_25.6.0.202501151204/tools/bin/../lib/gcc/arm-none-eabi/14.2.1/../../../../arm-none-eabi/lib/thumb/v8-m.main/nofp/libc_nano.a(libc_a-fflush.o)
                0x0000718c                _fflush_r
 .text._malloc_usable_size_r
                0x000071dc       0x10 /Applications/MCUXpressoIDE_25.6.136/ide/plugins/com.nxp.mcuxpresso.tools.macosx_25.6.0.202501151204/tools/bin/../lib/gcc/arm-none-eabi/14.2.1/../../../../arm-none-eabi/lib/thumb/v8-m.main/nofp/libc_nano.a(libc_a-msizer.o)
                0x000071dc                _malloc_usable_size_r
 .text.__sread  0x000071ec       0x22 /Applications/MCUXpressoIDE_25.6.136/ide/plugins/com.nxp.mcuxpresso.tools.macosx_25.6.0.202501151204/tools/bin/../lib/gcc/arm-none-eabi/14.2.1/../../../../arm-none-eabi/lib/thumb/v8-m.main/nofp/libc_nano.a(libc_a-stdio.o)
                0x000071ec                __sread
 .text.__swrite
                0x0000720e       0x38 /Applications/MCUXpressoIDE_25.6.136/ide/plugins/com.nxp.mcuxpresso.tools.macosx_25.6.0.202501151204/tools/bin/../lib/gcc/arm-none-eabi/14.2.1/../../../../arm-none-eabi/lib/thumb/v8-m.main/nofp/libc_nano.a(libc_a-stdio.o)
                0x0000720e                __swrite
 .text.__sseek  0x00007246       0x26 /Applications/MCUXpressoIDE_25.6.136/ide/plugins/com.nxp.mcuxpresso.tools.macosx_25.6.0.202501151204/tools/bin/../lib/gcc/arm-none-eabi/14.2.1/../../../../arm-none-eabi/lib/thumb/v8-m.main/nofp/libc_nano.a(libc_a-stdio.o)
                0x00007246                __sseek
 .text.__sclose
                0x0000726c        0x8 /Applications/MCUXpressoIDE_25.6.136/ide/plugins/com.nxp.mcuxpresso.tools.macosx_25.6.0.202501151204/tools/bin/../lib/gcc/arm-none-eabi/14.2.1/../../../../arm-none-eabi/lib/thumb/v8-m.main/nofp/libc_nano.a(libc_a-stdio.o)
                0x0000726c                __sclose
 .text._ZdlPvj  0x00007274        0x4 /Applications/MCUXpressoIDE_25.6.136/ide/plugins/com.nxp.mcuxpresso.tools.macosx_25.6.0.202501151204/tools/bin/../lib/gcc/arm-none-eabi/14.2.1/../../../../arm-none-eabi/lib/thumb/v8-m.main/nofp/libstdc++_nano.a(del_ops.o)
                0x00007274                operator delete(void*, unsigned int)
 .text._ZdlPv   0x00007278        0x4 /Applications/MCUXpressoIDE_25.6.136/ide/plugins/com.nxp.mcuxpresso.tools.macosx_25.6.0.202501151204/tools/bin/../lib/gcc/arm-none-eabi/14.2.1/../../../../arm-none-eabi/lib/thumb/v8-m.main/nofp/libstdc++_nano.a(del_op.o)
                0x00007278                operator delete(void*)
 .text.error    0x0000727c       0x1c /Applications/MCUXpressoIDE_25.6.136/ide/plugins/com.nxp.mcuxpresso.tools.macosx_25.6.0.202501151204/tools/bin/../lib/gcc/arm-none-eabi/14.2.1/../../../../arm-none-eabi/lib/thumb/v8-m.main/nofp/libcr_newlib_semihost.a(syscalls.o)
 .text.checkerror
                0x00007298        0xa /Applications/MCUXpressoIDE_25.6.136/ide/plugins/com.nxp.mcuxpresso.tools.macosx_25.6.0.202501151204/tools/bin/../lib/gcc/arm-none-eabi/14.2.1/../../../../arm-none-eabi/lib/thumb/v8-m.main/nofp/libcr_newlib_semihost.a(syscalls.o)
 .text._swiread
                0x000072a2       0x20 /Applications/MCUXpressoIDE_25.6.136/ide/plugins/com.nxp.mcuxpresso.tools.macosx_25.6.0.202501151204/tools/bin/../lib/gcc/arm-none-eabi/14.2.1/../../../../arm-none-eabi/lib/thumb/v8-m.main/nofp/libcr_newlib_semihost.a(syscalls.o)
                0x000072a2                _swiread
 .text._read    0x000072c2       0x34 /Applications/MCUXpressoIDE_25.6.136/ide/plugins/com.nxp.mcuxpresso.tools.macosx_25.6.0.202501151204/tools/bin/../lib/gcc/arm-none-eabi/14.2.1/../../../../arm-none-eabi/lib/thumb/v8-m.main/nofp/libcr_newlib_semihost.a(syscalls.o)
                0x000072c2                _read
 .text._swilseek
                0x000072f6       0x78 /Applications/MCUXpressoIDE_25.6.136/ide/plugins/com.nxp.mcuxpresso.tools.macosx_25.6.0.202501151204/tools/bin/../lib/gcc/arm-none-eabi/14.2.1/../../../../arm-none-eabi/lib/thumb/v8-m.main/nofp/libcr_newlib_semihost.a(syscalls.o)
                0x000072f6                _swilseek
 .text._lseek   0x0000736e        0x4 /Applications/MCUXpressoIDE_25.6.136/ide/plugins/com.nxp.mcuxpresso.tools.macosx_25.6.0.202501151204/tools/bin/../lib/gcc/arm-none-eabi/14.2.1/../../../../arm-none-eabi/lib/thumb/v8-m.main/nofp/libcr_newlib_semihost.a(syscalls.o)
                0x0000736e                _lseek
 .text._swiwrite
                0x00007372       0x20 /Applications/MCUXpressoIDE_25.6.136/ide/plugins/com.nxp.mcuxpresso.tools.macosx_25.6.0.202501151204/tools/bin/../lib/gcc/arm-none-eabi/14.2.1/../../../../arm-none-eabi/lib/thumb/v8-m.main/nofp/libcr_newlib_semihost.a(syscalls.o)
                0x00007372                _swiwrite
 .text._write   0x00007392       0x40 /Applications/MCUXpressoIDE_25.6.136/ide/plugins/com.nxp.mcuxpresso.tools.macosx_25.6.0.202501151204/tools/bin/../lib/gcc/arm-none-eabi/14.2.1/../../../../arm-none-eabi/lib/thumb/v8-m.main/nofp/libcr_newlib_semihost.a(syscalls.o)
                0x00007392                _write
 .text._swiclose
                0x000073d2       0x1a /Applications/MCUXpressoIDE_25.6.136/ide/plugins/com.nxp.mcuxpresso.tools.macosx_25.6.0.202501151204/tools/bin/../lib/gcc/arm-none-eabi/14.2.1/../../../../arm-none-eabi/lib/thumb/v8-m.main/nofp/libcr_newlib_semihost.a(syscalls.o)
                0x000073d2                _swiclose
 .text._swistat
                0x000073ec       0x42 /Applications/MCUXpressoIDE_25.6.136/ide/plugins/com.nxp.mcuxpresso.tools.macosx_25.6.0.202501151204/tools/bin/../lib/gcc/arm-none-eabi/14.2.1/../../../../arm-none-eabi/lib/thumb/v8-m.main/nofp/libcr_newlib_semihost.a(syscalls.o)
                0x000073ec                _swistat
 .text._fstat   0x0000742e       0x1c /Applications/MCUXpressoIDE_25.6.136/ide/plugins/com.nxp.mcuxpresso.tools.macosx_25.6.0.202501151204/tools/bin/../lib/gcc/arm-none-eabi/14.2.1/../../../../arm-none-eabi/lib/thumb/v8-m.main/nofp/libcr_newlib_semihost.a(syscalls.o)
                0x0000742e                _fstat
 .text._isatty  0x0000744a       0x2a /Applications/MCUXpressoIDE_25.6.136/ide/plugins/com.nxp.mcuxpresso.tools.macosx_25.6.0.202501151204/tools/bin/../lib/gcc/arm-none-eabi/14.2.1/../../../../arm-none-eabi/lib/thumb/v8-m.main/nofp/libcr_newlib_semihost.a(syscalls.o)
                0x0000744a                _isatty
 *(SORT_BY_ALIGNMENT(.rodata) SORT_BY_ALIGNMENT(.rodata.*) SORT_BY_ALIGNMENT(.constdata) SORT_BY_ALIGNMENT(.constdata.*))
 *fill*         0x00007474        0x4 ff
 .rodata.tinytens
                0x00007478       0x28 /Applications/MCUXpressoIDE_25.6.136/ide/plugins/com.nxp.mcuxpresso.tools.macosx_25.6.0.202501151204/tools/bin/../lib/gcc/arm-none-eabi/14.2.1/../../../../arm-none-eabi/lib/thumb/v8-m.main/nofp/libc_nano.a(libc_a-strtod.o)
 .rodata.__mprec_bigtens
                0x000074a0       0x28 /Applications/MCUXpressoIDE_25.6.136/ide/plugins/com.nxp.mcuxpresso.tools.macosx_25.6.0.202501151204/tools/bin/../lib/gcc/arm-none-eabi/14.2.1/../../../../arm-none-eabi/lib/thumb/v8-m.main/nofp/libc_nano.a(libc_a-mprec.o)
                0x000074a0                __mprec_bigtens
 .rodata.__mprec_tens
                0x000074c8       0xc8 /Applications/MCUXpressoIDE_25.6.136/ide/plugins/com.nxp.mcuxpresso.tools.macosx_25.6.0.202501151204/tools/bin/../lib/gcc/arm-none-eabi/14.2.1/../../../../arm-none-eabi/lib/thumb/v8-m.main/nofp/libc_nano.a(libc_a-mprec.o)
                0x000074c8                __mprec_tens
 .rodata.main.str1.4
                0x00007590      0x283 ./source/main.o
                                 0xc4 (size before relaxing)
 *fill*         0x00007813        0x1 ff
 .rodata._ZTV10DigitalOut
                0x00007814       0x10 /Users/tedd/dev/mcuxpresso/FRDM_MCXA153_GPIO_and_SPI_freq_test/_r01lib_frdm_mcxa153/Debug/lib_r01lib_frdm_mcxa153.a(io.o)
                0x00007814                vtable for DigitalOut
 .rodata._ZTV12DigitalInOut
                0x00007824       0x10 /Users/tedd/dev/mcuxpresso/FRDM_MCXA153_GPIO_and_SPI_freq_test/_r01lib_frdm_mcxa153/Debug/lib_r01lib_frdm_mcxa153.a(io.o)
                0x00007824                vtable for DigitalInOut
 .rodata._ZTV3Obj
                0x00007834       0x10 /Users/tedd/dev/mcuxpresso/FRDM_MCXA153_GPIO_and_SPI_freq_test/_r01lib_frdm_mcxa153/Debug/lib_r01lib_frdm_mcxa153.a(obj.o)
                0x00007834                vtable for Obj
 .rodata.GPIO_PinInit.str1.4
                0x00007844       0x1b /Users/tedd/dev/mcuxpresso/FRDM_MCXA153_GPIO_and_SPI_freq_test/_r01lib_frdm_mcxa153/Debug/lib_r01lib_frdm_mcxa153.a(fsl_gpio.o)
 .rodata.__func__.0
                0x00007844        0xd /Users/tedd/dev/mcuxpresso/FRDM_MCXA153_GPIO_and_SPI_freq_test/_r01lib_frdm_mcxa153/Debug/lib_r01lib_frdm_mcxa153.a(fsl_gpio.o)
 .rodata.__assert_func.str1.4
                0x00007851       0x3e /Users/tedd/dev/mcuxpresso/FRDM_MCXA153_GPIO_and_SPI_freq_test/_r01lib_frdm_mcxa153/Debug/lib_r01lib_frdm_mcxa153.a(fsl_assert.o)
 .rodata.CLOCK_SetClockSelect.str1.4
                0x00007851       0x28 /Users/tedd/dev/mcuxpresso/FRDM_MCXA153_GPIO_and_SPI_freq_test/_r01lib_frdm_mcxa153/Debug/lib_r01lib_frdm_mcxa153.a(fsl_clock.o)
 .rodata.CLOCK_SetClockDiv.str1.4
                0x00007851       0x1a /Users/tedd/dev/mcuxpresso/FRDM_MCXA153_GPIO_and_SPI_freq_test/_r01lib_frdm_mcxa153/Debug/lib_r01lib_frdm_mcxa153.a(fsl_clock.o)
 *fill*         0x00007851        0x3 ff
 .rodata.__func__.4
                0x00007854       0x15 /Users/tedd/dev/mcuxpresso/FRDM_MCXA153_GPIO_and_SPI_freq_test/_r01lib_frdm_mcxa153/Debug/lib_r01lib_frdm_mcxa153.a(fsl_clock.o)
 *fill*         0x00007869        0x3 ff
 .rodata.__func__.2
                0x0000786c       0x12 /Users/tedd/dev/mcuxpresso/FRDM_MCXA153_GPIO_and_SPI_freq_test/_r01lib_frdm_mcxa153/Debug/lib_r01lib_frdm_mcxa153.a(fsl_clock.o)
 .rodata.RESET_SetPeripheralReset.str1.4
                0x0000787e       0x2a /Users/tedd/dev/mcuxpresso/FRDM_MCXA153_GPIO_and_SPI_freq_test/_r01lib_frdm_mcxa153/Debug/lib_r01lib_frdm_mcxa153.a(fsl_reset.o)
 *fill*         0x0000787e        0x2 ff
 .rodata.__func__.1